Archive member included to satisfy reference by file (symbol)

../cpu_hyper_bsp//newlib/nios2-elf/lib/libc.a(libc_a-puts.o)
                              obj/default/hello_world.o (puts)
../cpu_hyper_bsp//newlib/nios2-elf/lib/libc.a(libc_a-strlen.o)
                              ../cpu_hyper_bsp//newlib/nios2-elf/lib/libc.a(libc_a-puts.o) (strlen)
../cpu_hyper_bsp//newlib/nios2-elf/lib/libc.a(libc_a-impure.o)
                              ../cpu_hyper_bsp//newlib/nios2-elf/lib/libc.a(libc_a-puts.o) (_impure_ptr)
../cpu_hyper_bsp//newlib/nios2-elf/lib/libc.a(libc_a-findfp.o)
                              ../cpu_hyper_bsp//newlib/nios2-elf/lib/libc.a(libc_a-impure.o) (__sf)
../cpu_hyper_bsp//newlib/nios2-elf/lib/libc.a(libc_a-fvwrite.o)
                              ../cpu_hyper_bsp//newlib/nios2-elf/lib/libc.a(libc_a-puts.o) (__sfvwrite_r)
../cpu_hyper_bsp//newlib/nios2-elf/lib/libc.a(libc_a-fwalk.o)
                              ../cpu_hyper_bsp//newlib/nios2-elf/lib/libc.a(libc_a-findfp.o) (_fwalk_sglue)
../cpu_hyper_bsp//newlib/nios2-elf/lib/libc.a(libc_a-stdio.o)
                              ../cpu_hyper_bsp//newlib/nios2-elf/lib/libc.a(libc_a-findfp.o) (__sread)
../cpu_hyper_bsp//newlib/nios2-elf/lib/libc.a(libc_a-wsetup.o)
                              ../cpu_hyper_bsp//newlib/nios2-elf/lib/libc.a(libc_a-fvwrite.o) (__swsetup_r)
../cpu_hyper_bsp//newlib/nios2-elf/lib/libc.a(libc_a-memchr.o)
                              ../cpu_hyper_bsp//newlib/nios2-elf/lib/libc.a(libc_a-fvwrite.o) (memchr)
../cpu_hyper_bsp//newlib/nios2-elf/lib/libc.a(libc_a-memcpy.o)
                              ../cpu_hyper_bsp//newlib/nios2-elf/lib/libc.a(libc_a-fvwrite.o) (memcpy)
../cpu_hyper_bsp//newlib/nios2-elf/lib/libc.a(libc_a-memmove.o)
                              ../cpu_hyper_bsp//newlib/nios2-elf/lib/libc.a(libc_a-fvwrite.o) (memmove)
../cpu_hyper_bsp//newlib/nios2-elf/lib/libc.a(libc_a-memset.o)
                              ../cpu_hyper_bsp//newlib/nios2-elf/lib/libc.a(libc_a-findfp.o) (memset)
../cpu_hyper_bsp//newlib/nios2-elf/lib/libc.a(libc_a-closer.o)
                              ../cpu_hyper_bsp//newlib/nios2-elf/lib/libc.a(libc_a-stdio.o) (_close_r)
../cpu_hyper_bsp//newlib/nios2-elf/lib/libc.a(libc_a-reent.o)
                              ../cpu_hyper_bsp//newlib/nios2-elf/lib/libc.a(libc_a-closer.o) (errno)
../cpu_hyper_bsp//newlib/nios2-elf/lib/libc.a(libc_a-lseekr.o)
                              ../cpu_hyper_bsp//newlib/nios2-elf/lib/libc.a(libc_a-stdio.o) (_lseek_r)
../cpu_hyper_bsp//newlib/nios2-elf/lib/libc.a(libc_a-readr.o)
                              ../cpu_hyper_bsp//newlib/nios2-elf/lib/libc.a(libc_a-stdio.o) (_read_r)
../cpu_hyper_bsp//newlib/nios2-elf/lib/libc.a(libc_a-writer.o)
                              ../cpu_hyper_bsp//newlib/nios2-elf/lib/libc.a(libc_a-stdio.o) (_write_r)
../cpu_hyper_bsp//newlib/nios2-elf/lib/libc.a(libc_a-exit.o)
                              ../cpu_hyper_bsp//newlib/nios2-elf/lib/libc.a(libc_a-findfp.o) (__stdio_exit_handler)
../cpu_hyper_bsp//newlib/nios2-elf/lib/libc.a(libc_a-freer.o)
                              ../cpu_hyper_bsp//newlib/nios2-elf/lib/libc.a(libc_a-fvwrite.o) (_free_r)
../cpu_hyper_bsp//newlib/nios2-elf/lib/libc.a(libc_a-mallocr.o)
                              ../cpu_hyper_bsp//newlib/nios2-elf/lib/libc.a(libc_a-freer.o) (__malloc_av_)
../cpu_hyper_bsp//newlib/nios2-elf/lib/libc.a(libc_a-reallocr.o)
                              ../cpu_hyper_bsp//newlib/nios2-elf/lib/libc.a(libc_a-fvwrite.o) (_realloc_r)
../cpu_hyper_bsp//newlib/nios2-elf/lib/libc.a(libc_a-fclose.o)
                              ../cpu_hyper_bsp//newlib/nios2-elf/lib/libc.a(libc_a-findfp.o) (_fclose_r)
../cpu_hyper_bsp//newlib/nios2-elf/lib/libc.a(libc_a-fflush.o)
                              ../cpu_hyper_bsp//newlib/nios2-elf/lib/libc.a(libc_a-fclose.o) (__sflush_r)
../cpu_hyper_bsp//newlib/nios2-elf/lib/libc.a(libc_a-makebuf.o)
                              ../cpu_hyper_bsp//newlib/nios2-elf/lib/libc.a(libc_a-wsetup.o) (__smakebuf_r)
../cpu_hyper_bsp//newlib/nios2-elf/lib/libc.a(libc_a-fstatr.o)
                              ../cpu_hyper_bsp//newlib/nios2-elf/lib/libc.a(libc_a-makebuf.o) (_fstat_r)
../cpu_hyper_bsp//newlib/nios2-elf/lib/libc.a(libc_a-isattyr.o)
                              ../cpu_hyper_bsp//newlib/nios2-elf/lib/libc.a(libc_a-makebuf.o) (_isatty_r)
../cpu_hyper_bsp//newlib/nios2-elf/lib/libc.a(libc_a-sbrkr.o)
                              ../cpu_hyper_bsp//newlib/nios2-elf/lib/libc.a(libc_a-freer.o) (_sbrk_r)
../cpu_hyper_bsp//newlib/nios2-elf/lib/libc.a(libc_a-__call_atexit.o)
                              ../cpu_hyper_bsp//newlib/nios2-elf/lib/libc.a(libc_a-exit.o) (__call_exitprocs)
/home/teo/intelFPGA_lite/23.1std/nios2eds/bin/gnu/H-x86_64-pc-linux-gnu/bin/../lib/gcc/nios2-elf/12.3.1/libgcc.a(lib2-divmod.o)
                              ../cpu_hyper_bsp//newlib/nios2-elf/lib/libc.a(libc_a-fvwrite.o) (__divsi3)
[...]
Memory Configuration

Name             Origin             Length             Attributes
reset            0x00200000         0x00000020
RAM              0x00200020         0x00031fe0
*default*        0x00000000         0xffffffff

Linker script and memory map

LOAD ../cpu_hyper_bsp//obj/HAL/src/crt0.o
LOAD obj/default/hello_world.o
LOAD /home/teo/intelFPGA_lite/23.1std/nios2eds/bin/gnu/H-x86_64-pc-linux-gnu/bin/../lib/gcc/nios2-elf/12.3.1/../../../../../H-x86_64-pc-linux-gnu/nios2-elf/lib/libstdc++.a
LOAD ../cpu_hyper_bsp//newlib/nios2-elf/lib/libm.a
LOAD /home/teo/intelFPGA_lite/23.1std/nios2eds/bin/gnu/H-x86_64-pc-linux-gnu/bin/../lib/gcc/nios2-elf/12.3.1/libgcc.a
START GROUP
LOAD ../cpu_hyper_bsp//newlib/nios2-elf/lib/libc.a
LOAD /home/teo/intelFPGA_lite/23.1std/nios2eds/bin/gnu/H-x86_64-pc-linux-gnu/bin/../lib/gcc/nios2-elf/12.3.1/libgcc.a
LOAD ../cpu_hyper_bsp//libhal_bsp.a
LOAD ../cpu_hyper_bsp//newlib/nios2-elf/lib/libm.a
END GROUP
LOAD /home/teo/intelFPGA_lite/23.1std/nios2eds/bin/gnu/H-x86_64-pc-linux-gnu/bin/../lib/gcc/nios2-elf/12.3.1/libgcc.a
                0x00200000                        __alt_mem_RAM = 0x200000

.entry          0x00200000       0x20
 *(.entry)
 .entry         0x00200000       0x20 ../cpu_hyper_bsp//obj/HAL/src/crt0.o
                0x00200000                __reset

.exceptions     0x00200020      0x218
                0x00200020                        PROVIDE (__ram_exceptions_start = ABSOLUTE (.))
                0x00200020                        . = ALIGN (0x20)
 *(.irq)
 *(.exceptions.entry.label)
 .exceptions.entry.label
                0x00200020        0x0 ../cpu_hyper_bsp//libhal_bsp.a(alt_irq_entry.o)
                0x00200020                alt_irq_entry
 .exceptions.entry.label
                0x00200020        0x0 ../cpu_hyper_bsp//libhal_bsp.a(alt_exception_entry.o)
                0x00200020                alt_exception
 *(.exceptions.entry.user)
 *(.exceptions.entry.ecc_fatal)
 *(.exceptions.entry)
 .exceptions.entry
                0x00200020       0x54 ../cpu_hyper_bsp//libhal_bsp.a(alt_exception_entry.o)
 *(.exceptions.irqtest.user)
 *(.exceptions.irqtest)
 .exceptions.irqtest
                0x00200074       0x10 ../cpu_hyper_bsp//libhal_bsp.a(alt_irq_entry.o)
 *(.exceptions.irqhandler.user)
 *(.exceptions.irqhandler)
 .exceptions.irqhandler
                0x00200084        0x4 ../cpu_hyper_bsp//libhal_bsp.a(alt_irq_entry.o)
 *(.exceptions.irqreturn.user)
 *(.exceptions.irqreturn)
 .exceptions.irqreturn
                0x00200088        0x4 ../cpu_hyper_bsp//libhal_bsp.a(alt_irq_entry.o)
 *(.exceptions.notirq.label)
 .exceptions.notirq.label
                0x0020008c        0x0 ../cpu_hyper_bsp//libhal_bsp.a(alt_irq_entry.o)
 *(.exceptions.notirq.user)
 *(.exceptions.notirq)
 .exceptions.notirq
                0x0020008c        0x8 ../cpu_hyper_bsp//libhal_bsp.a(alt_exception_entry.o)
 *(.exceptions.soft.user)
 *(.exceptions.soft)
 *(.exceptions.unknown.user)
 *(.exceptions.unknown)
 .exceptions.unknown
                0x00200094       0x14 ../cpu_hyper_bsp//libhal_bsp.a(alt_exception_entry.o)
 *(.exceptions.exit.label)
 .exceptions.exit.label
                0x002000a8        0x0 ../cpu_hyper_bsp//libhal_bsp.a(alt_irq_entry.o)
 .exceptions.exit.label
                0x002000a8        0x0 ../cpu_hyper_bsp//libhal_bsp.a(alt_exception_entry.o)
 *(.exceptions.exit.user)
 *(.exceptions.exit)
 .exceptions.exit
                0x002000a8       0x54 ../cpu_hyper_bsp//libhal_bsp.a(alt_exception_entry.o)
 *(.exceptions)
 .exceptions    0x002000fc       0xc8 ../cpu_hyper_bsp//libhal_bsp.a(alt_irq_handler.o)
                0x002000fc                alt_irq_handler
 .exceptions    0x002001c4       0x74 ../cpu_hyper_bsp//libhal_bsp.a(alt_instruction_exception_entry.o)
                0x002001c4                alt_instruction_exception_entry
                0x00200238                        PROVIDE (__ram_exceptions_end = ABSOLUTE (.))
                0x00200020                        PROVIDE (__flash_exceptions_start = LOADADDR (.exceptions))

.text           0x00200238     0x7b9c
                [!provide]                        PROVIDE (stext = ABSOLUTE (.))
 *(.interp)
 *(.hash)
 *(.dynsym)
 *(.dynstr)
 *(.gnu.version)
 *(.gnu.version_d)
 *(.gnu.version_r)
 *(.rel.init)
 *(.rela.init)
 *(.rel.text .rel.text.* .rel.gnu.linkonce.t.*)
 *(.rela.text .rela.text.* .rela.gnu.linkonce.t.*)
 *(.rel.fini)
 *(.rela.fini)
 *(.rel.rodata .rel.rodata.* .rel.gnu.linkonce.r.*)
 *(.rela.rodata .rela.rodata.* .rela.gnu.linkonce.r.*)
 *(.rel.data .rel.data.* .rel.gnu.linkonce.d.*)
 *(.rela.data .rela.data.* .rela.gnu.linkonce.d.*)
 *(.rel.tdata .rel.tdata.* .rel.gnu.linkonce.td.*)
 *(.rela.tdata .rela.tdata.* .rela.gnu.linkonce.td.*)
 *(.rel.tbss .rel.tbss.* .rel.gnu.linkonce.tb.*)
 *(.rela.tbss .rela.tbss.* .rela.gnu.linkonce.tb.*)
 *(.rel.ctors)
 *(.rela.ctors)
 *(.rel.dtors)
 *(.rela.dtors)
 *(.rel.got)
 *(.rela.got)
 *(.rel.sdata .rel.sdata.* .rel.gnu.linkonce.s.*)
 *(.rela.sdata .rela.sdata.* .rela.gnu.linkonce.s.*)
 *(.rel.sbss .rel.sbss.* .rel.gnu.linkonce.sb.*)
 *(.rela.sbss .rela.sbss.* .rela.gnu.linkonce.sb.*)
 *(.rel.sdata2 .rel.sdata2.* .rel.gnu.linkonce.s2.*)
 *(.rela.sdata2 .rela.sdata2.* .rela.gnu.linkonce.s2.*)
 *(.rel.sbss2 .rel.sbss2.* .rel.gnu.linkonce.sb2.*)
 *(.rela.sbss2 .rela.sbss2.* .rela.gnu.linkonce.sb2.*)
 *(.rel.bss .rel.bss.* .rel.gnu.linkonce.b.*)
 *(.rela.bss .rela.bss.* .rela.gnu.linkonce.b.*)
 *(.rel.plt)
 *(.rela.plt)
 *(.rel.dyn)
 *(.init)
 *(.plt)
 *(.text .stub .text.* .gnu.linkonce.t.*)
 .text          0x00200238       0x4c ../cpu_hyper_bsp//obj/HAL/src/crt0.o
                0x00200238                _start
 .text          0x00200284       0x34 obj/default/hello_world.o
                0x00200284                main
 .text          0x002002b8        0x0 ../cpu_hyper_bsp//newlib/nios2-elf/lib/libc.a(libc_a-puts.o)
 .text._puts_r  0x002002b8      0x118 ../cpu_hyper_bsp//newlib/nios2-elf/lib/libc.a(libc_a-puts.o)
                0x002002b8                _puts_r
 .text.puts     0x002003d0       0x38 ../cpu_hyper_bsp//newlib/nios2-elf/lib/libc.a(libc_a-puts.o)
                0x002003d0                puts
 .text          0x00200408        0x0 ../cpu_hyper_bsp//newlib/nios2-elf/lib/libc.a(libc_a-strlen.o)
 .text.strlen   0x00200408       0xf4 ../cpu_hyper_bsp//newlib/nios2-elf/lib/libc.a(libc_a-strlen.o)
                0x00200408                strlen
 .text          0x002004fc        0x0 ../cpu_hyper_bsp//newlib/nios2-elf/lib/libc.a(libc_a-impure.o)
 .text          0x002004fc        0x0 ../cpu_hyper_bsp//newlib/nios2-elf/lib/libc.a(libc_a-findfp.o)
 .text.std      0x002004fc       0xf0 ../cpu_hyper_bsp//newlib/nios2-elf/lib/libc.a(libc_a-findfp.o)
 .text.stdin_init
                0x002005ec       0x3c ../cpu_hyper_bsp//newlib/nios2-elf/lib/libc.a(libc_a-findfp.o)
 .text.stdout_init
                0x00200628       0x3c ../cpu_hyper_bsp//newlib/nios2-elf/lib/libc.a(libc_a-findfp.o)
 .text.stderr_init
                0x00200664       0x3c ../cpu_hyper_bsp//newlib/nios2-elf/lib/libc.a(libc_a-findfp.o)
 .text.sfmoreglue
                0x002006a0       0xa4 ../cpu_hyper_bsp//newlib/nios2-elf/lib/libc.a(libc_a-findfp.o)
 .text.stdio_exit_handler
                0x00200744       0x44 ../cpu_hyper_bsp//newlib/nios2-elf/lib/libc.a(libc_a-findfp.o)
 .text.global_stdio_init
                0x00200788       0x60 ../cpu_hyper_bsp//newlib/nios2-elf/lib/libc.a(libc_a-findfp.o)
 .text.__sfp    0x002007e8      0x180 ../cpu_hyper_bsp//newlib/nios2-elf/lib/libc.a(libc_a-findfp.o)
                0x002007e8                __sfp
 .text.cleanup_stdio
                0x00200968       0xa4 ../cpu_hyper_bsp//newlib/nios2-elf/lib/libc.a(libc_a-findfp.o)
 .text.__sinit  0x00200a0c       0x58 ../cpu_hyper_bsp//newlib/nios2-elf/lib/libc.a(libc_a-findfp.o)
                0x00200a0c                __sinit
 .text.__sfp_lock_acquire
                0x00200a64       0x20 ../cpu_hyper_bsp//newlib/nios2-elf/lib/libc.a(libc_a-findfp.o)
                0x00200a64                __sfp_lock_acquire
 .text.__sfp_lock_release
                0x00200a84       0x20 ../cpu_hyper_bsp//newlib/nios2-elf/lib/libc.a(libc_a-findfp.o)
                0x00200a84                __sfp_lock_release
 .text.__fp_lock
                0x00200aa4       0x28 ../cpu_hyper_bsp//newlib/nios2-elf/lib/libc.a(libc_a-findfp.o)
 .text.__fp_unlock
                0x00200acc       0x28 ../cpu_hyper_bsp//newlib/nios2-elf/lib/libc.a(libc_a-findfp.o)
 .text.__fp_lock_all
                0x00200af4       0x44 ../cpu_hyper_bsp//newlib/nios2-elf/lib/libc.a(libc_a-findfp.o)
                0x00200af4                __fp_lock_all
 .text.__fp_unlock_all
                0x00200b38       0x44 ../cpu_hyper_bsp//newlib/nios2-elf/lib/libc.a(libc_a-findfp.o)
                0x00200b38                __fp_unlock_all
 .text          0x00200b7c        0x0 ../cpu_hyper_bsp//newlib/nios2-elf/lib/libc.a(libc_a-fvwrite.o)
 .text.__sfvwrite_r
                0x00200b7c      0x5d4 ../cpu_hyper_bsp//newlib/nios2-elf/lib/libc.a(libc_a-fvwrite.o)
                0x00200b7c                __sfvwrite_r
 .text          0x00201150        0x0 ../cpu_hyper_bsp//newlib/nios2-elf/lib/libc.a(libc_a-fwalk.o)
 .text._fwalk_sglue
                0x00201150       0xf8 ../cpu_hyper_bsp//newlib/nios2-elf/lib/libc.a(libc_a-fwalk.o)
                0x00201150                _fwalk_sglue
 .text          0x00201248        0x0 ../cpu_hyper_bsp//newlib/nios2-elf/lib/libc.a(libc_a-stdio.o)
 .text.__sread  0x00201248       0x9c ../cpu_hyper_bsp//newlib/nios2-elf/lib/libc.a(libc_a-stdio.o)
                0x00201248                __sread
 .text.__seofread
                0x002012e4       0x30 ../cpu_hyper_bsp//newlib/nios2-elf/lib/libc.a(libc_a-stdio.o)
                0x002012e4                __seofread
 .text.__swrite
                0x00201314       0xb4 ../cpu_hyper_bsp//newlib/nios2-elf/lib/libc.a(libc_a-stdio.o)
                0x00201314                __swrite
 .text.__sseek  0x002013c8       0xa0 ../cpu_hyper_bsp//newlib/nios2-elf/lib/libc.a(libc_a-stdio.o)
                0x002013c8                __sseek
 .text.__sclose
                0x00201468       0x54 ../cpu_hyper_bsp//newlib/nios2-elf/lib/libc.a(libc_a-stdio.o)
                0x00201468                __sclose
 .text          0x002014bc        0x0 ../cpu_hyper_bsp//newlib/nios2-elf/lib/libc.a(libc_a-wsetup.o)
 .text.__swsetup_r
                0x002014bc      0x1a0 ../cpu_hyper_bsp//newlib/nios2-elf/lib/libc.a(libc_a-wsetup.o)
                0x002014bc                __swsetup_r
 .text          0x0020165c        0x0 ../cpu_hyper_bsp//newlib/nios2-elf/lib/libc.a(libc_a-memchr.o)
 .text.memchr   0x0020165c      0x1b4 ../cpu_hyper_bsp//newlib/nios2-elf/lib/libc.a(libc_a-memchr.o)
                0x0020165c                memchr
 .text          0x00201810        0x0 ../cpu_hyper_bsp//newlib/nios2-elf/lib/libc.a(libc_a-memcpy.o)
 .text.memcpy   0x00201810      0x188 ../cpu_hyper_bsp//newlib/nios2-elf/lib/libc.a(libc_a-memcpy.o)
                0x00201810                memcpy
 .text          0x00201998        0x0 ../cpu_hyper_bsp//newlib/nios2-elf/lib/libc.a(libc_a-memmove.o)
 .text.memmove  0x00201998      0x208 ../cpu_hyper_bsp//newlib/nios2-elf/lib/libc.a(libc_a-memmove.o)
                0x00201998                memmove
 .text          0x00201ba0        0x0 ../cpu_hyper_bsp//newlib/nios2-elf/lib/libc.a(libc_a-memset.o)
 .text.memset   0x00201ba0      0x1c4 ../cpu_hyper_bsp//newlib/nios2-elf/lib/libc.a(libc_a-memset.o)
                0x00201ba0                memset
 .text          0x00201d64        0x0 ../cpu_hyper_bsp//newlib/nios2-elf/lib/libc.a(libc_a-closer.o)
 .text._close_r
                0x00201d64       0x60 ../cpu_hyper_bsp//newlib/nios2-elf/lib/libc.a(libc_a-closer.o)
                0x00201d64                _close_r
 .text          0x00201dc4        0x0 ../cpu_hyper_bsp//newlib/nios2-elf/lib/libc.a(libc_a-reent.o)
 .text._reclaim_reent
                0x00201dc4      0x11c ../cpu_hyper_bsp//newlib/nios2-elf/lib/libc.a(libc_a-reent.o)
                0x00201dc4                _reclaim_reent
 .text          0x00201ee0        0x0 ../cpu_hyper_bsp//newlib/nios2-elf/lib/libc.a(libc_a-lseekr.o)
 .text._lseek_r
                0x00201ee0       0x70 ../cpu_hyper_bsp//newlib/nios2-elf/lib/libc.a(libc_a-lseekr.o)
                0x00201ee0                _lseek_r
 .text          0x00201f50        0x0 ../cpu_hyper_bsp//newlib/nios2-elf/lib/libc.a(libc_a-readr.o)
 .text._read_r  0x00201f50       0x70 ../cpu_hyper_bsp//newlib/nios2-elf/lib/libc.a(libc_a-readr.o)
                0x00201f50                _read_r
 .text          0x00201fc0        0x0 ../cpu_hyper_bsp//newlib/nios2-elf/lib/libc.a(libc_a-writer.o)
 .text._write_r
                0x00201fc0       0x70 ../cpu_hyper_bsp//newlib/nios2-elf/lib/libc.a(libc_a-writer.o)
                0x00201fc0                _write_r
 .text          0x00202030        0x0 ../cpu_hyper_bsp//newlib/nios2-elf/lib/libc.a(libc_a-exit.o)
 .text.exit     0x00202030       0x38 ../cpu_hyper_bsp//newlib/nios2-elf/lib/libc.a(libc_a-exit.o)
                0x00202030                exit
 .text          0x00202068        0x0 ../cpu_hyper_bsp//newlib/nios2-elf/lib/libc.a(libc_a-freer.o)
 .text._free_r  0x00202068      0x558 ../cpu_hyper_bsp//newlib/nios2-elf/lib/libc.a(libc_a-freer.o)
                0x00202068                _free_r
 .text._malloc_trim_r
                0x002025c0      0x1c0 ../cpu_hyper_bsp//newlib/nios2-elf/lib/libc.a(libc_a-freer.o)
                0x002025c0                _malloc_trim_r
 .text          0x00202780        0x0 ../cpu_hyper_bsp//newlib/nios2-elf/lib/libc.a(libc_a-mallocr.o)
 .text.malloc_extend_top
                0x00202780      0x3c4 ../cpu_hyper_bsp//newlib/nios2-elf/lib/libc.a(libc_a-mallocr.o)
 .text._malloc_r
                0x00202b44      0xb6c ../cpu_hyper_bsp//newlib/nios2-elf/lib/libc.a(libc_a-mallocr.o)
                0x00202b44                _malloc_r
 .text          0x002036b0        0x0 ../cpu_hyper_bsp//newlib/nios2-elf/lib/libc.a(libc_a-reallocr.o)
 .text._realloc_r
                0x002036b0      0xbf4 ../cpu_hyper_bsp//newlib/nios2-elf/lib/libc.a(libc_a-reallocr.o)
                0x002036b0                _realloc_r
 .text          0x002042a4        0x0 ../cpu_hyper_bsp//newlib/nios2-elf/lib/libc.a(libc_a-fclose.o)
 .text._fclose_r
                0x002042a4      0x12c ../cpu_hyper_bsp//newlib/nios2-elf/lib/libc.a(libc_a-fclose.o)
                0x002042a4                _fclose_r
 .text.fclose   0x002043d0       0x38 ../cpu_hyper_bsp//newlib/nios2-elf/lib/libc.a(libc_a-fclose.o)
                0x002043d0                fclose
 .text          0x00204408        0x0 ../cpu_hyper_bsp//newlib/nios2-elf/lib/libc.a(libc_a-fflush.o)
 .text.__sflush_r
                0x00204408      0x2fc ../cpu_hyper_bsp//newlib/nios2-elf/lib/libc.a(libc_a-fflush.o)
                0x00204408                __sflush_r
 .text._fflush_r
                0x00204704       0x88 ../cpu_hyper_bsp//newlib/nios2-elf/lib/libc.a(libc_a-fflush.o)
                0x00204704                _fflush_r
 .text.fflush   0x0020478c       0x5c ../cpu_hyper_bsp//newlib/nios2-elf/lib/libc.a(libc_a-fflush.o)
                0x0020478c                fflush
 .text          0x002047e8        0x0 ../cpu_hyper_bsp//newlib/nios2-elf/lib/libc.a(libc_a-makebuf.o)
 .text.__smakebuf_r
                0x002047e8      0x198 ../cpu_hyper_bsp//newlib/nios2-elf/lib/libc.a(libc_a-makebuf.o)
                0x002047e8                __smakebuf_r
 .text.__swhatbuf_r
                0x00204980       0xe8 ../cpu_hyper_bsp//newlib/nios2-elf/lib/libc.a(libc_a-makebuf.o)
                0x00204980                __swhatbuf_r
 .text          0x00204a68        0x0 ../cpu_hyper_bsp//newlib/nios2-elf/lib/libc.a(libc_a-fstatr.o)
 .text._fstat_r
                0x00204a68       0x68 ../cpu_hyper_bsp//newlib/nios2-elf/lib/libc.a(libc_a-fstatr.o)
                0x00204a68                _fstat_r
 .text          0x00204ad0        0x0 ../cpu_hyper_bsp//newlib/nios2-elf/lib/libc.a(libc_a-isattyr.o)
 .text._isatty_r
                0x00204ad0       0x60 ../cpu_hyper_bsp//newlib/nios2-elf/lib/libc.a(libc_a-isattyr.o)
                0x00204ad0                _isatty_r
 .text          0x00204b30        0x0 ../cpu_hyper_bsp//newlib/nios2-elf/lib/libc.a(libc_a-sbrkr.o)
 .text._sbrk_r  0x00204b30       0x60 ../cpu_hyper_bsp//newlib/nios2-elf/lib/libc.a(libc_a-sbrkr.o)
                0x00204b30                _sbrk_r
 .text          0x00204b90        0x0 ../cpu_hyper_bsp//newlib/nios2-elf/lib/libc.a(libc_a-__call_atexit.o)
 .text.__call_exitprocs
                0x00204b90      0x18c ../cpu_hyper_bsp//newlib/nios2-elf/lib/libc.a(libc_a-__call_atexit.o)
                0x00204b90                __call_exitprocs
 .text          0x00204d1c      0x1b4 /home/teo/intelFPGA_lite/23.1std/nios2eds/bin/gnu/H-x86_64-pc-linux-gnu/bin/../lib/gcc/nios2-elf/12.3.1/libgcc.a(lib2-divmod.o)
                0x00204d1c                __divsi3
                0x00204d9c                __modsi3
                0x00204e10                __udivsi3
                0x00204e74                __umodsi3
 .text          0x00204ed0      0x10c ../cpu_hyper_bsp//libhal_bsp.a(alt_close.o)
                0x00204f0c                close
 .text          0x00204fdc       0x2c ../cpu_hyper_bsp//libhal_bsp.a(alt_dev.o)
 .text          0x00205008        0x0 ../cpu_hyper_bsp//libhal_bsp.a(alt_errno.o)
 .text          0x00205008       0x3c ../cpu_hyper_bsp//libhal_bsp.a(alt_exit.o)
                0x00205008                _exit
 .text          0x00205044       0xec ../cpu_hyper_bsp//libhal_bsp.a(alt_fstat.o)
                0x00205080                fstat
 .text          0x00205130       0xe0 ../cpu_hyper_bsp//libhal_bsp.a(alt_isatty.o)
                0x0020516c                isatty
 .text          0x00205210       0xec ../cpu_hyper_bsp//libhal_bsp.a(alt_load.o)
                0x00205278                alt_load
 .text          0x002052fc      0x110 ../cpu_hyper_bsp//libhal_bsp.a(alt_lseek.o)
                0x00205338                lseek
 .text          0x0020540c       0x7c ../cpu_hyper_bsp//libhal_bsp.a(alt_main.o)
                0x0020540c                alt_main
 .text          0x00205488       0x48 ../cpu_hyper_bsp//libhal_bsp.a(alt_malloc_lock.o)
                0x00205488                __malloc_lock
                0x002054ac                __malloc_unlock
 .text          0x002054d0      0x138 ../cpu_hyper_bsp//libhal_bsp.a(alt_read.o)
                0x0020550c                read
 .text          0x00205608       0x58 ../cpu_hyper_bsp//libhal_bsp.a(alt_release_fd.o)
                0x00205608                alt_release_fd
 .text          0x00205660       0xb8 ../cpu_hyper_bsp//libhal_bsp.a(alt_sbrk.o)
                0x00205660                sbrk
 .text          0x00205718      0x134 ../cpu_hyper_bsp//libhal_bsp.a(alt_write.o)
                0x00205754                write
 .text          0x0020584c       0xd8 ../cpu_hyper_bsp//libhal_bsp.a(alt_sys_init.o)
                0x00205880                alt_irq_init
                0x002058bc                alt_sys_init
 .text          0x00205924      0x164 ../cpu_hyper_bsp//libhal_bsp.a(altera_avalon_jtag_uart_fd.o)
                0x00205924                altera_avalon_jtag_uart_read_fd
                0x00205984                altera_avalon_jtag_uart_write_fd
                0x002059e4                altera_avalon_jtag_uart_close_fd
                0x00205a34                altera_avalon_jtag_uart_ioctl_fd
 .text          0x00205a88      0x3e4 ../cpu_hyper_bsp//libhal_bsp.a(altera_avalon_jtag_uart_init.o)
                0x00205a88                altera_avalon_jtag_uart_init
                0x00205e04                altera_avalon_jtag_uart_close
 .text          0x00205e6c       0xf4 ../cpu_hyper_bsp//libhal_bsp.a(altera_avalon_jtag_uart_ioctl.o)
                0x00205e6c                altera_avalon_jtag_uart_ioctl
 .text          0x00205f60      0x220 ../cpu_hyper_bsp//libhal_bsp.a(altera_avalon_jtag_uart_read.o)
                0x00205f60                altera_avalon_jtag_uart_read
 .text          0x00206180      0x228 ../cpu_hyper_bsp//libhal_bsp.a(altera_avalon_jtag_uart_write.o)
                0x00206180                altera_avalon_jtag_uart_write
 .text          0x002063a8      0x110 ../cpu_hyper_bsp//libhal_bsp.a(altera_avalon_uart_fd.o)
                0x002063a8                altera_avalon_uart_read_fd
                0x00206408                altera_avalon_uart_write_fd
                0x00206468                altera_avalon_uart_close_fd
 .text          0x002064b8      0x3c0 ../cpu_hyper_bsp//libhal_bsp.a(altera_avalon_uart_init.o)
                0x002064b8                altera_avalon_uart_init
                0x00206824                altera_avalon_uart_close
 .text          0x00206878      0x224 ../cpu_hyper_bsp//libhal_bsp.a(altera_avalon_uart_read.o)
                0x002068b4                altera_avalon_uart_read
 .text          0x00206a9c      0x1f0 ../cpu_hyper_bsp//libhal_bsp.a(altera_avalon_uart_write.o)
                0x00206ad8                altera_avalon_uart_write
 .text          0x00206c8c      0x160 ../cpu_hyper_bsp//libhal_bsp.a(alt_alarm_start.o)
                0x00206c8c                alt_alarm_start
 .text          0x00206dec       0x4c ../cpu_hyper_bsp//libhal_bsp.a(alt_dcache_flush_all.o)
                0x00206dec                alt_dcache_flush_all
 .text          0x00206e38       0xe4 ../cpu_hyper_bsp//libhal_bsp.a(alt_dev_llist_insert.o)
                0x00206e74                alt_dev_llist_insert
 .text          0x00206f1c       0x64 ../cpu_hyper_bsp//libhal_bsp.a(alt_do_ctors.o)
                0x00206f1c                _do_ctors
 .text          0x00206f80       0x64 ../cpu_hyper_bsp//libhal_bsp.a(alt_do_dtors.o)
                0x00206f80                _do_dtors
 .text          0x00206fe4       0x34 ../cpu_hyper_bsp//libhal_bsp.a(alt_icache_flush_all.o)
                0x00206fe4                alt_icache_flush_all
 .text          0x00207018      0x1b0 ../cpu_hyper_bsp//libhal_bsp.a(alt_iic.o)
                0x00207018                alt_ic_isr_register
                0x00207068                alt_ic_irq_enable
                0x002070f0                alt_ic_irq_disable
                0x0020717c                alt_ic_irq_enabled
 .text          0x002071c8       0xe8 ../cpu_hyper_bsp//libhal_bsp.a(alt_iic_isr_register.o)
                0x002071c8                alt_iic_isr_register
 .text          0x002072b0      0x12c ../cpu_hyper_bsp//libhal_bsp.a(alt_io_redirect.o)
                0x00207360                alt_io_redirect
 .text          0x002073dc        0x0 ../cpu_hyper_bsp//libhal_bsp.a(alt_irq_entry.o)
 .text          0x002073dc        0x0 ../cpu_hyper_bsp//libhal_bsp.a(alt_irq_handler.o)
 .text          0x002073dc        0x0 ../cpu_hyper_bsp//libhal_bsp.a(alt_irq_vars.o)
 .text          0x002073dc      0x248 ../cpu_hyper_bsp//libhal_bsp.a(alt_open.o)
                0x002074d0                open
 .text          0x00207624      0x1d0 ../cpu_hyper_bsp//libhal_bsp.a(alt_tick.o)
                0x00207624                alt_alarm_stop
                0x002076c8                alt_tick
 .text          0x002077f4       0x24 ../cpu_hyper_bsp//libhal_bsp.a(altera_nios2_gen2_irq.o)
                0x002077f4                altera_nios2_gen2_irq_init
 .text          0x00207818        0x0 ../cpu_hyper_bsp//libhal_bsp.a(alt_exception_entry.o)
 .text          0x00207818       0x90 ../cpu_hyper_bsp//libhal_bsp.a(alt_find_dev.o)
                0x00207818                alt_find_dev
 .text          0x002078a8      0x108 ../cpu_hyper_bsp//libhal_bsp.a(alt_find_file.o)
                0x002078a8                alt_find_file
 .text          0x002079b0       0xa0 ../cpu_hyper_bsp//libhal_bsp.a(alt_get_fd.o)
                0x002079b0                alt_get_fd
 .text          0x00207a50       0x90 ../cpu_hyper_bsp//libhal_bsp.a(alt_icache_flush.o)
                0x00207a50                alt_icache_flush
 .text          0x00207ae0       0x74 ../cpu_hyper_bsp//libhal_bsp.a(alt_instruction_exception_entry.o)
                0x00207ae0                alt_exception_cause_generated_bad_addr
 .text          0x00207b54        0x0 ../cpu_hyper_bsp//newlib/nios2-elf/lib/libc.a(libc_a-atexit.o)
 .text.atexit   0x00207b54       0x3c ../cpu_hyper_bsp//newlib/nios2-elf/lib/libc.a(libc_a-atexit.o)
                0x00207b54                atexit
 .text          0x00207b90        0x0 ../cpu_hyper_bsp//newlib/nios2-elf/lib/libc.a(libc_a-memcmp.o)
 .text.memcmp   0x00207b90      0x134 ../cpu_hyper_bsp//newlib/nios2-elf/lib/libc.a(libc_a-memcmp.o)
                0x00207b90                memcmp
 .text          0x00207cc4        0x0 ../cpu_hyper_bsp//newlib/nios2-elf/lib/libc.a(libc_a-__atexit.o)
 .text.__register_exitproc
                0x00207cc4      0x110 ../cpu_hyper_bsp//newlib/nios2-elf/lib/libc.a(libc_a-__atexit.o)
                0x00207cc4                __register_exitproc
 *(.gnu.warning.*)
 *(.fini)
                [!provide]                        PROVIDE (__etext = ABSOLUTE (.))
                [!provide]                        PROVIDE (_etext = ABSOLUTE (.))
                [!provide]                        PROVIDE (etext = ABSOLUTE (.))
 *(.eh_frame_hdr)
                0x00207dd4                        . = ALIGN (0x4)
                [!provide]                        PROVIDE (__preinit_array_start = ABSOLUTE (.))
 *(.preinit_array)
                [!provide]                        PROVIDE (__preinit_array_end = ABSOLUTE (.))
                [!provide]                        PROVIDE (__init_array_start = ABSOLUTE (.))
 *(SORT_BY_INIT_PRIORITY(.init_array.*))
 *(.init_array)
                [!provide]                        PROVIDE (__init_array_end = ABSOLUTE (.))
                [!provide]                        PROVIDE (__fini_array_start = ABSOLUTE (.))
 *(.fini_array)
                [!provide]                        PROVIDE (__fini_array_end = ABSOLUTE (.))
 *(.eh_frame)
 *(.gcc_except_table .gcc_except_table.*)
 *(.dynamic)
                0x00207dd4                        PROVIDE (__CTOR_LIST__ = ABSOLUTE (.))
 *(.ctors)
 *(SORT_BY_NAME(.ctors.*))
                0x00207dd4                        PROVIDE (__CTOR_END__ = ABSOLUTE (.))
                0x00207dd4                        PROVIDE (__DTOR_LIST__ = ABSOLUTE (.))
 *(.dtors)
 *(SORT_BY_NAME(.dtors.*))
                0x00207dd4                        PROVIDE (__DTOR_END__ = ABSOLUTE (.))
 *(.jcr)
                0x00207dd4                        . = ALIGN (0x4)

.rodata         0x00207dd4       0x54
                0x00207dd4                        PROVIDE (__ram_rodata_start = ABSOLUTE (.))
                0x00207dd4                        . = ALIGN (0x4)
 *(.rodata .rodata.* .gnu.linkonce.r.*)
 .rodata        0x00207dd4       0x14 obj/default/hello_world.o
 .rodata        0x00207de8        0x2 ../cpu_hyper_bsp//newlib/nios2-elf/lib/libc.a(libc_a-puts.o)
 *fill*         0x00207dea        0x2 
 .rodata        0x00207dec        0xa ../cpu_hyper_bsp//libhal_bsp.a(alt_dev.o)
 *fill*         0x00207df6        0x2 
 .rodata        0x00207df8        0xf ../cpu_hyper_bsp//libhal_bsp.a(alt_main.o)
 *fill*         0x00207e07        0x1 
 .rodata        0x00207e08       0x1d ../cpu_hyper_bsp//libhal_bsp.a(alt_sys_init.o)
 *(.rodata1)
                0x00207e28                        . = ALIGN (0x4)
 *fill*         0x00207e25        0x3 
                0x00207e28                        PROVIDE (__ram_rodata_end = ABSOLUTE (.))
                0x00207dd4                        PROVIDE (__flash_rodata_start = LOADADDR (.rodata))

.rwdata         0x00207e28     0x1830 load address 0x00209658
                0x00207e28                        PROVIDE (__ram_rwdata_start = ABSOLUTE (.))
                0x00207e28                        . = ALIGN (0x4)
 *(.got.plt)
 *(.got)
 *(.data1)
 *(.data .data.* .gnu.linkonce.d.*)
 .data          0x00207e28        0x0 ../cpu_hyper_bsp//obj/HAL/src/crt0.o
 .data          0x00207e28        0x0 obj/default/hello_world.o
 .data          0x00207e28        0x0 ../cpu_hyper_bsp//newlib/nios2-elf/lib/libc.a(libc_a-puts.o)
 .data          0x00207e28        0x0 ../cpu_hyper_bsp//newlib/nios2-elf/lib/libc.a(libc_a-strlen.o)
 .data          0x00207e28        0x0 ../cpu_hyper_bsp//newlib/nios2-elf/lib/libc.a(libc_a-impure.o)
 .data._impure_data
                0x00207e28      0x11c ../cpu_hyper_bsp//newlib/nios2-elf/lib/libc.a(libc_a-impure.o)
                0x00207e28                _impure_data
 .data          0x00207f44        0x0 ../cpu_hyper_bsp//newlib/nios2-elf/lib/libc.a(libc_a-findfp.o)
 .data.__sglue  0x00207f44        0xc ../cpu_hyper_bsp//newlib/nios2-elf/lib/libc.a(libc_a-findfp.o)
                0x00207f44                __sglue
 .data          0x00207f50        0x0 ../cpu_hyper_bsp//newlib/nios2-elf/lib/libc.a(libc_a-fvwrite.o)
 .data          0x00207f50        0x0 ../cpu_hyper_bsp//newlib/nios2-elf/lib/libc.a(libc_a-fwalk.o)
 .data          0x00207f50        0x0 ../cpu_hyper_bsp//newlib/nios2-elf/lib/libc.a(libc_a-stdio.o)
 .data          0x00207f50        0x0 ../cpu_hyper_bsp//newlib/nios2-elf/lib/libc.a(libc_a-wsetup.o)
 .data          0x00207f50        0x0 ../cpu_hyper_bsp//newlib/nios2-elf/lib/libc.a(libc_a-memchr.o)
 .data          0x00207f50        0x0 ../cpu_hyper_bsp//newlib/nios2-elf/lib/libc.a(libc_a-memcpy.o)
 .data          0x00207f50        0x0 ../cpu_hyper_bsp//newlib/nios2-elf/lib/libc.a(libc_a-memmove.o)
 .data          0x00207f50        0x0 ../cpu_hyper_bsp//newlib/nios2-elf/lib/libc.a(libc_a-memset.o)
 .data          0x00207f50        0x0 ../cpu_hyper_bsp//newlib/nios2-elf/lib/libc.a(libc_a-closer.o)
 .data          0x00207f50        0x0 ../cpu_hyper_bsp//newlib/nios2-elf/lib/libc.a(libc_a-reent.o)
 .data          0x00207f50        0x0 ../cpu_hyper_bsp//newlib/nios2-elf/lib/libc.a(libc_a-lseekr.o)
 .data          0x00207f50        0x0 ../cpu_hyper_bsp//newlib/nios2-elf/lib/libc.a(libc_a-readr.o)
 .data          0x00207f50        0x0 ../cpu_hyper_bsp//newlib/nios2-elf/lib/libc.a(libc_a-writer.o)
 .data          0x00207f50        0x0 ../cpu_hyper_bsp//newlib/nios2-elf/lib/libc.a(libc_a-exit.o)
 .data          0x00207f50        0x0 ../cpu_hyper_bsp//newlib/nios2-elf/lib/libc.a(libc_a-freer.o)
 .data          0x00207f50        0x0 ../cpu_hyper_bsp//newlib/nios2-elf/lib/libc.a(libc_a-mallocr.o)
 .data.__malloc_av_
                0x00207f50      0x408 ../cpu_hyper_bsp//newlib/nios2-elf/lib/libc.a(libc_a-mallocr.o)
                0x00207f50                __malloc_av_
 .data          0x00208358        0x0 ../cpu_hyper_bsp//newlib/nios2-elf/lib/libc.a(libc_a-reallocr.o)
 .data          0x00208358        0x0 ../cpu_hyper_bsp//newlib/nios2-elf/lib/libc.a(libc_a-fclose.o)
 .data          0x00208358        0x0 ../cpu_hyper_bsp//newlib/nios2-elf/lib/libc.a(libc_a-fflush.o)
 .data          0x00208358        0x0 ../cpu_hyper_bsp//newlib/nios2-elf/lib/libc.a(libc_a-makebuf.o)
 .data          0x00208358        0x0 ../cpu_hyper_bsp//newlib/nios2-elf/lib/libc.a(libc_a-fstatr.o)
 .data          0x00208358        0x0 ../cpu_hyper_bsp//newlib/nios2-elf/lib/libc.a(libc_a-isattyr.o)
 .data          0x00208358        0x0 ../cpu_hyper_bsp//newlib/nios2-elf/lib/libc.a(libc_a-sbrkr.o)
 .data          0x00208358        0x0 ../cpu_hyper_bsp//newlib/nios2-elf/lib/libc.a(libc_a-__call_atexit.o)
 .data          0x00208358        0x0 /home/teo/intelFPGA_lite/23.1std/nios2eds/bin/gnu/H-x86_64-pc-linux-gnu/bin/../lib/gcc/nios2-elf/12.3.1/libgcc.a(lib2-divmod.o)
 .data          0x00208358        0x0 ../cpu_hyper_bsp//libhal_bsp.a(alt_close.o)
 .data          0x00208358      0x1a8 ../cpu_hyper_bsp//libhal_bsp.a(alt_dev.o)
                0x00208358                alt_dev_null
                0x00208380                alt_fd_list
 .data          0x00208500        0x0 ../cpu_hyper_bsp//libhal_bsp.a(alt_errno.o)
 .data          0x00208500        0x0 ../cpu_hyper_bsp//libhal_bsp.a(alt_exit.o)
 .data          0x00208500        0x0 ../cpu_hyper_bsp//libhal_bsp.a(alt_fstat.o)
 .data          0x00208500        0x0 ../cpu_hyper_bsp//libhal_bsp.a(alt_isatty.o)
 .data          0x00208500        0x0 ../cpu_hyper_bsp//libhal_bsp.a(alt_load.o)
 .data          0x00208500        0x0 ../cpu_hyper_bsp//libhal_bsp.a(alt_lseek.o)
 .data          0x00208500        0x0 ../cpu_hyper_bsp//libhal_bsp.a(alt_main.o)
 .data          0x00208500        0x0 ../cpu_hyper_bsp//libhal_bsp.a(alt_malloc_lock.o)
 .data          0x00208500        0x0 ../cpu_hyper_bsp//libhal_bsp.a(alt_read.o)
 .data          0x00208500        0x0 ../cpu_hyper_bsp//libhal_bsp.a(alt_release_fd.o)
 .data          0x00208500        0x0 ../cpu_hyper_bsp//libhal_bsp.a(alt_sbrk.o)
 .data          0x00208500        0x0 ../cpu_hyper_bsp//libhal_bsp.a(alt_write.o)
 .data          0x00208500     0x1124 ../cpu_hyper_bsp//libhal_bsp.a(alt_sys_init.o)
 .data          0x00209624        0x0 ../cpu_hyper_bsp//libhal_bsp.a(altera_avalon_jtag_uart_fd.o)
 .data          0x00209624        0x0 ../cpu_hyper_bsp//libhal_bsp.a(altera_avalon_jtag_uart_init.o)
 .data          0x00209624        0x0 ../cpu_hyper_bsp//libhal_bsp.a(altera_avalon_jtag_uart_ioctl.o)
 .data          0x00209624        0x0 ../cpu_hyper_bsp//libhal_bsp.a(altera_avalon_jtag_uart_read.o)
 .data          0x00209624        0x0 ../cpu_hyper_bsp//libhal_bsp.a(altera_avalon_jtag_uart_write.o)
 .data          0x00209624        0x0 ../cpu_hyper_bsp//libhal_bsp.a(altera_avalon_uart_fd.o)
 .data          0x00209624        0x0 ../cpu_hyper_bsp//libhal_bsp.a(altera_avalon_uart_init.o)
 .data          0x00209624        0x0 ../cpu_hyper_bsp//libhal_bsp.a(altera_avalon_uart_read.o)
 .data          0x00209624        0x0 ../cpu_hyper_bsp//libhal_bsp.a(altera_avalon_uart_write.o)
 .data          0x00209624        0x0 ../cpu_hyper_bsp//libhal_bsp.a(alt_alarm_start.o)
 .data          0x00209624        0x0 ../cpu_hyper_bsp//libhal_bsp.a(alt_dcache_flush_all.o)
 .data          0x00209624        0x0 ../cpu_hyper_bsp//libhal_bsp.a(alt_dev_llist_insert.o)
 .data          0x00209624        0x0 ../cpu_hyper_bsp//libhal_bsp.a(alt_do_ctors.o)
 .data          0x00209624        0x0 ../cpu_hyper_bsp//libhal_bsp.a(alt_do_dtors.o)
 .data          0x00209624        0x0 ../cpu_hyper_bsp//libhal_bsp.a(alt_icache_flush_all.o)
 .data          0x00209624        0x0 ../cpu_hyper_bsp//libhal_bsp.a(alt_iic.o)
 .data          0x00209624        0x0 ../cpu_hyper_bsp//libhal_bsp.a(alt_iic_isr_register.o)
 .data          0x00209624        0x0 ../cpu_hyper_bsp//libhal_bsp.a(alt_io_redirect.o)
 .data          0x00209624        0x0 ../cpu_hyper_bsp//libhal_bsp.a(alt_irq_entry.o)
 .data          0x00209624        0x0 ../cpu_hyper_bsp//libhal_bsp.a(alt_irq_handler.o)
 .data          0x00209624        0x0 ../cpu_hyper_bsp//libhal_bsp.a(alt_irq_vars.o)
 .data          0x00209624        0x0 ../cpu_hyper_bsp//libhal_bsp.a(alt_open.o)
 .data          0x00209624        0x0 ../cpu_hyper_bsp//libhal_bsp.a(alt_tick.o)
 .data          0x00209624        0x0 ../cpu_hyper_bsp//libhal_bsp.a(altera_nios2_gen2_irq.o)
 .data          0x00209624        0x0 ../cpu_hyper_bsp//libhal_bsp.a(alt_exception_entry.o)
 .data          0x00209624        0x0 ../cpu_hyper_bsp//libhal_bsp.a(alt_find_dev.o)
 .data          0x00209624        0x0 ../cpu_hyper_bsp//libhal_bsp.a(alt_find_file.o)
 .data          0x00209624        0x0 ../cpu_hyper_bsp//libhal_bsp.a(alt_get_fd.o)
 .data          0x00209624        0x0 ../cpu_hyper_bsp//libhal_bsp.a(alt_icache_flush.o)
 .data          0x00209624        0x0 ../cpu_hyper_bsp//libhal_bsp.a(alt_instruction_exception_entry.o)
 .data          0x00209624        0x0 ../cpu_hyper_bsp//newlib/nios2-elf/lib/libc.a(libc_a-atexit.o)
 .data          0x00209624        0x0 ../cpu_hyper_bsp//newlib/nios2-elf/lib/libc.a(libc_a-memcmp.o)
 .data          0x00209624        0x0 ../cpu_hyper_bsp//newlib/nios2-elf/lib/libc.a(libc_a-__atexit.o)
                0x00211624                        _gp = ABSOLUTE ((. + 0x8000))
                [!provide]                        PROVIDE (gp = _gp)
 *(.rwdata .rwdata.*)
 *(.sdata .sdata.* .gnu.linkonce.s.*)
 .sdata._impure_ptr
                0x00209624        0x4 ../cpu_hyper_bsp//newlib/nios2-elf/lib/libc.a(libc_a-impure.o)
                0x00209624                _impure_ptr
 .sdata.__malloc_trim_threshold
                0x00209628        0x4 ../cpu_hyper_bsp//newlib/nios2-elf/lib/libc.a(libc_a-mallocr.o)
                0x00209628                __malloc_trim_threshold
 .sdata.__malloc_sbrk_base
                0x0020962c        0x4 ../cpu_hyper_bsp//newlib/nios2-elf/lib/libc.a(libc_a-mallocr.o)
                0x0020962c                __malloc_sbrk_base
 .sdata         0x00209630       0x14 ../cpu_hyper_bsp//libhal_bsp.a(alt_dev.o)
                0x00209630                alt_fs_list
                0x00209638                alt_dev_list
                0x00209640                alt_max_fd
 .sdata         0x00209644        0x4 ../cpu_hyper_bsp//libhal_bsp.a(alt_errno.o)
                0x00209644                alt_errno
 .sdata         0x00209648        0x4 ../cpu_hyper_bsp//libhal_bsp.a(alt_sbrk.o)
 .sdata         0x0020964c        0x4 ../cpu_hyper_bsp//libhal_bsp.a(alt_irq_vars.o)
                0x0020964c                alt_priority_mask
 .sdata         0x00209650        0x8 ../cpu_hyper_bsp//libhal_bsp.a(alt_tick.o)
                0x00209650                alt_alarm_list
 *(.sdata2 .sdata2.* .gnu.linkonce.s2.*)
                0x00209658                        . = ALIGN (0x4)
                0x00209658                        _edata = ABSOLUTE (.)
                [!provide]                        PROVIDE (edata = ABSOLUTE (.))
                0x00209658                        PROVIDE (__ram_rwdata_end = ABSOLUTE (.))
                0x00209658                        PROVIDE (__flash_rwdata_start = LOADADDR (.rwdata))

.bss            0x0020ae88      0x430
                0x0020ae88                        __bss_start = ABSOLUTE (.)
                [!provide]                        PROVIDE (__sbss_start = ABSOLUTE (.))
                [!provide]                        PROVIDE (___sbss_start = ABSOLUTE (.))
 *(.dynsbss)
 *(.sbss .sbss.* .gnu.linkonce.sb.*)
 .sbss.__sfp_recursive_mutex
                0x0020ae88        0x4 ../cpu_hyper_bsp//newlib/nios2-elf/lib/libc.a(libc_a-findfp.o)
 .sbss.errno    0x0020ae8c        0x4 ../cpu_hyper_bsp//newlib/nios2-elf/lib/libc.a(libc_a-reent.o)
                0x0020ae8c                errno
 .sbss.__stdio_exit_handler
                0x0020ae90        0x4 ../cpu_hyper_bsp//newlib/nios2-elf/lib/libc.a(libc_a-exit.o)
                0x0020ae90                __stdio_exit_handler
 .sbss.__malloc_top_pad
                0x0020ae94        0x4 ../cpu_hyper_bsp//newlib/nios2-elf/lib/libc.a(libc_a-mallocr.o)
                0x0020ae94                __malloc_top_pad
 .sbss.__malloc_max_sbrked_mem
                0x0020ae98        0x4 ../cpu_hyper_bsp//newlib/nios2-elf/lib/libc.a(libc_a-mallocr.o)
                0x0020ae98                __malloc_max_sbrked_mem
 .sbss.__malloc_max_total_mem
                0x0020ae9c        0x4 ../cpu_hyper_bsp//newlib/nios2-elf/lib/libc.a(libc_a-mallocr.o)
                0x0020ae9c                __malloc_max_total_mem
 .sbss.__atexit_recursive_mutex
                0x0020aea0        0x4 ../cpu_hyper_bsp//newlib/nios2-elf/lib/libc.a(libc_a-__call_atexit.o)
 .sbss.__atexit
                0x0020aea4        0x4 ../cpu_hyper_bsp//newlib/nios2-elf/lib/libc.a(libc_a-__call_atexit.o)
                0x0020aea4                __atexit
 .sbss          0x0020aea8        0xc ../cpu_hyper_bsp//libhal_bsp.a(alt_main.o)
                0x0020aea8                alt_argc
                0x0020aeac                alt_argv
                0x0020aeb0                alt_envp
 .sbss          0x0020aeb4        0x4 ../cpu_hyper_bsp//libhal_bsp.a(alt_irq_vars.o)
                0x0020aeb4                alt_irq_active
 .sbss          0x0020aeb8        0xc ../cpu_hyper_bsp//libhal_bsp.a(alt_tick.o)
                0x0020aeb8                _alt_tick_rate
                0x0020aebc                _alt_nticks
 .sbss          0x0020aec4        0x4 ../cpu_hyper_bsp//libhal_bsp.a(alt_instruction_exception_entry.o)
                0x0020aec4                alt_instruction_exception_handler
 *(.sbss2 .sbss2.* .gnu.linkonce.sb2.*)
 *(.scommon)
                [!provide]                        PROVIDE (__sbss_end = ABSOLUTE (.))
                [!provide]                        PROVIDE (___sbss_end = ABSOLUTE (.))
 *(.dynbss)
 *(.bss .bss.* .gnu.linkonce.b.*)
 .bss           0x0020aec8        0x0 ../cpu_hyper_bsp//obj/HAL/src/crt0.o
 .bss           0x0020aec8        0x0 obj/default/hello_world.o
 .bss           0x0020aec8        0x0 ../cpu_hyper_bsp//newlib/nios2-elf/lib/libc.a(libc_a-puts.o)
 .bss           0x0020aec8        0x0 ../cpu_hyper_bsp//newlib/nios2-elf/lib/libc.a(libc_a-strlen.o)
 .bss           0x0020aec8        0x0 ../cpu_hyper_bsp//newlib/nios2-elf/lib/libc.a(libc_a-impure.o)
 .bss           0x0020aec8        0x0 ../cpu_hyper_bsp//newlib/nios2-elf/lib/libc.a(libc_a-findfp.o)
 .bss.__sf      0x0020aec8      0x138 ../cpu_hyper_bsp//newlib/nios2-elf/lib/libc.a(libc_a-findfp.o)
                0x0020aec8                __sf
 .bss           0x0020b000        0x0 ../cpu_hyper_bsp//newlib/nios2-elf/lib/libc.a(libc_a-fvwrite.o)
 .bss           0x0020b000        0x0 ../cpu_hyper_bsp//newlib/nios2-elf/lib/libc.a(libc_a-fwalk.o)
 .bss           0x0020b000        0x0 ../cpu_hyper_bsp//newlib/nios2-elf/lib/libc.a(libc_a-stdio.o)
 .bss           0x0020b000        0x0 ../cpu_hyper_bsp//newlib/nios2-elf/lib/libc.a(libc_a-wsetup.o)
 .bss           0x0020b000        0x0 ../cpu_hyper_bsp//newlib/nios2-elf/lib/libc.a(libc_a-memchr.o)
 .bss           0x0020b000        0x0 ../cpu_hyper_bsp//newlib/nios2-elf/lib/libc.a(libc_a-memcpy.o)
 .bss           0x0020b000        0x0 ../cpu_hyper_bsp//newlib/nios2-elf/lib/libc.a(libc_a-memmove.o)
 .bss           0x0020b000        0x0 ../cpu_hyper_bsp//newlib/nios2-elf/lib/libc.a(libc_a-memset.o)
 .bss           0x0020b000        0x0 ../cpu_hyper_bsp//newlib/nios2-elf/lib/libc.a(libc_a-closer.o)
 .bss           0x0020b000        0x0 ../cpu_hyper_bsp//newlib/nios2-elf/lib/libc.a(libc_a-reent.o)
 .bss           0x0020b000        0x0 ../cpu_hyper_bsp//newlib/nios2-elf/lib/libc.a(libc_a-lseekr.o)
 .bss           0x0020b000        0x0 ../cpu_hyper_bsp//newlib/nios2-elf/lib/libc.a(libc_a-readr.o)
 .bss           0x0020b000        0x0 ../cpu_hyper_bsp//newlib/nios2-elf/lib/libc.a(libc_a-writer.o)
 .bss           0x0020b000        0x0 ../cpu_hyper_bsp//newlib/nios2-elf/lib/libc.a(libc_a-exit.o)
 .bss           0x0020b000        0x0 ../cpu_hyper_bsp//newlib/nios2-elf/lib/libc.a(libc_a-freer.o)
 .bss           0x0020b000        0x0 ../cpu_hyper_bsp//newlib/nios2-elf/lib/libc.a(libc_a-mallocr.o)
 .bss.__malloc_current_mallinfo
                0x0020b000       0x28 ../cpu_hyper_bsp//newlib/nios2-elf/lib/libc.a(libc_a-mallocr.o)
                0x0020b000                __malloc_current_mallinfo
 .bss           0x0020b028        0x0 ../cpu_hyper_bsp//newlib/nios2-elf/lib/libc.a(libc_a-reallocr.o)
 .bss           0x0020b028        0x0 ../cpu_hyper_bsp//newlib/nios2-elf/lib/libc.a(libc_a-fclose.o)
 .bss           0x0020b028        0x0 ../cpu_hyper_bsp//newlib/nios2-elf/lib/libc.a(libc_a-fflush.o)
 .bss           0x0020b028        0x0 ../cpu_hyper_bsp//newlib/nios2-elf/lib/libc.a(libc_a-makebuf.o)
 .bss           0x0020b028        0x0 ../cpu_hyper_bsp//newlib/nios2-elf/lib/libc.a(libc_a-fstatr.o)
 .bss           0x0020b028        0x0 ../cpu_hyper_bsp//newlib/nios2-elf/lib/libc.a(libc_a-isattyr.o)
 .bss           0x0020b028        0x0 ../cpu_hyper_bsp//newlib/nios2-elf/lib/libc.a(libc_a-sbrkr.o)
 .bss           0x0020b028        0x0 ../cpu_hyper_bsp//newlib/nios2-elf/lib/libc.a(libc_a-__call_atexit.o)
 .bss           0x0020b028        0x0 /home/teo/intelFPGA_lite/23.1std/nios2eds/bin/gnu/H-x86_64-pc-linux-gnu/bin/../lib/gcc/nios2-elf/12.3.1/libgcc.a(lib2-divmod.o)
 .bss           0x0020b028        0x0 ../cpu_hyper_bsp//libhal_bsp.a(alt_close.o)
 .bss           0x0020b028        0x0 ../cpu_hyper_bsp//libhal_bsp.a(alt_dev.o)
 .bss           0x0020b028        0x0 ../cpu_hyper_bsp//libhal_bsp.a(alt_errno.o)
 .bss           0x0020b028        0x0 ../cpu_hyper_bsp//libhal_bsp.a(alt_exit.o)
 .bss           0x0020b028        0x0 ../cpu_hyper_bsp//libhal_bsp.a(alt_fstat.o)
 .bss           0x0020b028        0x0 ../cpu_hyper_bsp//libhal_bsp.a(alt_isatty.o)
 .bss           0x0020b028        0x0 ../cpu_hyper_bsp//libhal_bsp.a(alt_load.o)
 .bss           0x0020b028        0x0 ../cpu_hyper_bsp//libhal_bsp.a(alt_lseek.o)
 .bss           0x0020b028        0x0 ../cpu_hyper_bsp//libhal_bsp.a(alt_main.o)
 .bss           0x0020b028        0x0 ../cpu_hyper_bsp//libhal_bsp.a(alt_malloc_lock.o)
 .bss           0x0020b028        0x0 ../cpu_hyper_bsp//libhal_bsp.a(alt_read.o)
 .bss           0x0020b028        0x0 ../cpu_hyper_bsp//libhal_bsp.a(alt_release_fd.o)
 .bss           0x0020b028        0x0 ../cpu_hyper_bsp//libhal_bsp.a(alt_sbrk.o)
 .bss           0x0020b028        0x0 ../cpu_hyper_bsp//libhal_bsp.a(alt_write.o)
 .bss           0x0020b028        0x0 ../cpu_hyper_bsp//libhal_bsp.a(alt_sys_init.o)
 .bss           0x0020b028        0x0 ../cpu_hyper_bsp//libhal_bsp.a(altera_avalon_jtag_uart_fd.o)
 .bss           0x0020b028        0x0 ../cpu_hyper_bsp//libhal_bsp.a(altera_avalon_jtag_uart_init.o)
 .bss           0x0020b028        0x0 ../cpu_hyper_bsp//libhal_bsp.a(altera_avalon_jtag_uart_ioctl.o)
 .bss           0x0020b028        0x0 ../cpu_hyper_bsp//libhal_bsp.a(altera_avalon_jtag_uart_read.o)
 .bss           0x0020b028        0x0 ../cpu_hyper_bsp//libhal_bsp.a(altera_avalon_jtag_uart_write.o)
 .bss           0x0020b028        0x0 ../cpu_hyper_bsp//libhal_bsp.a(altera_avalon_uart_fd.o)
 .bss           0x0020b028        0x0 ../cpu_hyper_bsp//libhal_bsp.a(altera_avalon_uart_init.o)
 .bss           0x0020b028        0x0 ../cpu_hyper_bsp//libhal_bsp.a(altera_avalon_uart_read.o)
 .bss           0x0020b028        0x0 ../cpu_hyper_bsp//libhal_bsp.a(altera_avalon_uart_write.o)
 .bss           0x0020b028        0x0 ../cpu_hyper_bsp//libhal_bsp.a(alt_alarm_start.o)
 .bss           0x0020b028        0x0 ../cpu_hyper_bsp//libhal_bsp.a(alt_dcache_flush_all.o)
 .bss           0x0020b028        0x0 ../cpu_hyper_bsp//libhal_bsp.a(alt_dev_llist_insert.o)
 .bss           0x0020b028        0x0 ../cpu_hyper_bsp//libhal_bsp.a(alt_do_ctors.o)
 .bss           0x0020b028        0x0 ../cpu_hyper_bsp//libhal_bsp.a(alt_do_dtors.o)
 .bss           0x0020b028        0x0 ../cpu_hyper_bsp//libhal_bsp.a(alt_icache_flush_all.o)
 .bss           0x0020b028        0x0 ../cpu_hyper_bsp//libhal_bsp.a(alt_iic.o)
 .bss           0x0020b028        0x0 ../cpu_hyper_bsp//libhal_bsp.a(alt_iic_isr_register.o)
 .bss           0x0020b028        0x0 ../cpu_hyper_bsp//libhal_bsp.a(alt_io_redirect.o)
 .bss           0x0020b028        0x0 ../cpu_hyper_bsp//libhal_bsp.a(alt_irq_entry.o)
 .bss           0x0020b028      0x100 ../cpu_hyper_bsp//libhal_bsp.a(alt_irq_handler.o)
                0x0020b028                alt_irq
 .bss           0x0020b128        0x0 ../cpu_hyper_bsp//libhal_bsp.a(alt_irq_vars.o)
 .bss           0x0020b128        0x0 ../cpu_hyper_bsp//libhal_bsp.a(alt_open.o)
 .bss           0x0020b128        0x0 ../cpu_hyper_bsp//libhal_bsp.a(alt_tick.o)
 .bss           0x0020b128        0x0 ../cpu_hyper_bsp//libhal_bsp.a(altera_nios2_gen2_irq.o)
 .bss           0x0020b128        0x0 ../cpu_hyper_bsp//libhal_bsp.a(alt_exception_entry.o)
 .bss           0x0020b128        0x0 ../cpu_hyper_bsp//libhal_bsp.a(alt_find_dev.o)
 .bss           0x0020b128        0x0 ../cpu_hyper_bsp//libhal_bsp.a(alt_find_file.o)
 .bss           0x0020b128        0x0 ../cpu_hyper_bsp//libhal_bsp.a(alt_get_fd.o)
 .bss           0x0020b128        0x0 ../cpu_hyper_bsp//libhal_bsp.a(alt_icache_flush.o)
 .bss           0x0020b128        0x0 ../cpu_hyper_bsp//libhal_bsp.a(alt_instruction_exception_entry.o)
 .bss           0x0020b128        0x0 ../cpu_hyper_bsp//newlib/nios2-elf/lib/libc.a(libc_a-atexit.o)
 .bss           0x0020b128        0x0 ../cpu_hyper_bsp//newlib/nios2-elf/lib/libc.a(libc_a-memcmp.o)
 .bss           0x0020b128        0x0 ../cpu_hyper_bsp//newlib/nios2-elf/lib/libc.a(libc_a-__atexit.o)
 .bss.__atexit0
                0x0020b128      0x190 ../cpu_hyper_bsp//newlib/nios2-elf/lib/libc.a(libc_a-__atexit.o)
                0x0020b128                __atexit0
 *(COMMON)
                0x0020b2b8                        . = ALIGN (0x4)
                0x0020b2b8                        __bss_end = ABSOLUTE (.)

.RAM            0x0020b2b8        0x0
                [!provide]                        PROVIDE (_alt_partition_RAM_start = ABSOLUTE (.))
 *(.RAM .RAM. RAM.*)
                0x0020b2b8                        . = ALIGN (0x4)
                [!provide]                        PROVIDE (_alt_partition_RAM_end = ABSOLUTE (.))
                0x0020b2b8                        _end = ABSOLUTE (.)
                0x0020b2b8                        end = ABSOLUTE (.)
                0x0020b2b8                        __alt_stack_base = ABSOLUTE (.)
                [!provide]                        PROVIDE (_alt_partition_RAM_load_addr = LOADADDR (.RAM))

.stab
 *(.stab)

.stabstr
 *(.stabstr)

.stab.excl
 *(.stab.excl)

.stab.exclstr
 *(.stab.exclstr)

.stab.index
 *(.stab.index)

.stab.indexstr
 *(.stab.indexstr)

.comment        0x00000000       0x2d
 *(.comment)
 .comment       0x00000000       0x2d obj/default/hello_world.o
                                 0x2e (size before relaxing)
 .comment       0x0000002d       0x2e ../cpu_hyper_bsp//newlib/nios2-elf/lib/libc.a(libc_a-puts.o)
 .comment       0x0000002d       0x2e ../cpu_hyper_bsp//newlib/nios2-elf/lib/libc.a(libc_a-strlen.o)
 .comment       0x0000002d       0x2e ../cpu_hyper_bsp//newlib/nios2-elf/lib/libc.a(libc_a-impure.o)
 .comment       0x0000002d       0x2e ../cpu_hyper_bsp//newlib/nios2-elf/lib/libc.a(libc_a-findfp.o)
 .comment       0x0000002d       0x2e ../cpu_hyper_bsp//newlib/nios2-elf/lib/libc.a(libc_a-fvwrite.o)
 .comment       0x0000002d       0x2e ../cpu_hyper_bsp//newlib/nios2-elf/lib/libc.a(libc_a-fwalk.o)
 .comment       0x0000002d       0x2e ../cpu_hyper_bsp//newlib/nios2-elf/lib/libc.a(libc_a-stdio.o)
 .comment       0x0000002d       0x2e ../cpu_hyper_bsp//newlib/nios2-elf/lib/libc.a(libc_a-wsetup.o)
 .comment       0x0000002d       0x2e ../cpu_hyper_bsp//newlib/nios2-elf/lib/libc.a(libc_a-memchr.o)
 .comment       0x0000002d       0x2e ../cpu_hyper_bsp//newlib/nios2-elf/lib/libc.a(libc_a-memcpy.o)
 .comment       0x0000002d       0x2e ../cpu_hyper_bsp//newlib/nios2-elf/lib/libc.a(libc_a-memmove.o)
 .comment       0x0000002d       0x2e ../cpu_hyper_bsp//newlib/nios2-elf/lib/libc.a(libc_a-memset.o)
 .comment       0x0000002d       0x2e ../cpu_hyper_bsp//newlib/nios2-elf/lib/libc.a(libc_a-closer.o)
 .comment       0x0000002d       0x2e ../cpu_hyper_bsp//newlib/nios2-elf/lib/libc.a(libc_a-reent.o)
 .comment       0x0000002d       0x2e ../cpu_hyper_bsp//newlib/nios2-elf/lib/libc.a(libc_a-lseekr.o)
 .comment       0x0000002d       0x2e ../cpu_hyper_bsp//newlib/nios2-elf/lib/libc.a(libc_a-readr.o)
 .comment       0x0000002d       0x2e ../cpu_hyper_bsp//newlib/nios2-elf/lib/libc.a(libc_a-writer.o)
 .comment       0x0000002d       0x2e ../cpu_hyper_bsp//newlib/nios2-elf/lib/libc.a(libc_a-exit.o)
 .comment       0x0000002d       0x2e ../cpu_hyper_bsp//newlib/nios2-elf/lib/libc.a(libc_a-freer.o)
 .comment       0x0000002d       0x2e ../cpu_hyper_bsp//newlib/nios2-elf/lib/libc.a(libc_a-mallocr.o)
 .comment       0x0000002d       0x2e ../cpu_hyper_bsp//newlib/nios2-elf/lib/libc.a(libc_a-reallocr.o)
 .comment       0x0000002d       0x2e ../cpu_hyper_bsp//newlib/nios2-elf/lib/libc.a(libc_a-fclose.o)
 .comment       0x0000002d       0x2e ../cpu_hyper_bsp//newlib/nios2-elf/lib/libc.a(libc_a-fflush.o)
 .comment       0x0000002d       0x2e ../cpu_hyper_bsp//newlib/nios2-elf/lib/libc.a(libc_a-makebuf.o)
 .comment       0x0000002d       0x2e ../cpu_hyper_bsp//newlib/nios2-elf/lib/libc.a(libc_a-fstatr.o)
 .comment       0x0000002d       0x2e ../cpu_hyper_bsp//newlib/nios2-elf/lib/libc.a(libc_a-isattyr.o)
 .comment       0x0000002d       0x2e ../cpu_hyper_bsp//newlib/nios2-elf/lib/libc.a(libc_a-sbrkr.o)
 .comment       0x0000002d       0x2e ../cpu_hyper_bsp//newlib/nios2-elf/lib/libc.a(libc_a-__call_atexit.o)
 .comment       0x0000002d       0x2e /home/teo/intelFPGA_lite/23.1std/nios2eds/bin/gnu/H-x86_64-pc-linux-gnu/bin/../lib/gcc/nios2-elf/12.3.1/libgcc.a(lib2-divmod.o)
 .comment       0x0000002d       0x2e ../cpu_hyper_bsp//libhal_bsp.a(alt_close.o)
 .comment       0x0000002d       0x2e ../cpu_hyper_bsp//libhal_bsp.a(alt_dev.o)
 .comment       0x0000002d       0x2e ../cpu_hyper_bsp//libhal_bsp.a(alt_errno.o)
 .comment       0x0000002d       0x2e ../cpu_hyper_bsp//libhal_bsp.a(alt_exit.o)
 .comment       0x0000002d       0x2e ../cpu_hyper_bsp//libhal_bsp.a(alt_fstat.o)
 .comment       0x0000002d       0x2e ../cpu_hyper_bsp//libhal_bsp.a(alt_isatty.o)
 .comment       0x0000002d       0x2e ../cpu_hyper_bsp//libhal_bsp.a(alt_load.o)
 .comment       0x0000002d       0x2e ../cpu_hyper_bsp//libhal_bsp.a(alt_lseek.o)
 .comment       0x0000002d       0x2e ../cpu_hyper_bsp//libhal_bsp.a(alt_main.o)
 .comment       0x0000002d       0x2e ../cpu_hyper_bsp//libhal_bsp.a(alt_malloc_lock.o)
 .comment       0x0000002d       0x2e ../cpu_hyper_bsp//libhal_bsp.a(alt_read.o)
 .comment       0x0000002d       0x2e ../cpu_hyper_bsp//libhal_bsp.a(alt_release_fd.o)
 .comment       0x0000002d       0x2e ../cpu_hyper_bsp//libhal_bsp.a(alt_sbrk.o)
 .comment       0x0000002d       0x2e ../cpu_hyper_bsp//libhal_bsp.a(alt_write.o)
 .comment       0x0000002d       0x2e ../cpu_hyper_bsp//libhal_bsp.a(alt_sys_init.o)
 .comment       0x0000002d       0x2e ../cpu_hyper_bsp//libhal_bsp.a(altera_avalon_jtag_uart_fd.o)
 .comment       0x0000002d       0x2e ../cpu_hyper_bsp//libhal_bsp.a(altera_avalon_jtag_uart_init.o)
 .comment       0x0000002d       0x2e ../cpu_hyper_bsp//libhal_bsp.a(altera_avalon_jtag_uart_ioctl.o)
 .comment       0x0000002d       0x2e ../cpu_hyper_bsp//libhal_bsp.a(altera_avalon_jtag_uart_read.o)
 .comment       0x0000002d       0x2e ../cpu_hyper_bsp//libhal_bsp.a(altera_avalon_jtag_uart_write.o)
 .comment       0x0000002d       0x2e ../cpu_hyper_bsp//libhal_bsp.a(altera_avalon_uart_fd.o)
 .comment       0x0000002d       0x2e ../cpu_hyper_bsp//libhal_bsp.a(altera_avalon_uart_init.o)
 .comment       0x0000002d       0x2e ../cpu_hyper_bsp//libhal_bsp.a(altera_avalon_uart_read.o)
 .comment       0x0000002d       0x2e ../cpu_hyper_bsp//libhal_bsp.a(altera_avalon_uart_write.o)
 .comment       0x0000002d       0x2e ../cpu_hyper_bsp//libhal_bsp.a(alt_alarm_start.o)
 .comment       0x0000002d       0x2e ../cpu_hyper_bsp//libhal_bsp.a(alt_dcache_flush_all.o)
 .comment       0x0000002d       0x2e ../cpu_hyper_bsp//libhal_bsp.a(alt_dev_llist_insert.o)
 .comment       0x0000002d       0x2e ../cpu_hyper_bsp//libhal_bsp.a(alt_do_ctors.o)
 .comment       0x0000002d       0x2e ../cpu_hyper_bsp//libhal_bsp.a(alt_do_dtors.o)
 .comment       0x0000002d       0x2e ../cpu_hyper_bsp//libhal_bsp.a(alt_icache_flush_all.o)
 .comment       0x0000002d       0x2e ../cpu_hyper_bsp//libhal_bsp.a(alt_iic.o)
 .comment       0x0000002d       0x2e ../cpu_hyper_bsp//libhal_bsp.a(alt_iic_isr_register.o)
 .comment       0x0000002d       0x2e ../cpu_hyper_bsp//libhal_bsp.a(alt_io_redirect.o)
 .comment       0x0000002d       0x2e ../cpu_hyper_bsp//libhal_bsp.a(alt_irq_handler.o)
 .comment       0x0000002d       0x2e ../cpu_hyper_bsp//libhal_bsp.a(alt_irq_vars.o)
 .comment       0x0000002d       0x2e ../cpu_hyper_bsp//libhal_bsp.a(alt_open.o)
 .comment       0x0000002d       0x2e ../cpu_hyper_bsp//libhal_bsp.a(alt_tick.o)
 .comment       0x0000002d       0x2e ../cpu_hyper_bsp//libhal_bsp.a(altera_nios2_gen2_irq.o)
 .comment       0x0000002d       0x2e ../cpu_hyper_bsp//libhal_bsp.a(alt_find_dev.o)
 .comment       0x0000002d       0x2e ../cpu_hyper_bsp//libhal_bsp.a(alt_find_file.o)
 .comment       0x0000002d       0x2e ../cpu_hyper_bsp//libhal_bsp.a(alt_get_fd.o)
 .comment       0x0000002d       0x2e ../cpu_hyper_bsp//libhal_bsp.a(alt_icache_flush.o)
 .comment       0x0000002d       0x2e ../cpu_hyper_bsp//libhal_bsp.a(alt_instruction_exception_entry.o)
 .comment       0x0000002d       0x2e ../cpu_hyper_bsp//newlib/nios2-elf/lib/libc.a(libc_a-atexit.o)
 .comment       0x0000002d       0x2e ../cpu_hyper_bsp//newlib/nios2-elf/lib/libc.a(libc_a-memcmp.o)
 .comment       0x0000002d       0x2e ../cpu_hyper_bsp//newlib/nios2-elf/lib/libc.a(libc_a-__atexit.o)

.debug
 *(.debug)

.line
 *(.line)

.debug_srcinfo
 *(.debug_srcinfo)

.debug_sfnames
 *(.debug_sfnames)

.debug_aranges  0x00000000      0xac8
 *(.debug_aranges)
 .debug_aranges
                0x00000000       0x28 ../cpu_hyper_bsp//obj/HAL/src/crt0.o
 .debug_aranges
                0x00000028       0x20 obj/default/hello_world.o
 .debug_aranges
                0x00000048       0x28 ../cpu_hyper_bsp//newlib/nios2-elf/lib/libc.a(libc_a-puts.o)
 .debug_aranges
                0x00000070       0x20 ../cpu_hyper_bsp//newlib/nios2-elf/lib/libc.a(libc_a-strlen.o)
 .debug_aranges
                0x00000090       0x18 ../cpu_hyper_bsp//newlib/nios2-elf/lib/libc.a(libc_a-impure.o)
 .debug_aranges
                0x000000a8       0x98 ../cpu_hyper_bsp//newlib/nios2-elf/lib/libc.a(libc_a-findfp.o)
 .debug_aranges
                0x00000140       0x20 ../cpu_hyper_bsp//newlib/nios2-elf/lib/libc.a(libc_a-fvwrite.o)
 .debug_aranges
                0x00000160       0x20 ../cpu_hyper_bsp//newlib/nios2-elf/lib/libc.a(libc_a-fwalk.o)
 .debug_aranges
                0x00000180       0x40 ../cpu_hyper_bsp//newlib/nios2-elf/lib/libc.a(libc_a-stdio.o)
 .debug_aranges
                0x000001c0       0x20 ../cpu_hyper_bsp//newlib/nios2-elf/lib/libc.a(libc_a-wsetup.o)
 .debug_aranges
                0x000001e0       0x20 ../cpu_hyper_bsp//newlib/nios2-elf/lib/libc.a(libc_a-memchr.o)
 .debug_aranges
                0x00000200       0x20 ../cpu_hyper_bsp//newlib/nios2-elf/lib/libc.a(libc_a-memcpy.o)
 .debug_aranges
                0x00000220       0x20 ../cpu_hyper_bsp//newlib/nios2-elf/lib/libc.a(libc_a-memmove.o)
 .debug_aranges
                0x00000240       0x20 ../cpu_hyper_bsp//newlib/nios2-elf/lib/libc.a(libc_a-memset.o)
 .debug_aranges
                0x00000260       0x20 ../cpu_hyper_bsp//newlib/nios2-elf/lib/libc.a(libc_a-closer.o)
 .debug_aranges
                0x00000280       0x20 ../cpu_hyper_bsp//newlib/nios2-elf/lib/libc.a(libc_a-reent.o)
 .debug_aranges
                0x000002a0       0x20 ../cpu_hyper_bsp//newlib/nios2-elf/lib/libc.a(libc_a-lseekr.o)
 .debug_aranges
                0x000002c0       0x20 ../cpu_hyper_bsp//newlib/nios2-elf/lib/libc.a(libc_a-readr.o)
 .debug_aranges
                0x000002e0       0x20 ../cpu_hyper_bsp//newlib/nios2-elf/lib/libc.a(libc_a-writer.o)
 .debug_aranges
                0x00000300       0x20 ../cpu_hyper_bsp//newlib/nios2-elf/lib/libc.a(libc_a-exit.o)
 .debug_aranges
                0x00000320       0x28 ../cpu_hyper_bsp//newlib/nios2-elf/lib/libc.a(libc_a-freer.o)
 .debug_aranges
                0x00000348       0x28 ../cpu_hyper_bsp//newlib/nios2-elf/lib/libc.a(libc_a-mallocr.o)
 .debug_aranges
                0x00000370       0x20 ../cpu_hyper_bsp//newlib/nios2-elf/lib/libc.a(libc_a-reallocr.o)
 .debug_aranges
                0x00000390       0x28 ../cpu_hyper_bsp//newlib/nios2-elf/lib/libc.a(libc_a-fclose.o)
 .debug_aranges
                0x000003b8       0x30 ../cpu_hyper_bsp//newlib/nios2-elf/lib/libc.a(libc_a-fflush.o)
 .debug_aranges
                0x000003e8       0x28 ../cpu_hyper_bsp//newlib/nios2-elf/lib/libc.a(libc_a-makebuf.o)
 .debug_aranges
                0x00000410       0x20 ../cpu_hyper_bsp//newlib/nios2-elf/lib/libc.a(libc_a-fstatr.o)
 .debug_aranges
                0x00000430       0x20 ../cpu_hyper_bsp//newlib/nios2-elf/lib/libc.a(libc_a-isattyr.o)
 .debug_aranges
                0x00000450       0x20 ../cpu_hyper_bsp//newlib/nios2-elf/lib/libc.a(libc_a-sbrkr.o)
 .debug_aranges
                0x00000470       0x20 ../cpu_hyper_bsp//newlib/nios2-elf/lib/libc.a(libc_a-__call_atexit.o)
 .debug_aranges
                0x00000490       0x20 /home/teo/intelFPGA_lite/23.1std/nios2eds/bin/gnu/H-x86_64-pc-linux-gnu/bin/../lib/gcc/nios2-elf/12.3.1/libgcc.a(lib2-divmod.o)
 .debug_aranges
                0x000004b0       0x20 ../cpu_hyper_bsp//libhal_bsp.a(alt_close.o)
 .debug_aranges
                0x000004d0       0x20 ../cpu_hyper_bsp//libhal_bsp.a(alt_dev.o)
 .debug_aranges
                0x000004f0       0x18 ../cpu_hyper_bsp//libhal_bsp.a(alt_errno.o)
 .debug_aranges
                0x00000508       0x20 ../cpu_hyper_bsp//libhal_bsp.a(alt_exit.o)
 .debug_aranges
                0x00000528       0x20 ../cpu_hyper_bsp//libhal_bsp.a(alt_fstat.o)
 .debug_aranges
                0x00000548       0x20 ../cpu_hyper_bsp//libhal_bsp.a(alt_isatty.o)
 .debug_aranges
                0x00000568       0x20 ../cpu_hyper_bsp//libhal_bsp.a(alt_load.o)
 .debug_aranges
                0x00000588       0x20 ../cpu_hyper_bsp//libhal_bsp.a(alt_lseek.o)
 .debug_aranges
                0x000005a8       0x20 ../cpu_hyper_bsp//libhal_bsp.a(alt_main.o)
 .debug_aranges
                0x000005c8       0x20 ../cpu_hyper_bsp//libhal_bsp.a(alt_malloc_lock.o)
 .debug_aranges
                0x000005e8       0x20 ../cpu_hyper_bsp//libhal_bsp.a(alt_read.o)
 .debug_aranges
                0x00000608       0x20 ../cpu_hyper_bsp//libhal_bsp.a(alt_release_fd.o)
 .debug_aranges
                0x00000628       0x20 ../cpu_hyper_bsp//libhal_bsp.a(alt_sbrk.o)
 .debug_aranges
                0x00000648       0x20 ../cpu_hyper_bsp//libhal_bsp.a(alt_write.o)
 .debug_aranges
                0x00000668       0x20 ../cpu_hyper_bsp//libhal_bsp.a(alt_sys_init.o)
 .debug_aranges
                0x00000688       0x20 ../cpu_hyper_bsp//libhal_bsp.a(altera_avalon_jtag_uart_fd.o)
 .debug_aranges
                0x000006a8       0x20 ../cpu_hyper_bsp//libhal_bsp.a(altera_avalon_jtag_uart_init.o)
 .debug_aranges
                0x000006c8       0x20 ../cpu_hyper_bsp//libhal_bsp.a(altera_avalon_jtag_uart_ioctl.o)
 .debug_aranges
                0x000006e8       0x20 ../cpu_hyper_bsp//libhal_bsp.a(altera_avalon_jtag_uart_read.o)
 .debug_aranges
                0x00000708       0x20 ../cpu_hyper_bsp//libhal_bsp.a(altera_avalon_jtag_uart_write.o)
 .debug_aranges
                0x00000728       0x20 ../cpu_hyper_bsp//libhal_bsp.a(altera_avalon_uart_fd.o)
 .debug_aranges
                0x00000748       0x20 ../cpu_hyper_bsp//libhal_bsp.a(altera_avalon_uart_init.o)
 .debug_aranges
                0x00000768       0x20 ../cpu_hyper_bsp//libhal_bsp.a(altera_avalon_uart_read.o)
 .debug_aranges
                0x00000788       0x20 ../cpu_hyper_bsp//libhal_bsp.a(altera_avalon_uart_write.o)
 .debug_aranges
                0x000007a8       0x20 ../cpu_hyper_bsp//libhal_bsp.a(alt_alarm_start.o)
 .debug_aranges
                0x000007c8       0x20 ../cpu_hyper_bsp//libhal_bsp.a(alt_dcache_flush_all.o)
 .debug_aranges
                0x000007e8       0x20 ../cpu_hyper_bsp//libhal_bsp.a(alt_dev_llist_insert.o)
 .debug_aranges
                0x00000808       0x20 ../cpu_hyper_bsp//libhal_bsp.a(alt_do_ctors.o)
 .debug_aranges
                0x00000828       0x20 ../cpu_hyper_bsp//libhal_bsp.a(alt_do_dtors.o)
 .debug_aranges
                0x00000848       0x20 ../cpu_hyper_bsp//libhal_bsp.a(alt_icache_flush_all.o)
 .debug_aranges
                0x00000868       0x20 ../cpu_hyper_bsp//libhal_bsp.a(alt_iic.o)
 .debug_aranges
                0x00000888       0x20 ../cpu_hyper_bsp//libhal_bsp.a(alt_iic_isr_register.o)
 .debug_aranges
                0x000008a8       0x20 ../cpu_hyper_bsp//libhal_bsp.a(alt_io_redirect.o)
 .debug_aranges
                0x000008c8       0x30 ../cpu_hyper_bsp//libhal_bsp.a(alt_irq_entry.o)
 .debug_aranges
                0x000008f8       0x20 ../cpu_hyper_bsp//libhal_bsp.a(alt_irq_handler.o)
 .debug_aranges
                0x00000918       0x18 ../cpu_hyper_bsp//libhal_bsp.a(alt_irq_vars.o)
 .debug_aranges
                0x00000930       0x20 ../cpu_hyper_bsp//libhal_bsp.a(alt_open.o)
 .debug_aranges
                0x00000950       0x20 ../cpu_hyper_bsp//libhal_bsp.a(alt_tick.o)
 .debug_aranges
                0x00000970       0x20 ../cpu_hyper_bsp//libhal_bsp.a(altera_nios2_gen2_irq.o)
 .debug_aranges
                0x00000990       0x30 ../cpu_hyper_bsp//libhal_bsp.a(alt_exception_entry.o)
 .debug_aranges
                0x000009c0       0x20 ../cpu_hyper_bsp//libhal_bsp.a(alt_find_dev.o)
 .debug_aranges
                0x000009e0       0x20 ../cpu_hyper_bsp//libhal_bsp.a(alt_find_file.o)
 .debug_aranges
                0x00000a00       0x20 ../cpu_hyper_bsp//libhal_bsp.a(alt_get_fd.o)
 .debug_aranges
                0x00000a20       0x20 ../cpu_hyper_bsp//libhal_bsp.a(alt_icache_flush.o)
 .debug_aranges
                0x00000a40       0x28 ../cpu_hyper_bsp//libhal_bsp.a(alt_instruction_exception_entry.o)
 .debug_aranges
                0x00000a68       0x20 ../cpu_hyper_bsp//newlib/nios2-elf/lib/libc.a(libc_a-atexit.o)
 .debug_aranges
                0x00000a88       0x20 ../cpu_hyper_bsp//newlib/nios2-elf/lib/libc.a(libc_a-memcmp.o)
 .debug_aranges
                0x00000aa8       0x20 ../cpu_hyper_bsp//newlib/nios2-elf/lib/libc.a(libc_a-__atexit.o)

.debug_pubnames
 *(.debug_pubnames)

.debug_info     0x00000000    0x143d5
 *(.debug_info .gnu.linkonce.wi.*)
 .debug_info    0x00000000       0x3f ../cpu_hyper_bsp//obj/HAL/src/crt0.o
 .debug_info    0x0000003f       0x91 obj/default/hello_world.o
 .debug_info    0x000000d0      0x88c ../cpu_hyper_bsp//newlib/nios2-elf/lib/libc.a(libc_a-puts.o)
 .debug_info    0x0000095c       0xdc ../cpu_hyper_bsp//newlib/nios2-elf/lib/libc.a(libc_a-strlen.o)
 .debug_info    0x00000a38      0x729 ../cpu_hyper_bsp//newlib/nios2-elf/lib/libc.a(libc_a-impure.o)
 .debug_info    0x00001161      0xbeb ../cpu_hyper_bsp//newlib/nios2-elf/lib/libc.a(libc_a-findfp.o)
 .debug_info    0x00001d4c      0x950 ../cpu_hyper_bsp//newlib/nios2-elf/lib/libc.a(libc_a-fvwrite.o)
 .debug_info    0x0000269c      0x7b4 ../cpu_hyper_bsp//newlib/nios2-elf/lib/libc.a(libc_a-fwalk.o)
 .debug_info    0x00002e50      0x974 ../cpu_hyper_bsp//newlib/nios2-elf/lib/libc.a(libc_a-stdio.o)
 .debug_info    0x000037c4      0x78c ../cpu_hyper_bsp//newlib/nios2-elf/lib/libc.a(libc_a-wsetup.o)
 .debug_info    0x00003f50      0x122 ../cpu_hyper_bsp//newlib/nios2-elf/lib/libc.a(libc_a-memchr.o)
 .debug_info    0x00004072      0x134 ../cpu_hyper_bsp//newlib/nios2-elf/lib/libc.a(libc_a-memcpy.o)
 .debug_info    0x000041a6      0x12a ../cpu_hyper_bsp//newlib/nios2-elf/lib/libc.a(libc_a-memmove.o)
 .debug_info    0x000042d0      0x112 ../cpu_hyper_bsp//newlib/nios2-elf/lib/libc.a(libc_a-memset.o)
 .debug_info    0x000043e2      0x74a ../cpu_hyper_bsp//newlib/nios2-elf/lib/libc.a(libc_a-closer.o)
 .debug_info    0x00004b2c      0x77c ../cpu_hyper_bsp//newlib/nios2-elf/lib/libc.a(libc_a-reent.o)
 .debug_info    0x000052a8      0x789 ../cpu_hyper_bsp//newlib/nios2-elf/lib/libc.a(libc_a-lseekr.o)
 .debug_info    0x00005a31      0x788 ../cpu_hyper_bsp//newlib/nios2-elf/lib/libc.a(libc_a-readr.o)
 .debug_info    0x000061b9      0x78e ../cpu_hyper_bsp//newlib/nios2-elf/lib/libc.a(libc_a-writer.o)
 .debug_info    0x00006947       0xe7 ../cpu_hyper_bsp//newlib/nios2-elf/lib/libc.a(libc_a-exit.o)
 .debug_info    0x00006a2e      0x9ee ../cpu_hyper_bsp//newlib/nios2-elf/lib/libc.a(libc_a-freer.o)
 .debug_info    0x0000741c      0xad2 ../cpu_hyper_bsp//newlib/nios2-elf/lib/libc.a(libc_a-mallocr.o)
 .debug_info    0x00007eee      0xa4c ../cpu_hyper_bsp//newlib/nios2-elf/lib/libc.a(libc_a-reallocr.o)
 .debug_info    0x0000893a      0x7d8 ../cpu_hyper_bsp//newlib/nios2-elf/lib/libc.a(libc_a-fclose.o)
 .debug_info    0x00009112      0x8df ../cpu_hyper_bsp//newlib/nios2-elf/lib/libc.a(libc_a-fflush.o)
 .debug_info    0x000099f1      0xa39 ../cpu_hyper_bsp//newlib/nios2-elf/lib/libc.a(libc_a-makebuf.o)
 .debug_info    0x0000a42a      0x95d ../cpu_hyper_bsp//newlib/nios2-elf/lib/libc.a(libc_a-fstatr.o)
 .debug_info    0x0000ad87      0x74a ../cpu_hyper_bsp//newlib/nios2-elf/lib/libc.a(libc_a-isattyr.o)
 .debug_info    0x0000b4d1      0x76b ../cpu_hyper_bsp//newlib/nios2-elf/lib/libc.a(libc_a-sbrkr.o)
 .debug_info    0x0000bc3c      0x200 ../cpu_hyper_bsp//newlib/nios2-elf/lib/libc.a(libc_a-__call_atexit.o)
 .debug_info    0x0000be3c      0x347 /home/teo/intelFPGA_lite/23.1std/nios2eds/bin/gnu/H-x86_64-pc-linux-gnu/bin/../lib/gcc/nios2-elf/12.3.1/libgcc.a(lib2-divmod.o)
 .debug_info    0x0000c183      0x32f ../cpu_hyper_bsp//libhal_bsp.a(alt_close.o)
 .debug_info    0x0000c4b2      0x567 ../cpu_hyper_bsp//libhal_bsp.a(alt_dev.o)
 .debug_info    0x0000ca19       0xa8 ../cpu_hyper_bsp//libhal_bsp.a(alt_errno.o)
 .debug_info    0x0000cac1       0xe2 ../cpu_hyper_bsp//libhal_bsp.a(alt_exit.o)
 .debug_info    0x0000cba3      0x51b ../cpu_hyper_bsp//libhal_bsp.a(alt_fstat.o)
 .debug_info    0x0000d0be      0x539 ../cpu_hyper_bsp//libhal_bsp.a(alt_isatty.o)
 .debug_info    0x0000d5f7      0x144 ../cpu_hyper_bsp//libhal_bsp.a(alt_load.o)
 .debug_info    0x0000d73b      0x358 ../cpu_hyper_bsp//libhal_bsp.a(alt_lseek.o)
 .debug_info    0x0000da93      0x19d ../cpu_hyper_bsp//libhal_bsp.a(alt_main.o)
 .debug_info    0x0000dc30      0x72b ../cpu_hyper_bsp//libhal_bsp.a(alt_malloc_lock.o)
 .debug_info    0x0000e35b      0x544 ../cpu_hyper_bsp//libhal_bsp.a(alt_read.o)
 .debug_info    0x0000e89f      0x2ac ../cpu_hyper_bsp//libhal_bsp.a(alt_release_fd.o)
 .debug_info    0x0000eb4b      0x194 ../cpu_hyper_bsp//libhal_bsp.a(alt_sbrk.o)
 .debug_info    0x0000ecdf      0x54a ../cpu_hyper_bsp//libhal_bsp.a(alt_write.o)
 .debug_info    0x0000f229      0x6db ../cpu_hyper_bsp//libhal_bsp.a(alt_sys_init.o)
 .debug_info    0x0000f904      0x593 ../cpu_hyper_bsp//libhal_bsp.a(altera_avalon_jtag_uart_fd.o)
 .debug_info    0x0000fe97      0x421 ../cpu_hyper_bsp//libhal_bsp.a(altera_avalon_jtag_uart_init.o)
 .debug_info    0x000102b8      0x25f ../cpu_hyper_bsp//libhal_bsp.a(altera_avalon_jtag_uart_ioctl.o)
 .debug_info    0x00010517      0x358 ../cpu_hyper_bsp//libhal_bsp.a(altera_avalon_jtag_uart_read.o)
 .debug_info    0x0001086f      0x354 ../cpu_hyper_bsp//libhal_bsp.a(altera_avalon_jtag_uart_write.o)
 .debug_info    0x00010bc3      0x4a6 ../cpu_hyper_bsp//libhal_bsp.a(altera_avalon_uart_fd.o)
 .debug_info    0x00011069      0x307 ../cpu_hyper_bsp//libhal_bsp.a(altera_avalon_uart_init.o)
 .debug_info    0x00011370      0x2c4 ../cpu_hyper_bsp//libhal_bsp.a(altera_avalon_uart_read.o)
 .debug_info    0x00011634      0x2c9 ../cpu_hyper_bsp//libhal_bsp.a(altera_avalon_uart_write.o)
 .debug_info    0x000118fd      0x2b9 ../cpu_hyper_bsp//libhal_bsp.a(alt_alarm_start.o)
 .debug_info    0x00011bb6       0xa1 ../cpu_hyper_bsp//libhal_bsp.a(alt_dcache_flush_all.o)
 .debug_info    0x00011c57      0x1a8 ../cpu_hyper_bsp//libhal_bsp.a(alt_dev_llist_insert.o)
 .debug_info    0x00011dff       0x83 ../cpu_hyper_bsp//libhal_bsp.a(alt_do_ctors.o)
 .debug_info    0x00011e82       0x83 ../cpu_hyper_bsp//libhal_bsp.a(alt_do_dtors.o)
 .debug_info    0x00011f05       0xb2 ../cpu_hyper_bsp//libhal_bsp.a(alt_icache_flush_all.o)
 .debug_info    0x00011fb7      0x339 ../cpu_hyper_bsp//libhal_bsp.a(alt_iic.o)
 .debug_info    0x000122f0      0x218 ../cpu_hyper_bsp//libhal_bsp.a(alt_iic_isr_register.o)
 .debug_info    0x00012508      0x561 ../cpu_hyper_bsp//libhal_bsp.a(alt_io_redirect.o)
 .debug_info    0x00012a69       0x22 ../cpu_hyper_bsp//libhal_bsp.a(alt_irq_entry.o)
 .debug_info    0x00012a8b      0x170 ../cpu_hyper_bsp//libhal_bsp.a(alt_irq_handler.o)
 .debug_info    0x00012bfb       0x88 ../cpu_hyper_bsp//libhal_bsp.a(alt_irq_vars.o)
 .debug_info    0x00012c83      0x415 ../cpu_hyper_bsp//libhal_bsp.a(alt_open.o)
 .debug_info    0x00013098      0x29e ../cpu_hyper_bsp//libhal_bsp.a(alt_tick.o)
 .debug_info    0x00013336       0x8d ../cpu_hyper_bsp//libhal_bsp.a(altera_nios2_gen2_irq.o)
 .debug_info    0x000133c3       0x22 ../cpu_hyper_bsp//libhal_bsp.a(alt_exception_entry.o)
 .debug_info    0x000133e5      0x323 ../cpu_hyper_bsp//libhal_bsp.a(alt_find_dev.o)
 .debug_info    0x00013708      0x324 ../cpu_hyper_bsp//libhal_bsp.a(alt_find_file.o)
 .debug_info    0x00013a2c      0x309 ../cpu_hyper_bsp//libhal_bsp.a(alt_get_fd.o)
 .debug_info    0x00013d35       0xd8 ../cpu_hyper_bsp//libhal_bsp.a(alt_icache_flush.o)
 .debug_info    0x00013e0d      0x1e8 ../cpu_hyper_bsp//libhal_bsp.a(alt_instruction_exception_entry.o)
 .debug_info    0x00013ff5       0xf3 ../cpu_hyper_bsp//newlib/nios2-elf/lib/libc.a(libc_a-atexit.o)
 .debug_info    0x000140e8      0x108 ../cpu_hyper_bsp//newlib/nios2-elf/lib/libc.a(libc_a-memcmp.o)
 .debug_info    0x000141f0      0x1e5 ../cpu_hyper_bsp//newlib/nios2-elf/lib/libc.a(libc_a-__atexit.o)

.debug_abbrev   0x00000000     0x674d
 *(.debug_abbrev)
 .debug_abbrev  0x00000000       0x1f ../cpu_hyper_bsp//obj/HAL/src/crt0.o
 .debug_abbrev  0x0000001f       0x43 obj/default/hello_world.o
 .debug_abbrev  0x00000062      0x22f ../cpu_hyper_bsp//newlib/nios2-elf/lib/libc.a(libc_a-puts.o)
 .debug_abbrev  0x00000291       0x8a ../cpu_hyper_bsp//newlib/nios2-elf/lib/libc.a(libc_a-strlen.o)
 .debug_abbrev  0x0000031b      0x185 ../cpu_hyper_bsp//newlib/nios2-elf/lib/libc.a(libc_a-impure.o)
 .debug_abbrev  0x000004a0      0x342 ../cpu_hyper_bsp//newlib/nios2-elf/lib/libc.a(libc_a-findfp.o)
 .debug_abbrev  0x000007e2      0x225 ../cpu_hyper_bsp//newlib/nios2-elf/lib/libc.a(libc_a-fvwrite.o)
 .debug_abbrev  0x00000a07      0x1c0 ../cpu_hyper_bsp//newlib/nios2-elf/lib/libc.a(libc_a-fwalk.o)
 .debug_abbrev  0x00000bc7      0x216 ../cpu_hyper_bsp//newlib/nios2-elf/lib/libc.a(libc_a-stdio.o)
 .debug_abbrev  0x00000ddd      0x1f2 ../cpu_hyper_bsp//newlib/nios2-elf/lib/libc.a(libc_a-wsetup.o)
 .debug_abbrev  0x00000fcf       0xbb ../cpu_hyper_bsp//newlib/nios2-elf/lib/libc.a(libc_a-memchr.o)
 .debug_abbrev  0x0000108a       0xb0 ../cpu_hyper_bsp//newlib/nios2-elf/lib/libc.a(libc_a-memcpy.o)
 .debug_abbrev  0x0000113a       0xa9 ../cpu_hyper_bsp//newlib/nios2-elf/lib/libc.a(libc_a-memmove.o)
 .debug_abbrev  0x000011e3       0x9d ../cpu_hyper_bsp//newlib/nios2-elf/lib/libc.a(libc_a-memset.o)
 .debug_abbrev  0x00001280      0x1d4 ../cpu_hyper_bsp//newlib/nios2-elf/lib/libc.a(libc_a-closer.o)
 .debug_abbrev  0x00001454      0x1fe ../cpu_hyper_bsp//newlib/nios2-elf/lib/libc.a(libc_a-reent.o)
 .debug_abbrev  0x00001652      0x1e5 ../cpu_hyper_bsp//newlib/nios2-elf/lib/libc.a(libc_a-lseekr.o)
 .debug_abbrev  0x00001837      0x1d4 ../cpu_hyper_bsp//newlib/nios2-elf/lib/libc.a(libc_a-readr.o)
 .debug_abbrev  0x00001a0b      0x1d9 ../cpu_hyper_bsp//newlib/nios2-elf/lib/libc.a(libc_a-writer.o)
 .debug_abbrev  0x00001be4       0xbe ../cpu_hyper_bsp//newlib/nios2-elf/lib/libc.a(libc_a-exit.o)
 .debug_abbrev  0x00001ca2      0x248 ../cpu_hyper_bsp//newlib/nios2-elf/lib/libc.a(libc_a-freer.o)
 .debug_abbrev  0x00001eea      0x244 ../cpu_hyper_bsp//newlib/nios2-elf/lib/libc.a(libc_a-mallocr.o)
 .debug_abbrev  0x0000212e      0x24f ../cpu_hyper_bsp//newlib/nios2-elf/lib/libc.a(libc_a-reallocr.o)
 .debug_abbrev  0x0000237d      0x25b ../cpu_hyper_bsp//newlib/nios2-elf/lib/libc.a(libc_a-fclose.o)
 .debug_abbrev  0x000025d8      0x28b ../cpu_hyper_bsp//newlib/nios2-elf/lib/libc.a(libc_a-fflush.o)
 .debug_abbrev  0x00002863      0x219 ../cpu_hyper_bsp//newlib/nios2-elf/lib/libc.a(libc_a-makebuf.o)
 .debug_abbrev  0x00002a7c      0x1e4 ../cpu_hyper_bsp//newlib/nios2-elf/lib/libc.a(libc_a-fstatr.o)
 .debug_abbrev  0x00002c60      0x1d4 ../cpu_hyper_bsp//newlib/nios2-elf/lib/libc.a(libc_a-isattyr.o)
 .debug_abbrev  0x00002e34      0x1f9 ../cpu_hyper_bsp//newlib/nios2-elf/lib/libc.a(libc_a-sbrkr.o)
 .debug_abbrev  0x0000302d      0x131 ../cpu_hyper_bsp//newlib/nios2-elf/lib/libc.a(libc_a-__call_atexit.o)
 .debug_abbrev  0x0000315e      0x10c /home/teo/intelFPGA_lite/23.1std/nios2eds/bin/gnu/H-x86_64-pc-linux-gnu/bin/../lib/gcc/nios2-elf/12.3.1/libgcc.a(lib2-divmod.o)
 .debug_abbrev  0x0000326a      0x147 ../cpu_hyper_bsp//libhal_bsp.a(alt_close.o)
 .debug_abbrev  0x000033b1      0x11b ../cpu_hyper_bsp//libhal_bsp.a(alt_dev.o)
 .debug_abbrev  0x000034cc       0x70 ../cpu_hyper_bsp//libhal_bsp.a(alt_errno.o)
 .debug_abbrev  0x0000353c       0xab ../cpu_hyper_bsp//libhal_bsp.a(alt_exit.o)
 .debug_abbrev  0x000035e7      0x132 ../cpu_hyper_bsp//libhal_bsp.a(alt_fstat.o)
 .debug_abbrev  0x00003719      0x149 ../cpu_hyper_bsp//libhal_bsp.a(alt_isatty.o)
 .debug_abbrev  0x00003862       0xc2 ../cpu_hyper_bsp//libhal_bsp.a(alt_load.o)
 .debug_abbrev  0x00003924      0x135 ../cpu_hyper_bsp//libhal_bsp.a(alt_lseek.o)
 .debug_abbrev  0x00003a59       0xfb ../cpu_hyper_bsp//libhal_bsp.a(alt_main.o)
 .debug_abbrev  0x00003b54      0x1b2 ../cpu_hyper_bsp//libhal_bsp.a(alt_malloc_lock.o)
 .debug_abbrev  0x00003d06      0x144 ../cpu_hyper_bsp//libhal_bsp.a(alt_read.o)
 .debug_abbrev  0x00003e4a       0xea ../cpu_hyper_bsp//libhal_bsp.a(alt_release_fd.o)
 .debug_abbrev  0x00003f34      0x120 ../cpu_hyper_bsp//libhal_bsp.a(alt_sbrk.o)
 .debug_abbrev  0x00004054      0x149 ../cpu_hyper_bsp//libhal_bsp.a(alt_write.o)
 .debug_abbrev  0x0000419d      0x207 ../cpu_hyper_bsp//libhal_bsp.a(alt_sys_init.o)
 .debug_abbrev  0x000043a4      0x166 ../cpu_hyper_bsp//libhal_bsp.a(altera_avalon_jtag_uart_fd.o)
 .debug_abbrev  0x0000450a      0x1e4 ../cpu_hyper_bsp//libhal_bsp.a(altera_avalon_jtag_uart_init.o)
 .debug_abbrev  0x000046ee      0x114 ../cpu_hyper_bsp//libhal_bsp.a(altera_avalon_jtag_uart_ioctl.o)
 .debug_abbrev  0x00004802      0x1d1 ../cpu_hyper_bsp//libhal_bsp.a(altera_avalon_jtag_uart_read.o)
 .debug_abbrev  0x000049d3      0x1cf ../cpu_hyper_bsp//libhal_bsp.a(altera_avalon_jtag_uart_write.o)
 .debug_abbrev  0x00004ba2      0x143 ../cpu_hyper_bsp//libhal_bsp.a(altera_avalon_uart_fd.o)
 .debug_abbrev  0x00004ce5      0x1a9 ../cpu_hyper_bsp//libhal_bsp.a(altera_avalon_uart_init.o)
 .debug_abbrev  0x00004e8e      0x1b1 ../cpu_hyper_bsp//libhal_bsp.a(altera_avalon_uart_read.o)
 .debug_abbrev  0x0000503f      0x1b8 ../cpu_hyper_bsp//libhal_bsp.a(altera_avalon_uart_write.o)
 .debug_abbrev  0x000051f7      0x191 ../cpu_hyper_bsp//libhal_bsp.a(alt_alarm_start.o)
 .debug_abbrev  0x00005388       0x5d ../cpu_hyper_bsp//libhal_bsp.a(alt_dcache_flush_all.o)
 .debug_abbrev  0x000053e5      0x12b ../cpu_hyper_bsp//libhal_bsp.a(alt_dev_llist_insert.o)
 .debug_abbrev  0x00005510       0x83 ../cpu_hyper_bsp//libhal_bsp.a(alt_do_ctors.o)
 .debug_abbrev  0x00005593       0x83 ../cpu_hyper_bsp//libhal_bsp.a(alt_do_dtors.o)
 .debug_abbrev  0x00005616       0x75 ../cpu_hyper_bsp//libhal_bsp.a(alt_icache_flush_all.o)
 .debug_abbrev  0x0000568b      0x1a9 ../cpu_hyper_bsp//libhal_bsp.a(alt_iic.o)
 .debug_abbrev  0x00005834      0x199 ../cpu_hyper_bsp//libhal_bsp.a(alt_iic_isr_register.o)
 .debug_abbrev  0x000059cd      0x157 ../cpu_hyper_bsp//libhal_bsp.a(alt_io_redirect.o)
 .debug_abbrev  0x00005b24       0x12 ../cpu_hyper_bsp//libhal_bsp.a(alt_irq_entry.o)
 .debug_abbrev  0x00005b36      0x12f ../cpu_hyper_bsp//libhal_bsp.a(alt_irq_handler.o)
 .debug_abbrev  0x00005c65       0x46 ../cpu_hyper_bsp//libhal_bsp.a(alt_irq_vars.o)
 .debug_abbrev  0x00005cab      0x191 ../cpu_hyper_bsp//libhal_bsp.a(alt_open.o)
 .debug_abbrev  0x00005e3c      0x17f ../cpu_hyper_bsp//libhal_bsp.a(alt_tick.o)
 .debug_abbrev  0x00005fbb       0x43 ../cpu_hyper_bsp//libhal_bsp.a(altera_nios2_gen2_irq.o)
 .debug_abbrev  0x00005ffe       0x12 ../cpu_hyper_bsp//libhal_bsp.a(alt_exception_entry.o)
 .debug_abbrev  0x00006010      0x10c ../cpu_hyper_bsp//libhal_bsp.a(alt_find_dev.o)
 .debug_abbrev  0x0000611c      0x11d ../cpu_hyper_bsp//libhal_bsp.a(alt_find_file.o)
 .debug_abbrev  0x00006239      0x124 ../cpu_hyper_bsp//libhal_bsp.a(alt_get_fd.o)
 .debug_abbrev  0x0000635d       0x97 ../cpu_hyper_bsp//libhal_bsp.a(alt_icache_flush.o)
 .debug_abbrev  0x000063f4       0xed ../cpu_hyper_bsp//libhal_bsp.a(alt_instruction_exception_entry.o)
 .debug_abbrev  0x000064e1       0xa9 ../cpu_hyper_bsp//newlib/nios2-elf/lib/libc.a(libc_a-atexit.o)
 .debug_abbrev  0x0000658a       0x8a ../cpu_hyper_bsp//newlib/nios2-elf/lib/libc.a(libc_a-memcmp.o)
 .debug_abbrev  0x00006614      0x139 ../cpu_hyper_bsp//newlib/nios2-elf/lib/libc.a(libc_a-__atexit.o)

.debug_line     0x00000000     0x4e64
 *(.debug_line)
 .debug_line    0x00000000       0x72 ../cpu_hyper_bsp//obj/HAL/src/crt0.o
 .debug_line    0x00000072       0x50 obj/default/hello_world.o
 .debug_line    0x000000c2       0xfa ../cpu_hyper_bsp//newlib/nios2-elf/lib/libc.a(libc_a-puts.o)
 .debug_line    0x000001bc       0x96 ../cpu_hyper_bsp//newlib/nios2-elf/lib/libc.a(libc_a-strlen.o)
 .debug_line    0x00000252       0x51 ../cpu_hyper_bsp//newlib/nios2-elf/lib/libc.a(libc_a-impure.o)
 .debug_line    0x000002a3      0x304 ../cpu_hyper_bsp//newlib/nios2-elf/lib/libc.a(libc_a-findfp.o)
 .debug_line    0x000005a7      0x335 ../cpu_hyper_bsp//newlib/nios2-elf/lib/libc.a(libc_a-fvwrite.o)
 .debug_line    0x000008dc       0xc5 ../cpu_hyper_bsp//newlib/nios2-elf/lib/libc.a(libc_a-fwalk.o)
 .debug_line    0x000009a1      0x144 ../cpu_hyper_bsp//newlib/nios2-elf/lib/libc.a(libc_a-stdio.o)
 .debug_line    0x00000ae5      0x15b ../cpu_hyper_bsp//newlib/nios2-elf/lib/libc.a(libc_a-wsetup.o)
 .debug_line    0x00000c40       0xeb ../cpu_hyper_bsp//newlib/nios2-elf/lib/libc.a(libc_a-memchr.o)
 .debug_line    0x00000d2b       0xea ../cpu_hyper_bsp//newlib/nios2-elf/lib/libc.a(libc_a-memcpy.o)
 .debug_line    0x00000e15      0x119 ../cpu_hyper_bsp//newlib/nios2-elf/lib/libc.a(libc_a-memmove.o)
 .debug_line    0x00000f2e       0xfc ../cpu_hyper_bsp//newlib/nios2-elf/lib/libc.a(libc_a-memset.o)
 .debug_line    0x0000102a       0x96 ../cpu_hyper_bsp//newlib/nios2-elf/lib/libc.a(libc_a-closer.o)
 .debug_line    0x000010c0       0xd3 ../cpu_hyper_bsp//newlib/nios2-elf/lib/libc.a(libc_a-reent.o)
 .debug_line    0x00001193       0x9c ../cpu_hyper_bsp//newlib/nios2-elf/lib/libc.a(libc_a-lseekr.o)
 .debug_line    0x0000122f       0x97 ../cpu_hyper_bsp//newlib/nios2-elf/lib/libc.a(libc_a-readr.o)
 .debug_line    0x000012c6       0x97 ../cpu_hyper_bsp//newlib/nios2-elf/lib/libc.a(libc_a-writer.o)
 .debug_line    0x0000135d       0x75 ../cpu_hyper_bsp//newlib/nios2-elf/lib/libc.a(libc_a-exit.o)
 .debug_line    0x000013d2      0x227 ../cpu_hyper_bsp//newlib/nios2-elf/lib/libc.a(libc_a-freer.o)
 .debug_line    0x000015f9      0x48e ../cpu_hyper_bsp//newlib/nios2-elf/lib/libc.a(libc_a-mallocr.o)
 .debug_line    0x00001a87      0x2dd ../cpu_hyper_bsp//newlib/nios2-elf/lib/libc.a(libc_a-reallocr.o)
 .debug_line    0x00001d64      0x115 ../cpu_hyper_bsp//newlib/nios2-elf/lib/libc.a(libc_a-fclose.o)
 .debug_line    0x00001e79      0x24e ../cpu_hyper_bsp//newlib/nios2-elf/lib/libc.a(libc_a-fflush.o)
 .debug_line    0x000020c7      0x19b ../cpu_hyper_bsp//newlib/nios2-elf/lib/libc.a(libc_a-makebuf.o)
 .debug_line    0x00002262       0xae ../cpu_hyper_bsp//newlib/nios2-elf/lib/libc.a(libc_a-fstatr.o)
 .debug_line    0x00002310       0x96 ../cpu_hyper_bsp//newlib/nios2-elf/lib/libc.a(libc_a-isattyr.o)
 .debug_line    0x000023a6       0x91 ../cpu_hyper_bsp//newlib/nios2-elf/lib/libc.a(libc_a-sbrkr.o)
 .debug_line    0x00002437      0x105 ../cpu_hyper_bsp//newlib/nios2-elf/lib/libc.a(libc_a-__call_atexit.o)
 .debug_line    0x0000253c      0x2e3 /home/teo/intelFPGA_lite/23.1std/nios2eds/bin/gnu/H-x86_64-pc-linux-gnu/bin/../lib/gcc/nios2-elf/12.3.1/libgcc.a(lib2-divmod.o)
 .debug_line    0x0000281f      0x116 ../cpu_hyper_bsp//libhal_bsp.a(alt_close.o)
 .debug_line    0x00002935       0xa2 ../cpu_hyper_bsp//libhal_bsp.a(alt_dev.o)
 .debug_line    0x000029d7       0x4c ../cpu_hyper_bsp//libhal_bsp.a(alt_errno.o)
 .debug_line    0x00002a23       0x7a ../cpu_hyper_bsp//libhal_bsp.a(alt_exit.o)
 .debug_line    0x00002a9d      0x102 ../cpu_hyper_bsp//libhal_bsp.a(alt_fstat.o)
 .debug_line    0x00002b9f      0x103 ../cpu_hyper_bsp//libhal_bsp.a(alt_isatty.o)
 .debug_line    0x00002ca2       0x8f ../cpu_hyper_bsp//libhal_bsp.a(alt_load.o)
 .debug_line    0x00002d31       0xfa ../cpu_hyper_bsp//libhal_bsp.a(alt_lseek.o)
 .debug_line    0x00002e2b       0x99 ../cpu_hyper_bsp//libhal_bsp.a(alt_main.o)
 .debug_line    0x00002ec4       0x6b ../cpu_hyper_bsp//libhal_bsp.a(alt_malloc_lock.o)
 .debug_line    0x00002f2f      0x136 ../cpu_hyper_bsp//libhal_bsp.a(alt_read.o)
 .debug_line    0x00003065       0x77 ../cpu_hyper_bsp//libhal_bsp.a(alt_release_fd.o)
 .debug_line    0x000030dc       0xb3 ../cpu_hyper_bsp//libhal_bsp.a(alt_sbrk.o)
 .debug_line    0x0000318f      0x138 ../cpu_hyper_bsp//libhal_bsp.a(alt_write.o)
 .debug_line    0x000032c7       0xbf ../cpu_hyper_bsp//libhal_bsp.a(alt_sys_init.o)
 .debug_line    0x00003386       0xb2 ../cpu_hyper_bsp//libhal_bsp.a(altera_avalon_jtag_uart_fd.o)
 .debug_line    0x00003438      0x1d9 ../cpu_hyper_bsp//libhal_bsp.a(altera_avalon_jtag_uart_init.o)
 .debug_line    0x00003611       0xdd ../cpu_hyper_bsp//libhal_bsp.a(altera_avalon_jtag_uart_ioctl.o)
 .debug_line    0x000036ee      0x158 ../cpu_hyper_bsp//libhal_bsp.a(altera_avalon_jtag_uart_read.o)
 .debug_line    0x00003846      0x15e ../cpu_hyper_bsp//libhal_bsp.a(altera_avalon_jtag_uart_write.o)
 .debug_line    0x000039a4       0x99 ../cpu_hyper_bsp//libhal_bsp.a(altera_avalon_uart_fd.o)
 .debug_line    0x00003a3d      0x1b9 ../cpu_hyper_bsp//libhal_bsp.a(altera_avalon_uart_init.o)
 .debug_line    0x00003bf6      0x182 ../cpu_hyper_bsp//libhal_bsp.a(altera_avalon_uart_read.o)
 .debug_line    0x00003d78      0x154 ../cpu_hyper_bsp//libhal_bsp.a(altera_avalon_uart_write.o)
 .debug_line    0x00003ecc       0xed ../cpu_hyper_bsp//libhal_bsp.a(alt_alarm_start.o)
 .debug_line    0x00003fb9       0x69 ../cpu_hyper_bsp//libhal_bsp.a(alt_dcache_flush_all.o)
 .debug_line    0x00004022       0xca ../cpu_hyper_bsp//libhal_bsp.a(alt_dev_llist_insert.o)
 .debug_line    0x000040ec       0x69 ../cpu_hyper_bsp//libhal_bsp.a(alt_do_ctors.o)
 .debug_line    0x00004155       0x69 ../cpu_hyper_bsp//libhal_bsp.a(alt_do_dtors.o)
 .debug_line    0x000041be       0x63 ../cpu_hyper_bsp//libhal_bsp.a(alt_icache_flush_all.o)
 .debug_line    0x00004221       0xf4 ../cpu_hyper_bsp//libhal_bsp.a(alt_iic.o)
 .debug_line    0x00004315       0xbc ../cpu_hyper_bsp//libhal_bsp.a(alt_iic_isr_register.o)
 .debug_line    0x000043d1       0xd2 ../cpu_hyper_bsp//libhal_bsp.a(alt_io_redirect.o)
 .debug_line    0x000044a3       0x6b ../cpu_hyper_bsp//libhal_bsp.a(alt_irq_entry.o)
 .debug_line    0x0000450e       0xb4 ../cpu_hyper_bsp//libhal_bsp.a(alt_irq_handler.o)
 .debug_line    0x000045c2       0x43 ../cpu_hyper_bsp//libhal_bsp.a(alt_irq_vars.o)
 .debug_line    0x00004605      0x158 ../cpu_hyper_bsp//libhal_bsp.a(alt_open.o)
 .debug_line    0x0000475d       0xf2 ../cpu_hyper_bsp//libhal_bsp.a(alt_tick.o)
 .debug_line    0x0000484f       0x51 ../cpu_hyper_bsp//libhal_bsp.a(altera_nios2_gen2_irq.o)
 .debug_line    0x000048a0       0x9d ../cpu_hyper_bsp//libhal_bsp.a(alt_exception_entry.o)
 .debug_line    0x0000493d       0xa1 ../cpu_hyper_bsp//libhal_bsp.a(alt_find_dev.o)
 .debug_line    0x000049de       0xd7 ../cpu_hyper_bsp//libhal_bsp.a(alt_find_file.o)
 .debug_line    0x00004ab5       0xb2 ../cpu_hyper_bsp//libhal_bsp.a(alt_get_fd.o)
 .debug_line    0x00004b67       0x8f ../cpu_hyper_bsp//libhal_bsp.a(alt_icache_flush.o)
 .debug_line    0x00004bf6       0xa1 ../cpu_hyper_bsp//libhal_bsp.a(alt_instruction_exception_entry.o)
 .debug_line    0x00004c97       0x61 ../cpu_hyper_bsp//newlib/nios2-elf/lib/libc.a(libc_a-atexit.o)
 .debug_line    0x00004cf8       0xb9 ../cpu_hyper_bsp//newlib/nios2-elf/lib/libc.a(libc_a-memcmp.o)
 .debug_line    0x00004db1       0xb3 ../cpu_hyper_bsp//newlib/nios2-elf/lib/libc.a(libc_a-__atexit.o)

.debug_frame    0x00000000     0x1918
 *(.debug_frame)
 .debug_frame   0x00000000       0x38 obj/default/hello_world.o
 .debug_frame   0x00000038       0x60 ../cpu_hyper_bsp//newlib/nios2-elf/lib/libc.a(libc_a-puts.o)
 .debug_frame   0x00000098       0x34 ../cpu_hyper_bsp//newlib/nios2-elf/lib/libc.a(libc_a-strlen.o)
 .debug_frame   0x000000cc      0x280 ../cpu_hyper_bsp//newlib/nios2-elf/lib/libc.a(libc_a-findfp.o)
 .debug_frame   0x0000034c       0x58 ../cpu_hyper_bsp//newlib/nios2-elf/lib/libc.a(libc_a-fvwrite.o)
 .debug_frame   0x000003a4       0x38 ../cpu_hyper_bsp//newlib/nios2-elf/lib/libc.a(libc_a-fwalk.o)
 .debug_frame   0x000003dc       0xe8 ../cpu_hyper_bsp//newlib/nios2-elf/lib/libc.a(libc_a-stdio.o)
 .debug_frame   0x000004c4       0x40 ../cpu_hyper_bsp//newlib/nios2-elf/lib/libc.a(libc_a-wsetup.o)
 .debug_frame   0x00000504       0x34 ../cpu_hyper_bsp//newlib/nios2-elf/lib/libc.a(libc_a-memchr.o)
 .debug_frame   0x00000538       0x34 ../cpu_hyper_bsp//newlib/nios2-elf/lib/libc.a(libc_a-memcpy.o)
 .debug_frame   0x0000056c       0x34 ../cpu_hyper_bsp//newlib/nios2-elf/lib/libc.a(libc_a-memmove.o)
 .debug_frame   0x000005a0       0x34 ../cpu_hyper_bsp//newlib/nios2-elf/lib/libc.a(libc_a-memset.o)
 .debug_frame   0x000005d4       0x38 ../cpu_hyper_bsp//newlib/nios2-elf/lib/libc.a(libc_a-closer.o)
 .debug_frame   0x0000060c       0x38 ../cpu_hyper_bsp//newlib/nios2-elf/lib/libc.a(libc_a-reent.o)
 .debug_frame   0x00000644       0x38 ../cpu_hyper_bsp//newlib/nios2-elf/lib/libc.a(libc_a-lseekr.o)
 .debug_frame   0x0000067c       0x38 ../cpu_hyper_bsp//newlib/nios2-elf/lib/libc.a(libc_a-readr.o)
 .debug_frame   0x000006b4       0x38 ../cpu_hyper_bsp//newlib/nios2-elf/lib/libc.a(libc_a-writer.o)
 .debug_frame   0x000006ec       0x2c ../cpu_hyper_bsp//newlib/nios2-elf/lib/libc.a(libc_a-exit.o)
 .debug_frame   0x00000718       0x60 ../cpu_hyper_bsp//newlib/nios2-elf/lib/libc.a(libc_a-freer.o)
 .debug_frame   0x00000778       0x60 ../cpu_hyper_bsp//newlib/nios2-elf/lib/libc.a(libc_a-mallocr.o)
 .debug_frame   0x000007d8       0x38 ../cpu_hyper_bsp//newlib/nios2-elf/lib/libc.a(libc_a-reallocr.o)
 .debug_frame   0x00000810       0x68 ../cpu_hyper_bsp//newlib/nios2-elf/lib/libc.a(libc_a-fclose.o)
 .debug_frame   0x00000878       0xa0 ../cpu_hyper_bsp//newlib/nios2-elf/lib/libc.a(libc_a-fflush.o)
 .debug_frame   0x00000918       0x6c ../cpu_hyper_bsp//newlib/nios2-elf/lib/libc.a(libc_a-makebuf.o)
 .debug_frame   0x00000984       0x38 ../cpu_hyper_bsp//newlib/nios2-elf/lib/libc.a(libc_a-fstatr.o)
 .debug_frame   0x000009bc       0x38 ../cpu_hyper_bsp//newlib/nios2-elf/lib/libc.a(libc_a-isattyr.o)
 .debug_frame   0x000009f4       0x38 ../cpu_hyper_bsp//newlib/nios2-elf/lib/libc.a(libc_a-sbrkr.o)
 .debug_frame   0x00000a2c       0x48 ../cpu_hyper_bsp//newlib/nios2-elf/lib/libc.a(libc_a-__call_atexit.o)
 .debug_frame   0x00000a74       0x50 /home/teo/intelFPGA_lite/23.1std/nios2eds/bin/gnu/H-x86_64-pc-linux-gnu/bin/../lib/gcc/nios2-elf/12.3.1/libgcc.a(lib2-divmod.o)
 .debug_frame   0x00000ac4       0x60 ../cpu_hyper_bsp//libhal_bsp.a(alt_close.o)
 .debug_frame   0x00000b24       0x34 ../cpu_hyper_bsp//libhal_bsp.a(alt_dev.o)
 .debug_frame   0x00000b58       0x2c ../cpu_hyper_bsp//libhal_bsp.a(alt_exit.o)
 .debug_frame   0x00000b84       0x60 ../cpu_hyper_bsp//libhal_bsp.a(alt_fstat.o)
 .debug_frame   0x00000be4       0x60 ../cpu_hyper_bsp//libhal_bsp.a(alt_isatty.o)
 .debug_frame   0x00000c44       0x5c ../cpu_hyper_bsp//libhal_bsp.a(alt_load.o)
 .debug_frame   0x00000ca0       0x60 ../cpu_hyper_bsp//libhal_bsp.a(alt_lseek.o)
 .debug_frame   0x00000d00       0x2c ../cpu_hyper_bsp//libhal_bsp.a(alt_main.o)
 .debug_frame   0x00000d2c       0x58 ../cpu_hyper_bsp//libhal_bsp.a(alt_malloc_lock.o)
 .debug_frame   0x00000d84       0x60 ../cpu_hyper_bsp//libhal_bsp.a(alt_read.o)
 .debug_frame   0x00000de4       0x34 ../cpu_hyper_bsp//libhal_bsp.a(alt_release_fd.o)
 .debug_frame   0x00000e18       0x34 ../cpu_hyper_bsp//libhal_bsp.a(alt_sbrk.o)
 .debug_frame   0x00000e4c       0x60 ../cpu_hyper_bsp//libhal_bsp.a(alt_write.o)
 .debug_frame   0x00000eac       0x88 ../cpu_hyper_bsp//libhal_bsp.a(alt_sys_init.o)
 .debug_frame   0x00000f34       0xb0 ../cpu_hyper_bsp//libhal_bsp.a(altera_avalon_jtag_uart_fd.o)
 .debug_frame   0x00000fe4       0xa4 ../cpu_hyper_bsp//libhal_bsp.a(altera_avalon_jtag_uart_init.o)
 .debug_frame   0x00001088       0x34 ../cpu_hyper_bsp//libhal_bsp.a(altera_avalon_jtag_uart_ioctl.o)
 .debug_frame   0x000010bc       0x38 ../cpu_hyper_bsp//libhal_bsp.a(altera_avalon_jtag_uart_read.o)
 .debug_frame   0x000010f4       0x38 ../cpu_hyper_bsp//libhal_bsp.a(altera_avalon_jtag_uart_write.o)
 .debug_frame   0x0000112c       0x88 ../cpu_hyper_bsp//libhal_bsp.a(altera_avalon_uart_fd.o)
 .debug_frame   0x000011b4       0xcc ../cpu_hyper_bsp//libhal_bsp.a(altera_avalon_uart_init.o)
 .debug_frame   0x00001280       0x60 ../cpu_hyper_bsp//libhal_bsp.a(altera_avalon_uart_read.o)
 .debug_frame   0x000012e0       0x60 ../cpu_hyper_bsp//libhal_bsp.a(altera_avalon_uart_write.o)
 .debug_frame   0x00001340       0x34 ../cpu_hyper_bsp//libhal_bsp.a(alt_alarm_start.o)
 .debug_frame   0x00001374       0x34 ../cpu_hyper_bsp//libhal_bsp.a(alt_dcache_flush_all.o)
 .debug_frame   0x000013a8       0x60 ../cpu_hyper_bsp//libhal_bsp.a(alt_dev_llist_insert.o)
 .debug_frame   0x00001408       0x38 ../cpu_hyper_bsp//libhal_bsp.a(alt_do_ctors.o)
 .debug_frame   0x00001440       0x38 ../cpu_hyper_bsp//libhal_bsp.a(alt_do_dtors.o)
 .debug_frame   0x00001478       0x38 ../cpu_hyper_bsp//libhal_bsp.a(alt_icache_flush_all.o)
 .debug_frame   0x000014b0       0xa4 ../cpu_hyper_bsp//libhal_bsp.a(alt_iic.o)
 .debug_frame   0x00001554       0x38 ../cpu_hyper_bsp//libhal_bsp.a(alt_iic_isr_register.o)
 .debug_frame   0x0000158c       0x60 ../cpu_hyper_bsp//libhal_bsp.a(alt_io_redirect.o)
 .debug_frame   0x000015ec       0x38 ../cpu_hyper_bsp//libhal_bsp.a(alt_irq_handler.o)
 .debug_frame   0x00001624       0x84 ../cpu_hyper_bsp//libhal_bsp.a(alt_open.o)
 .debug_frame   0x000016a8       0x64 ../cpu_hyper_bsp//libhal_bsp.a(alt_tick.o)
 .debug_frame   0x0000170c       0x34 ../cpu_hyper_bsp//libhal_bsp.a(altera_nios2_gen2_irq.o)
 .debug_frame   0x00001740       0x38 ../cpu_hyper_bsp//libhal_bsp.a(alt_find_dev.o)
 .debug_frame   0x00001778       0x38 ../cpu_hyper_bsp//libhal_bsp.a(alt_find_file.o)
 .debug_frame   0x000017b0       0x34 ../cpu_hyper_bsp//libhal_bsp.a(alt_get_fd.o)
 .debug_frame   0x000017e4       0x34 ../cpu_hyper_bsp//libhal_bsp.a(alt_icache_flush.o)