Archive member included to satisfy reference by file (symbol)

../cpu_0_bsp//libhal_bsp.a(alt_load.o)
                              ../cpu_0_bsp//obj/HAL/src/crt0.o (alt_load)
../cpu_0_bsp//libhal_bsp.a(alt_main.o)
                              ../cpu_0_bsp//obj/HAL/src/crt0.o (alt_main)
../cpu_0_bsp//libhal_bsp.a(alt_sys_init.o)
                              ../cpu_0_bsp//libhal_bsp.a(alt_main.o) (alt_irq_init)
../cpu_0_bsp//libhal_bsp.a(altera_avalon_jtag_uart_fd.o)
                              ../cpu_0_bsp//libhal_bsp.a(alt_sys_init.o) (altera_avalon_jtag_uart_read_fd)
../cpu_0_bsp//libhal_bsp.a(altera_avalon_jtag_uart_init.o)
                              ../cpu_0_bsp//libhal_bsp.a(alt_sys_init.o) (altera_avalon_jtag_uart_init)
../cpu_0_bsp//libhal_bsp.a(altera_avalon_jtag_uart_ioctl.o)
                              ../cpu_0_bsp//libhal_bsp.a(altera_avalon_jtag_uart_fd.o) (altera_avalon_jtag_uart_ioctl)
../cpu_0_bsp//libhal_bsp.a(altera_avalon_jtag_uart_read.o)
                              ../cpu_0_bsp//libhal_bsp.a(altera_avalon_jtag_uart_fd.o) (altera_avalon_jtag_uart_read)
../cpu_0_bsp//libhal_bsp.a(altera_avalon_jtag_uart_write.o)
                              ../cpu_0_bsp//libhal_bsp.a(altera_avalon_jtag_uart_fd.o) (altera_avalon_jtag_uart_write)
../cpu_0_bsp//libhal_bsp.a(alt_alarm_start.o)
                              ../cpu_0_bsp//libhal_bsp.a(altera_avalon_jtag_uart_init.o) (alt_alarm_start)
../cpu_0_bsp//libhal_bsp.a(alt_close.o)
                              ../cpu_0_bsp//libhal_bsp.a(alt_main.o) (close)
../cpu_0_bsp//libhal_bsp.a(alt_dcache_flush_all.o)
                              ../cpu_0_bsp//libhal_bsp.a(alt_load.o) (alt_dcache_flush_all)
../cpu_0_bsp//libhal_bsp.a(alt_dev.o)
                              ../cpu_0_bsp//libhal_bsp.a(alt_sys_init.o) (alt_dev_list)
../cpu_0_bsp//libhal_bsp.a(alt_dev_llist_insert.o)
                              ../cpu_0_bsp//libhal_bsp.a(alt_sys_init.o) (alt_dev_llist_insert)
../cpu_0_bsp//libhal_bsp.a(alt_do_ctors.o)
                              ../cpu_0_bsp//libhal_bsp.a(alt_main.o) (_do_ctors)
../cpu_0_bsp//libhal_bsp.a(alt_do_dtors.o)
                              ../cpu_0_bsp//libhal_bsp.a(alt_main.o) (_do_dtors)
../cpu_0_bsp//libhal_bsp.a(alt_errno.o)
                              ../cpu_0_bsp//libhal_bsp.a(alt_close.o) (alt_errno)
../cpu_0_bsp//libhal_bsp.a(alt_icache_flush_all.o)
                              ../cpu_0_bsp//libhal_bsp.a(alt_load.o) (alt_icache_flush_all)
../cpu_0_bsp//libhal_bsp.a(alt_iic.o)
                              ../cpu_0_bsp//libhal_bsp.a(altera_avalon_jtag_uart_init.o) (alt_ic_isr_register)
../cpu_0_bsp//libhal_bsp.a(alt_iic_isr_register.o)
                              ../cpu_0_bsp//libhal_bsp.a(alt_iic.o) (alt_iic_isr_register)
../cpu_0_bsp//libhal_bsp.a(alt_io_redirect.o)
                              ../cpu_0_bsp//libhal_bsp.a(alt_main.o) (alt_io_redirect)
../cpu_0_bsp//libhal_bsp.a(alt_irq_entry.o)
                              ../cpu_0_bsp//libhal_bsp.a(alt_iic_isr_register.o) (alt_irq_entry)
../cpu_0_bsp//libhal_bsp.a(alt_irq_handler.o)
                              ../cpu_0_bsp//libhal_bsp.a(alt_iic_isr_register.o) (alt_irq)
../cpu_0_bsp//libhal_bsp.a(alt_irq_vars.o)
                              ../cpu_0_bsp//libhal_bsp.a(alt_iic.o) (alt_irq_active)
../cpu_0_bsp//libhal_bsp.a(alt_open.o)
                              ../cpu_0_bsp//libhal_bsp.a(alt_io_redirect.o) (open)
../cpu_0_bsp//libhal_bsp.a(alt_release_fd.o)
                              ../cpu_0_bsp//libhal_bsp.a(alt_close.o) (alt_release_fd)
../cpu_0_bsp//libhal_bsp.a(alt_tick.o)
                              ../cpu_0_bsp//libhal_bsp.a(altera_avalon_jtag_uart_init.o) (_alt_tick_rate)
../cpu_0_bsp//libhal_bsp.a(altera_nios2_gen2_irq.o)
                              ../cpu_0_bsp//libhal_bsp.a(alt_sys_init.o) (altera_nios2_gen2_irq_init)
../cpu_0_bsp//libhal_bsp.a(alt_exception_entry.o)
                              ../cpu_0_bsp//libhal_bsp.a(alt_irq_entry.o) (alt_exception)
../cpu_0_bsp//libhal_bsp.a(alt_find_dev.o)
                              ../cpu_0_bsp//libhal_bsp.a(alt_open.o) (alt_find_dev)
../cpu_0_bsp//libhal_bsp.a(alt_find_file.o)
                              ../cpu_0_bsp//libhal_bsp.a(alt_open.o) (alt_find_file)
../cpu_0_bsp//libhal_bsp.a(alt_get_fd.o)
                              ../cpu_0_bsp//libhal_bsp.a(alt_open.o) (alt_get_fd)
../cpu_0_bsp//libhal_bsp.a(alt_icache_flush.o)
                              ../cpu_0_bsp//libhal_bsp.a(alt_icache_flush_all.o) (alt_icache_flush)
../cpu_0_bsp//libhal_bsp.a(alt_instruction_exception_entry.o)
                              ../cpu_0_bsp//libhal_bsp.a(alt_exception_entry.o) (alt_instruction_exception_entry)
../cpu_0_bsp//newlib/nios2-elf/lib/libc.a(libc_a-atexit.o)
                              ../cpu_0_bsp//libhal_bsp.a(alt_main.o) (atexit)
../cpu_0_bsp//newlib/nios2-elf/lib/libc.a(libc_a-exit.o)
                              ../cpu_0_bsp//libhal_bsp.a(alt_main.o) (exit)
../cpu_0_bsp//newlib/nios2-elf/lib/libc.a(libc_a-memcmp.o)
                              ../cpu_0_bsp//libhal_bsp.a(alt_find_dev.o) (memcmp)
../cpu_0_bsp//newlib/nios2-elf/lib/libc.a(libc_a-memcpy.o)
                              ../cpu_0_bsp//libhal_bsp.a(altera_avalon_jtag_uart_read.o) (memcpy)
../cpu_0_bsp//newlib/nios2-elf/lib/libc.a(libc_a-strlen.o)
                              ../cpu_0_bsp//libhal_bsp.a(alt_find_dev.o) (strlen)
../cpu_0_bsp//newlib/nios2-elf/lib/libc.a(libc_a-int_errno.o)
                              ../cpu_0_bsp//libhal_bsp.a(alt_close.o) (errno)
../cpu_0_bsp//newlib/nios2-elf/lib/libc.a(libc_a-__atexit.o)
                              ../cpu_0_bsp//newlib/nios2-elf/lib/libc.a(libc_a-atexit.o) (__register_exitproc)
../cpu_0_bsp//newlib/nios2-elf/lib/libc.a(libc_a-__call_atexit.o)
                              ../cpu_0_bsp//newlib/nios2-elf/lib/libc.a(libc_a-__atexit.o) (__atexit)
../cpu_0_bsp//libhal_bsp.a(alt_exit.o)
                              ../cpu_0_bsp//newlib/nios2-elf/lib/libc.a(libc_a-exit.o) (_exit)

Memory Configuration

Name             Origin             Length             Attributes
reset            0x00200000         0x00000020
RAM              0x00200020         0x00031fe0
*default*        0x00000000         0xffffffff

Linker script and memory map

LOAD ../cpu_0_bsp//obj/HAL/src/crt0.o
LOAD /home/teo/intelFPGA_lite/23.1std/nios2eds/bin/gnu/H-x86_64-pc-linux-gnu/bin/../lib/gcc/nios2-elf/12.3.1/../../../../../H-x86_64-pc-linux-gnu/nios2-elf/lib/libstdc++.a
LOAD ../cpu_0_bsp//newlib/nios2-elf/lib/libm.a
LOAD /home/teo/intelFPGA_lite/23.1std/nios2eds/bin/gnu/H-x86_64-pc-linux-gnu/bin/../lib/gcc/nios2-elf/12.3.1/libgcc.a
START GROUP
LOAD ../cpu_0_bsp//newlib/nios2-elf/lib/libc.a
LOAD /home/teo/intelFPGA_lite/23.1std/nios2eds/bin/gnu/H-x86_64-pc-linux-gnu/bin/../lib/gcc/nios2-elf/12.3.1/libgcc.a
LOAD ../cpu_0_bsp//libhal_bsp.a
LOAD ../cpu_0_bsp//newlib/nios2-elf/lib/libm.a
END GROUP
LOAD /home/teo/intelFPGA_lite/23.1std/nios2eds/bin/gnu/H-x86_64-pc-linux-gnu/bin/../lib/gcc/nios2-elf/12.3.1/libgcc.a
                0x00200000                        __alt_mem_RAM = 0x200000

.entry          0x00200000       0x20
 *(.entry)
 .entry         0x00200000       0x20 ../cpu_0_bsp//obj/HAL/src/crt0.o
                0x00200000                __reset

.exceptions     0x00200020      0x218
                0x00200020                        PROVIDE (__ram_exceptions_start = ABSOLUTE (.))
                0x00200020                        . = ALIGN (0x20)
 *(.irq)
 *(.exceptions.entry.label)
 .exceptions.entry.label
                0x00200020        0x0 ../cpu_0_bsp//libhal_bsp.a(alt_irq_entry.o)
                0x00200020                alt_irq_entry
 .exceptions.entry.label
                0x00200020        0x0 ../cpu_0_bsp//libhal_bsp.a(alt_exception_entry.o)
                0x00200020                alt_exception
 *(.exceptions.entry.user)
 *(.exceptions.entry.ecc_fatal)
 *(.exceptions.entry)
 .exceptions.entry
                0x00200020       0x54 ../cpu_0_bsp//libhal_bsp.a(alt_exception_entry.o)
 *(.exceptions.irqtest.user)
 *(.exceptions.irqtest)
 .exceptions.irqtest
                0x00200074       0x10 ../cpu_0_bsp//libhal_bsp.a(alt_irq_entry.o)
 *(.exceptions.irqhandler.user)
 *(.exceptions.irqhandler)
 .exceptions.irqhandler
                0x00200084        0x4 ../cpu_0_bsp//libhal_bsp.a(alt_irq_entry.o)
 *(.exceptions.irqreturn.user)
 *(.exceptions.irqreturn)
 .exceptions.irqreturn
                0x00200088        0x4 ../cpu_0_bsp//libhal_bsp.a(alt_irq_entry.o)
 *(.exceptions.notirq.label)
 .exceptions.notirq.label
                0x0020008c        0x0 ../cpu_0_bsp//libhal_bsp.a(alt_irq_entry.o)
 *(.exceptions.notirq.user)
 *(.exceptions.notirq)
 .exceptions.notirq
                0x0020008c        0x8 ../cpu_0_bsp//libhal_bsp.a(alt_exception_entry.o)
 *(.exceptions.soft.user)
 *(.exceptions.soft)
 *(.exceptions.unknown.user)
 *(.exceptions.unknown)
 .exceptions.unknown
                0x00200094       0x14 ../cpu_0_bsp//libhal_bsp.a(alt_exception_entry.o)
 *(.exceptions.exit.label)
 .exceptions.exit.label
                0x002000a8        0x0 ../cpu_0_bsp//libhal_bsp.a(alt_irq_entry.o)
 .exceptions.exit.label
                0x002000a8        0x0 ../cpu_0_bsp//libhal_bsp.a(alt_exception_entry.o)
 *(.exceptions.exit.user)
 *(.exceptions.exit)
 .exceptions.exit
                0x002000a8       0x54 ../cpu_0_bsp//libhal_bsp.a(alt_exception_entry.o)
 *(.exceptions)
 .exceptions    0x002000fc       0xc8 ../cpu_0_bsp//libhal_bsp.a(alt_irq_handler.o)
                0x002000fc                alt_irq_handler
 .exceptions    0x002001c4       0x74 ../cpu_0_bsp//libhal_bsp.a(alt_instruction_exception_entry.o)
                0x002001c4                alt_instruction_exception_entry
                0x00200238                        PROVIDE (__ram_exceptions_end = ABSOLUTE (.))
                0x00200020                        PROVIDE (__flash_exceptions_start = LOADADDR (.exceptions))

.text           0x00200238     0x2444
                [!provide]                        PROVIDE (stext = ABSOLUTE (.))
 *(.interp)
 *(.hash)
 *(.dynsym)
 *(.dynstr)
 *(.gnu.version)
 *(.gnu.version_d)
 *(.gnu.version_r)
 *(.rel.init)
 *(.rela.init)
 *(.rel.text .rel.text.* .rel.gnu.linkonce.t.*)
 *(.rela.text .rela.text.* .rela.gnu.linkonce.t.*)
 *(.rel.fini)
 *(.rela.fini)
 *(.rel.rodata .rel.rodata.* .rel.gnu.linkonce.r.*)
 *(.rela.rodata .rela.rodata.* .rela.gnu.linkonce.r.*)
 *(.rel.data .rel.data.* .rel.gnu.linkonce.d.*)
 *(.rela.data .rela.data.* .rela.gnu.linkonce.d.*)
 *(.rel.tdata .rel.tdata.* .rel.gnu.linkonce.td.*)
 *(.rela.tdata .rela.tdata.* .rela.gnu.linkonce.td.*)
 *(.rel.tbss .rel.tbss.* .rel.gnu.linkonce.tb.*)
 *(.rela.tbss .rela.tbss.* .rela.gnu.linkonce.tb.*)
 *(.rel.ctors)
 *(.rela.ctors)
 *(.rel.dtors)
 *(.rela.dtors)
 *(.rel.got)
 *(.rela.got)
 *(.rel.sdata .rel.sdata.* .rel.gnu.linkonce.s.*)
 *(.rela.sdata .rela.sdata.* .rela.gnu.linkonce.s.*)
 *(.rel.sbss .rel.sbss.* .rel.gnu.linkonce.sb.*)
 *(.rela.sbss .rela.sbss.* .rela.gnu.linkonce.sb.*)
 *(.rel.sdata2 .rel.sdata2.* .rel.gnu.linkonce.s2.*)
 *(.rela.sdata2 .rela.sdata2.* .rela.gnu.linkonce.s2.*)
 *(.rel.sbss2 .rel.sbss2.* .rel.gnu.linkonce.sb2.*)
 *(.rela.sbss2 .rela.sbss2.* .rela.gnu.linkonce.sb2.*)
 *(.rel.bss .rel.bss.* .rel.gnu.linkonce.b.*)
 *(.rela.bss .rela.bss.* .rela.gnu.linkonce.b.*)
 *(.rel.plt)
 *(.rela.plt)
 *(.rel.dyn)
 *(.init)
 *(.plt)
 *(.text .stub .text.* .gnu.linkonce.t.*)
 .text          0x00200238       0x4c ../cpu_0_bsp//obj/HAL/src/crt0.o
                0x00200238                _start
 .text          0x00200284       0xec ../cpu_0_bsp//libhal_bsp.a(alt_load.o)
                0x002002ec                alt_load
 .text          0x00200370       0x7c ../cpu_0_bsp//libhal_bsp.a(alt_main.o)
                0x00200370                alt_main
 .text          0x002003ec       0xb8 ../cpu_0_bsp//libhal_bsp.a(alt_sys_init.o)
                0x00200420                alt_irq_init
                0x0020045c                alt_sys_init
 .text          0x002004a4      0x164 ../cpu_0_bsp//libhal_bsp.a(altera_avalon_jtag_uart_fd.o)
                0x002004a4                altera_avalon_jtag_uart_read_fd
                0x00200504                altera_avalon_jtag_uart_write_fd
                0x00200564                altera_avalon_jtag_uart_close_fd
                0x002005b4                altera_avalon_jtag_uart_ioctl_fd
 .text          0x00200608      0x3e4 ../cpu_0_bsp//libhal_bsp.a(altera_avalon_jtag_uart_init.o)
                0x00200608                altera_avalon_jtag_uart_init
                0x00200984                altera_avalon_jtag_uart_close
 .text          0x002009ec       0xf4 ../cpu_0_bsp//libhal_bsp.a(altera_avalon_jtag_uart_ioctl.o)
                0x002009ec                altera_avalon_jtag_uart_ioctl
 .text          0x00200ae0      0x220 ../cpu_0_bsp//libhal_bsp.a(altera_avalon_jtag_uart_read.o)
                0x00200ae0                altera_avalon_jtag_uart_read
 .text          0x00200d00      0x228 ../cpu_0_bsp//libhal_bsp.a(altera_avalon_jtag_uart_write.o)
                0x00200d00                altera_avalon_jtag_uart_write
 .text          0x00200f28      0x160 ../cpu_0_bsp//libhal_bsp.a(alt_alarm_start.o)
                0x00200f28                alt_alarm_start
 .text          0x00201088      0x10c ../cpu_0_bsp//libhal_bsp.a(alt_close.o)
                0x002010c4                close
 .text          0x00201194       0x4c ../cpu_0_bsp//libhal_bsp.a(alt_dcache_flush_all.o)
                0x00201194                alt_dcache_flush_all
 .text          0x002011e0       0x2c ../cpu_0_bsp//libhal_bsp.a(alt_dev.o)
 .text          0x0020120c       0xe4 ../cpu_0_bsp//libhal_bsp.a(alt_dev_llist_insert.o)
                0x00201248                alt_dev_llist_insert
 .text          0x002012f0       0x64 ../cpu_0_bsp//libhal_bsp.a(alt_do_ctors.o)
                0x002012f0                _do_ctors
 .text          0x00201354       0x64 ../cpu_0_bsp//libhal_bsp.a(alt_do_dtors.o)
                0x00201354                _do_dtors
 .text          0x002013b8        0x0 ../cpu_0_bsp//libhal_bsp.a(alt_errno.o)
 .text          0x002013b8       0x34 ../cpu_0_bsp//libhal_bsp.a(alt_icache_flush_all.o)
                0x002013b8                alt_icache_flush_all
 .text          0x002013ec      0x1b0 ../cpu_0_bsp//libhal_bsp.a(alt_iic.o)
                0x002013ec                alt_ic_isr_register
                0x0020143c                alt_ic_irq_enable
                0x002014c4                alt_ic_irq_disable
                0x00201550                alt_ic_irq_enabled
 .text          0x0020159c       0xe8 ../cpu_0_bsp//libhal_bsp.a(alt_iic_isr_register.o)
                0x0020159c                alt_iic_isr_register
 .text          0x00201684      0x12c ../cpu_0_bsp//libhal_bsp.a(alt_io_redirect.o)
                0x00201734                alt_io_redirect
 .text          0x002017b0        0x0 ../cpu_0_bsp//libhal_bsp.a(alt_irq_entry.o)
 .text          0x002017b0        0x0 ../cpu_0_bsp//libhal_bsp.a(alt_irq_handler.o)
 .text          0x002017b0        0x0 ../cpu_0_bsp//libhal_bsp.a(alt_irq_vars.o)
 .text          0x002017b0      0x248 ../cpu_0_bsp//libhal_bsp.a(alt_open.o)
                0x002018a4                open
 .text          0x002019f8       0x58 ../cpu_0_bsp//libhal_bsp.a(alt_release_fd.o)
                0x002019f8                alt_release_fd
 .text          0x00201a50      0x1d0 ../cpu_0_bsp//libhal_bsp.a(alt_tick.o)
                0x00201a50                alt_alarm_stop
                0x00201af4                alt_tick
 .text          0x00201c20       0x24 ../cpu_0_bsp//libhal_bsp.a(altera_nios2_gen2_irq.o)
                0x00201c20                altera_nios2_gen2_irq_init
 .text          0x00201c44        0x0 ../cpu_0_bsp//libhal_bsp.a(alt_exception_entry.o)
 .text          0x00201c44       0x90 ../cpu_0_bsp//libhal_bsp.a(alt_find_dev.o)
                0x00201c44                alt_find_dev
 .text          0x00201cd4      0x108 ../cpu_0_bsp//libhal_bsp.a(alt_find_file.o)
                0x00201cd4                alt_find_file
 .text          0x00201ddc       0xa0 ../cpu_0_bsp//libhal_bsp.a(alt_get_fd.o)
                0x00201ddc                alt_get_fd
 .text          0x00201e7c       0x90 ../cpu_0_bsp//libhal_bsp.a(alt_icache_flush.o)
                0x00201e7c                alt_icache_flush
 .text          0x00201f0c       0x74 ../cpu_0_bsp//libhal_bsp.a(alt_instruction_exception_entry.o)
                0x00201f0c                alt_exception_cause_generated_bad_addr
 .text          0x00201f80        0x0 ../cpu_0_bsp//newlib/nios2-elf/lib/libc.a(libc_a-atexit.o)
 .text.atexit   0x00201f80       0x3c ../cpu_0_bsp//newlib/nios2-elf/lib/libc.a(libc_a-atexit.o)
                0x00201f80                atexit
 .text          0x00201fbc        0x0 ../cpu_0_bsp//newlib/nios2-elf/lib/libc.a(libc_a-exit.o)
 .text.exit     0x00201fbc       0x38 ../cpu_0_bsp//newlib/nios2-elf/lib/libc.a(libc_a-exit.o)
                0x00201fbc                exit
 .text          0x00201ff4        0x0 ../cpu_0_bsp//newlib/nios2-elf/lib/libc.a(libc_a-memcmp.o)
 .text.memcmp   0x00201ff4      0x134 ../cpu_0_bsp//newlib/nios2-elf/lib/libc.a(libc_a-memcmp.o)
                0x00201ff4                memcmp
 .text          0x00202128        0x0 ../cpu_0_bsp//newlib/nios2-elf/lib/libc.a(libc_a-memcpy.o)
 .text.memcpy   0x00202128      0x188 ../cpu_0_bsp//newlib/nios2-elf/lib/libc.a(libc_a-memcpy.o)
                0x00202128                memcpy
 .text          0x002022b0        0x0 ../cpu_0_bsp//newlib/nios2-elf/lib/libc.a(libc_a-strlen.o)
 .text.strlen   0x002022b0       0xf4 ../cpu_0_bsp//newlib/nios2-elf/lib/libc.a(libc_a-strlen.o)
                0x002022b0                strlen
 .text          0x002023a4        0x0 ../cpu_0_bsp//newlib/nios2-elf/lib/libc.a(libc_a-int_errno.o)
 .text          0x002023a4        0x0 ../cpu_0_bsp//newlib/nios2-elf/lib/libc.a(libc_a-__atexit.o)
 .text.__register_exitproc
                0x002023a4      0x110 ../cpu_0_bsp//newlib/nios2-elf/lib/libc.a(libc_a-__atexit.o)
                0x002023a4                __register_exitproc
 .text          0x002024b4        0x0 ../cpu_0_bsp//newlib/nios2-elf/lib/libc.a(libc_a-__call_atexit.o)
 .text.__call_exitprocs
                0x002024b4      0x18c ../cpu_0_bsp//newlib/nios2-elf/lib/libc.a(libc_a-__call_atexit.o)
                0x002024b4                __call_exitprocs
 .text          0x00202640       0x3c ../cpu_0_bsp//libhal_bsp.a(alt_exit.o)
                0x00202640                _exit
 *(.gnu.warning.*)
 *(.fini)
                [!provide]                        PROVIDE (__etext = ABSOLUTE (.))
                [!provide]                        PROVIDE (_etext = ABSOLUTE (.))
                [!provide]                        PROVIDE (etext = ABSOLUTE (.))
 *(.eh_frame_hdr)
                0x0020267c                        . = ALIGN (0x4)
                [!provide]                        PROVIDE (__preinit_array_start = ABSOLUTE (.))
 *(.preinit_array)
                [!provide]                        PROVIDE (__preinit_array_end = ABSOLUTE (.))
                [!provide]                        PROVIDE (__init_array_start = ABSOLUTE (.))
 *(SORT_BY_INIT_PRIORITY(.init_array.*))
 *(.init_array)
                [!provide]                        PROVIDE (__init_array_end = ABSOLUTE (.))
                [!provide]                        PROVIDE (__fini_array_start = ABSOLUTE (.))
 *(.fini_array)
                [!provide]                        PROVIDE (__fini_array_end = ABSOLUTE (.))
 *(.eh_frame)
 *(.gcc_except_table .gcc_except_table.*)
 *(.dynamic)
                0x0020267c                        PROVIDE (__CTOR_LIST__ = ABSOLUTE (.))
 *(.ctors)
 *(SORT_BY_NAME(.ctors.*))
                0x0020267c                        PROVIDE (__CTOR_END__ = ABSOLUTE (.))
                0x0020267c                        PROVIDE (__DTOR_LIST__ = ABSOLUTE (.))
 *(.dtors)
 *(SORT_BY_NAME(.dtors.*))
                0x0020267c                        PROVIDE (__DTOR_END__ = ABSOLUTE (.))
 *(.jcr)
                0x0020267c                        . = ALIGN (0x4)

.rodata         0x0020267c       0x2c
                0x0020267c                        PROVIDE (__ram_rodata_start = ABSOLUTE (.))
                0x0020267c                        . = ALIGN (0x4)
 *(.rodata .rodata.* .gnu.linkonce.r.*)
 .rodata        0x0020267c        0xf ../cpu_0_bsp//libhal_bsp.a(alt_main.o)
 *fill*         0x0020268b        0x1 
 .rodata        0x0020268c        0xf ../cpu_0_bsp//libhal_bsp.a(alt_sys_init.o)
 *fill*         0x0020269b        0x1 
 .rodata        0x0020269c        0xa ../cpu_0_bsp//libhal_bsp.a(alt_dev.o)
 *(.rodata1)
                0x002026a8                        . = ALIGN (0x4)
 *fill*         0x002026a6        0x2 
                0x002026a8                        PROVIDE (__ram_rodata_end = ABSOLUTE (.))
                0x0020267c                        PROVIDE (__flash_rodata_start = LOADADDR (.rodata))

.rwdata         0x002026a8     0x122c load address 0x002038d4
                0x002026a8                        PROVIDE (__ram_rwdata_start = ABSOLUTE (.))
                0x002026a8                        . = ALIGN (0x4)
 *(.got.plt)
 *(.got)
 *(.data1)
 *(.data .data.* .gnu.linkonce.d.*)
 .data          0x002026a8        0x0 ../cpu_0_bsp//obj/HAL/src/crt0.o
 .data          0x002026a8        0x0 ../cpu_0_bsp//libhal_bsp.a(alt_load.o)
 .data          0x002026a8        0x0 ../cpu_0_bsp//libhal_bsp.a(alt_main.o)
 .data          0x002026a8     0x1060 ../cpu_0_bsp//libhal_bsp.a(alt_sys_init.o)
 .data          0x00203708        0x0 ../cpu_0_bsp//libhal_bsp.a(altera_avalon_jtag_uart_fd.o)
 .data          0x00203708        0x0 ../cpu_0_bsp//libhal_bsp.a(altera_avalon_jtag_uart_init.o)
 .data          0x00203708        0x0 ../cpu_0_bsp//libhal_bsp.a(altera_avalon_jtag_uart_ioctl.o)
 .data          0x00203708        0x0 ../cpu_0_bsp//libhal_bsp.a(altera_avalon_jtag_uart_read.o)
 .data          0x00203708        0x0 ../cpu_0_bsp//libhal_bsp.a(altera_avalon_jtag_uart_write.o)
 .data          0x00203708        0x0 ../cpu_0_bsp//libhal_bsp.a(alt_alarm_start.o)
 .data          0x00203708        0x0 ../cpu_0_bsp//libhal_bsp.a(alt_close.o)
 .data          0x00203708        0x0 ../cpu_0_bsp//libhal_bsp.a(alt_dcache_flush_all.o)
 .data          0x00203708      0x1a8 ../cpu_0_bsp//libhal_bsp.a(alt_dev.o)
                0x00203708                alt_dev_null
                0x00203730                alt_fd_list
 .data          0x002038b0        0x0 ../cpu_0_bsp//libhal_bsp.a(alt_dev_llist_insert.o)
 .data          0x002038b0        0x0 ../cpu_0_bsp//libhal_bsp.a(alt_do_ctors.o)
 .data          0x002038b0        0x0 ../cpu_0_bsp//libhal_bsp.a(alt_do_dtors.o)
 .data          0x002038b0        0x0 ../cpu_0_bsp//libhal_bsp.a(alt_errno.o)
 .data          0x002038b0        0x0 ../cpu_0_bsp//libhal_bsp.a(alt_icache_flush_all.o)
 .data          0x002038b0        0x0 ../cpu_0_bsp//libhal_bsp.a(alt_iic.o)
 .data          0x002038b0        0x0 ../cpu_0_bsp//libhal_bsp.a(alt_iic_isr_register.o)
 .data          0x002038b0        0x0 ../cpu_0_bsp//libhal_bsp.a(alt_io_redirect.o)
 .data          0x002038b0        0x0 ../cpu_0_bsp//libhal_bsp.a(alt_irq_entry.o)
 .data          0x002038b0        0x0 ../cpu_0_bsp//libhal_bsp.a(alt_irq_handler.o)
 .data          0x002038b0        0x0 ../cpu_0_bsp//libhal_bsp.a(alt_irq_vars.o)
 .data          0x002038b0        0x0 ../cpu_0_bsp//libhal_bsp.a(alt_open.o)
 .data          0x002038b0        0x0 ../cpu_0_bsp//libhal_bsp.a(alt_release_fd.o)
 .data          0x002038b0        0x0 ../cpu_0_bsp//libhal_bsp.a(alt_tick.o)
 .data          0x002038b0        0x0 ../cpu_0_bsp//libhal_bsp.a(altera_nios2_gen2_irq.o)
 .data          0x002038b0        0x0 ../cpu_0_bsp//libhal_bsp.a(alt_exception_entry.o)
 .data          0x002038b0        0x0 ../cpu_0_bsp//libhal_bsp.a(alt_find_dev.o)
 .data          0x002038b0        0x0 ../cpu_0_bsp//libhal_bsp.a(alt_find_file.o)
 .data          0x002038b0        0x0 ../cpu_0_bsp//libhal_bsp.a(alt_get_fd.o)
 .data          0x002038b0        0x0 ../cpu_0_bsp//libhal_bsp.a(alt_icache_flush.o)
 .data          0x002038b0        0x0 ../cpu_0_bsp//libhal_bsp.a(alt_instruction_exception_entry.o)
 .data          0x002038b0        0x0 ../cpu_0_bsp//newlib/nios2-elf/lib/libc.a(libc_a-atexit.o)
 .data          0x002038b0        0x0 ../cpu_0_bsp//newlib/nios2-elf/lib/libc.a(libc_a-exit.o)
 .data          0x002038b0        0x0 ../cpu_0_bsp//newlib/nios2-elf/lib/libc.a(libc_a-memcmp.o)
 .data          0x002038b0        0x0 ../cpu_0_bsp//newlib/nios2-elf/lib/libc.a(libc_a-memcpy.o)
 .data          0x002038b0        0x0 ../cpu_0_bsp//newlib/nios2-elf/lib/libc.a(libc_a-strlen.o)
 .data          0x002038b0        0x0 ../cpu_0_bsp//newlib/nios2-elf/lib/libc.a(libc_a-int_errno.o)
 .data          0x002038b0        0x0 ../cpu_0_bsp//newlib/nios2-elf/lib/libc.a(libc_a-__atexit.o)
 .data          0x002038b0        0x0 ../cpu_0_bsp//newlib/nios2-elf/lib/libc.a(libc_a-__call_atexit.o)
 .data          0x002038b0        0x0 ../cpu_0_bsp//libhal_bsp.a(alt_exit.o)
                0x0020b8b0                        _gp = ABSOLUTE ((. + 0x8000))
                [!provide]                        PROVIDE (gp = _gp)
 *(.rwdata .rwdata.*)
 *(.sdata .sdata.* .gnu.linkonce.s.*)
 .sdata         0x002038b0       0x14 ../cpu_0_bsp//libhal_bsp.a(alt_dev.o)
                0x002038b0                alt_fs_list
                0x002038b8                alt_dev_list
                0x002038c0                alt_max_fd
 .sdata         0x002038c4        0x4 ../cpu_0_bsp//libhal_bsp.a(alt_errno.o)
                0x002038c4                alt_errno
 .sdata         0x002038c8        0x4 ../cpu_0_bsp//libhal_bsp.a(alt_irq_vars.o)
                0x002038c8                alt_priority_mask
 .sdata         0x002038cc        0x8 ../cpu_0_bsp//libhal_bsp.a(alt_tick.o)
                0x002038cc                alt_alarm_list
 *(.sdata2 .sdata2.* .gnu.linkonce.s2.*)
                0x002038d4                        . = ALIGN (0x4)
                0x002038d4                        _edata = ABSOLUTE (.)
                [!provide]                        PROVIDE (edata = ABSOLUTE (.))
                0x002038d4                        PROVIDE (__ram_rwdata_end = ABSOLUTE (.))
                0x002038d4                        PROVIDE (__flash_rwdata_start = LOADADDR (.rwdata))

.bss            0x00204b00      0x2c0
                0x00204b00                        __bss_start = ABSOLUTE (.)
                [!provide]                        PROVIDE (__sbss_start = ABSOLUTE (.))
                [!provide]                        PROVIDE (___sbss_start = ABSOLUTE (.))
 *(.dynsbss)
 *(.sbss .sbss.* .gnu.linkonce.sb.*)
 .sbss          0x00204b00        0xc ../cpu_0_bsp//libhal_bsp.a(alt_main.o)
                0x00204b00                alt_argc
                0x00204b04                alt_argv
                0x00204b08                alt_envp
 .sbss          0x00204b0c        0x4 ../cpu_0_bsp//libhal_bsp.a(alt_irq_vars.o)
                0x00204b0c                alt_irq_active
 .sbss          0x00204b10        0xc ../cpu_0_bsp//libhal_bsp.a(alt_tick.o)
                0x00204b10                _alt_tick_rate
                0x00204b14                _alt_nticks
 .sbss          0x00204b1c        0x4 ../cpu_0_bsp//libhal_bsp.a(alt_instruction_exception_entry.o)
                0x00204b1c                alt_instruction_exception_handler
 .sbss.__stdio_exit_handler
                0x00204b20        0x4 ../cpu_0_bsp//newlib/nios2-elf/lib/libc.a(libc_a-exit.o)
                0x00204b20                __stdio_exit_handler
 .sbss.errno    0x00204b24        0x4 ../cpu_0_bsp//newlib/nios2-elf/lib/libc.a(libc_a-int_errno.o)
                0x00204b24                errno
 .sbss.__atexit_recursive_mutex
                0x00204b28        0x4 ../cpu_0_bsp//newlib/nios2-elf/lib/libc.a(libc_a-__call_atexit.o)
 .sbss.__atexit
                0x00204b2c        0x4 ../cpu_0_bsp//newlib/nios2-elf/lib/libc.a(libc_a-__call_atexit.o)
                0x00204b2c                __atexit
 *(.sbss2 .sbss2.* .gnu.linkonce.sb2.*)
 *(.scommon)
                [!provide]                        PROVIDE (__sbss_end = ABSOLUTE (.))
                [!provide]                        PROVIDE (___sbss_end = ABSOLUTE (.))
 *(.dynbss)
 *(.bss .bss.* .gnu.linkonce.b.*)
 .bss           0x00204b30        0x0 ../cpu_0_bsp//obj/HAL/src/crt0.o
 .bss           0x00204b30        0x0 ../cpu_0_bsp//libhal_bsp.a(alt_load.o)
 .bss           0x00204b30        0x0 ../cpu_0_bsp//libhal_bsp.a(alt_main.o)
 .bss           0x00204b30        0x0 ../cpu_0_bsp//libhal_bsp.a(alt_sys_init.o)
 .bss           0x00204b30        0x0 ../cpu_0_bsp//libhal_bsp.a(altera_avalon_jtag_uart_fd.o)
 .bss           0x00204b30        0x0 ../cpu_0_bsp//libhal_bsp.a(altera_avalon_jtag_uart_init.o)
 .bss           0x00204b30        0x0 ../cpu_0_bsp//libhal_bsp.a(altera_avalon_jtag_uart_ioctl.o)
 .bss           0x00204b30        0x0 ../cpu_0_bsp//libhal_bsp.a(altera_avalon_jtag_uart_read.o)
 .bss           0x00204b30        0x0 ../cpu_0_bsp//libhal_bsp.a(altera_avalon_jtag_uart_write.o)
 .bss           0x00204b30        0x0 ../cpu_0_bsp//libhal_bsp.a(alt_alarm_start.o)
 .bss           0x00204b30        0x0 ../cpu_0_bsp//libhal_bsp.a(alt_close.o)
 .bss           0x00204b30        0x0 ../cpu_0_bsp//libhal_bsp.a(alt_dcache_flush_all.o)
 .bss           0x00204b30        0x0 ../cpu_0_bsp//libhal_bsp.a(alt_dev.o)
 .bss           0x00204b30        0x0 ../cpu_0_bsp//libhal_bsp.a(alt_dev_llist_insert.o)
 .bss           0x00204b30        0x0 ../cpu_0_bsp//libhal_bsp.a(alt_do_ctors.o)
 .bss           0x00204b30        0x0 ../cpu_0_bsp//libhal_bsp.a(alt_do_dtors.o)
 .bss           0x00204b30        0x0 ../cpu_0_bsp//libhal_bsp.a(alt_errno.o)
 .bss           0x00204b30        0x0 ../cpu_0_bsp//libhal_bsp.a(alt_icache_flush_all.o)
 .bss           0x00204b30        0x0 ../cpu_0_bsp//libhal_bsp.a(alt_iic.o)
 .bss           0x00204b30        0x0 ../cpu_0_bsp//libhal_bsp.a(alt_iic_isr_register.o)
 .bss           0x00204b30        0x0 ../cpu_0_bsp//libhal_bsp.a(alt_io_redirect.o)
 .bss           0x00204b30        0x0 ../cpu_0_bsp//libhal_bsp.a(alt_irq_entry.o)
 .bss           0x00204b30      0x100 ../cpu_0_bsp//libhal_bsp.a(alt_irq_handler.o)
                0x00204b30                alt_irq
 .bss           0x00204c30        0x0 ../cpu_0_bsp//libhal_bsp.a(alt_irq_vars.o)
 .bss           0x00204c30        0x0 ../cpu_0_bsp//libhal_bsp.a(alt_open.o)
 .bss           0x00204c30        0x0 ../cpu_0_bsp//libhal_bsp.a(alt_release_fd.o)
 .bss           0x00204c30        0x0 ../cpu_0_bsp//libhal_bsp.a(alt_tick.o)
 .bss           0x00204c30        0x0 ../cpu_0_bsp//libhal_bsp.a(altera_nios2_gen2_irq.o)
 .bss           0x00204c30        0x0 ../cpu_0_bsp//libhal_bsp.a(alt_exception_entry.o)
 .bss           0x00204c30        0x0 ../cpu_0_bsp//libhal_bsp.a(alt_find_dev.o)
 .bss           0x00204c30        0x0 ../cpu_0_bsp//libhal_bsp.a(alt_find_file.o)
 .bss           0x00204c30        0x0 ../cpu_0_bsp//libhal_bsp.a(alt_get_fd.o)
 .bss           0x00204c30        0x0 ../cpu_0_bsp//libhal_bsp.a(alt_icache_flush.o)
 .bss           0x00204c30        0x0 ../cpu_0_bsp//libhal_bsp.a(alt_instruction_exception_entry.o)
 .bss           0x00204c30        0x0 ../cpu_0_bsp//newlib/nios2-elf/lib/libc.a(libc_a-atexit.o)
 .bss           0x00204c30        0x0 ../cpu_0_bsp//newlib/nios2-elf/lib/libc.a(libc_a-exit.o)
 .bss           0x00204c30        0x0 ../cpu_0_bsp//newlib/nios2-elf/lib/libc.a(libc_a-memcmp.o)
 .bss           0x00204c30        0x0 ../cpu_0_bsp//newlib/nios2-elf/lib/libc.a(libc_a-memcpy.o)
 .bss           0x00204c30        0x0 ../cpu_0_bsp//newlib/nios2-elf/lib/libc.a(libc_a-strlen.o)
 .bss           0x00204c30        0x0 ../cpu_0_bsp//newlib/nios2-elf/lib/libc.a(libc_a-int_errno.o)
 .bss           0x00204c30        0x0 ../cpu_0_bsp//newlib/nios2-elf/lib/libc.a(libc_a-__atexit.o)
 .bss.__atexit0
                0x00204c30      0x190 ../cpu_0_bsp//newlib/nios2-elf/lib/libc.a(libc_a-__atexit.o)
                0x00204c30                __atexit0
 .bss           0x00204dc0        0x0 ../cpu_0_bsp//newlib/nios2-elf/lib/libc.a(libc_a-__call_atexit.o)
 .bss           0x00204dc0        0x0 ../cpu_0_bsp//libhal_bsp.a(alt_exit.o)
 *(COMMON)
                0x00204dc0                        . = ALIGN (0x4)
                0x00204dc0                        __bss_end = ABSOLUTE (.)

.RAM            0x00204dc0        0x0
                [!provide]                        PROVIDE (_alt_partition_RAM_start = ABSOLUTE (.))
 *(.RAM .RAM. RAM.*)
                0x00204dc0                        . = ALIGN (0x4)
                [!provide]                        PROVIDE (_alt_partition_RAM_end = ABSOLUTE (.))
                0x00204dc0                        _end = ABSOLUTE (.)
                0x00204dc0                        end = ABSOLUTE (.)
                0x00204dc0                        __alt_stack_base = ABSOLUTE (.)
                [!provide]                        PROVIDE (_alt_partition_RAM_load_addr = LOADADDR (.RAM))

.stab
 *(.stab)

.stabstr
 *(.stabstr)

.stab.excl
 *(.stab.excl)

.stab.exclstr
 *(.stab.exclstr)

.stab.index
 *(.stab.index)

.stab.indexstr
 *(.stab.indexstr)

.comment        0x00000000       0x2d
 *(.comment)
 .comment       0x00000000       0x2d ../cpu_0_bsp//libhal_bsp.a(alt_load.o)
                                 0x2e (size before relaxing)
 .comment       0x0000002d       0x2e ../cpu_0_bsp//libhal_bsp.a(alt_main.o)
 .comment       0x0000002d       0x2e ../cpu_0_bsp//libhal_bsp.a(alt_sys_init.o)
 .comment       0x0000002d       0x2e ../cpu_0_bsp//libhal_bsp.a(altera_avalon_jtag_uart_fd.o)
 .comment       0x0000002d       0x2e ../cpu_0_bsp//libhal_bsp.a(altera_avalon_jtag_uart_init.o)
 .comment       0x0000002d       0x2e ../cpu_0_bsp//libhal_bsp.a(altera_avalon_jtag_uart_ioctl.o)
 .comment       0x0000002d       0x2e ../cpu_0_bsp//libhal_bsp.a(altera_avalon_jtag_uart_read.o)
 .comment       0x0000002d       0x2e ../cpu_0_bsp//libhal_bsp.a(altera_avalon_jtag_uart_write.o)
 .comment       0x0000002d       0x2e ../cpu_0_bsp//libhal_bsp.a(alt_alarm_start.o)
 .comment       0x0000002d       0x2e ../cpu_0_bsp//libhal_bsp.a(alt_close.o)
 .comment       0x0000002d       0x2e ../cpu_0_bsp//libhal_bsp.a(alt_dcache_flush_all.o)
 .comment       0x0000002d       0x2e ../cpu_0_bsp//libhal_bsp.a(alt_dev.o)
 .comment       0x0000002d       0x2e ../cpu_0_bsp//libhal_bsp.a(alt_dev_llist_insert.o)
 .comment       0x0000002d       0x2e ../cpu_0_bsp//libhal_bsp.a(alt_do_ctors.o)
 .comment       0x0000002d       0x2e ../cpu_0_bsp//libhal_bsp.a(alt_do_dtors.o)
 .comment       0x0000002d       0x2e ../cpu_0_bsp//libhal_bsp.a(alt_errno.o)
 .comment       0x0000002d       0x2e ../cpu_0_bsp//libhal_bsp.a(alt_icache_flush_all.o)
 .comment       0x0000002d       0x2e ../cpu_0_bsp//libhal_bsp.a(alt_iic.o)
 .comment       0x0000002d       0x2e ../cpu_0_bsp//libhal_bsp.a(alt_iic_isr_register.o)
 .comment       0x0000002d       0x2e ../cpu_0_bsp//libhal_bsp.a(alt_io_redirect.o)
 .comment       0x0000002d       0x2e ../cpu_0_bsp//libhal_bsp.a(alt_irq_handler.o)
 .comment       0x0000002d       0x2e ../cpu_0_bsp//libhal_bsp.a(alt_irq_vars.o)
 .comment       0x0000002d       0x2e ../cpu_0_bsp//libhal_bsp.a(alt_open.o)
 .comment       0x0000002d       0x2e ../cpu_0_bsp//libhal_bsp.a(alt_release_fd.o)
 .comment       0x0000002d       0x2e ../cpu_0_bsp//libhal_bsp.a(alt_tick.o)
 .comment       0x0000002d       0x2e ../cpu_0_bsp//libhal_bsp.a(altera_nios2_gen2_irq.o)
 .comment       0x0000002d       0x2e ../cpu_0_bsp//libhal_bsp.a(alt_find_dev.o)
 .comment       0x0000002d       0x2e ../cpu_0_bsp//libhal_bsp.a(alt_find_file.o)
 .comment       0x0000002d       0x2e ../cpu_0_bsp//libhal_bsp.a(alt_get_fd.o)
 .comment       0x0000002d       0x2e ../cpu_0_bsp//libhal_bsp.a(alt_icache_flush.o)
 .comment       0x0000002d       0x2e ../cpu_0_bsp//libhal_bsp.a(alt_instruction_exception_entry.o)
 .comment       0x0000002d       0x2e ../cpu_0_bsp//newlib/nios2-elf/lib/libc.a(libc_a-atexit.o)
 .comment       0x0000002d       0x2e ../cpu_0_bsp//newlib/nios2-elf/lib/libc.a(libc_a-exit.o)
 .comment       0x0000002d       0x2e ../cpu_0_bsp//newlib/nios2-elf/lib/libc.a(libc_a-memcmp.o)
 .comment       0x0000002d       0x2e ../cpu_0_bsp//newlib/nios2-elf/lib/libc.a(libc_a-memcpy.o)
 .comment       0x0000002d       0x2e ../cpu_0_bsp//newlib/nios2-elf/lib/libc.a(libc_a-strlen.o)
 .comment       0x0000002d       0x2e ../cpu_0_bsp//newlib/nios2-elf/lib/libc.a(libc_a-int_errno.o)
 .comment       0x0000002d       0x2e ../cpu_0_bsp//newlib/nios2-elf/lib/libc.a(libc_a-__atexit.o)
 .comment       0x0000002d       0x2e ../cpu_0_bsp//newlib/nios2-elf/lib/libc.a(libc_a-__call_atexit.o)
 .comment       0x0000002d       0x2e ../cpu_0_bsp//libhal_bsp.a(alt_exit.o)

.debug
 *(.debug)

.line
 *(.line)

.debug_srcinfo
 *(.debug_srcinfo)

.debug_sfnames
 *(.debug_sfnames)

.debug_aranges  0x00000000      0x578
 *(.debug_aranges)
 .debug_aranges
                0x00000000       0x28 ../cpu_0_bsp//obj/HAL/src/crt0.o
 .debug_aranges
                0x00000028       0x20 ../cpu_0_bsp//libhal_bsp.a(alt_load.o)
 .debug_aranges
                0x00000048       0x20 ../cpu_0_bsp//libhal_bsp.a(alt_main.o)
 .debug_aranges
                0x00000068       0x20 ../cpu_0_bsp//libhal_bsp.a(alt_sys_init.o)
 .debug_aranges
                0x00000088       0x20 ../cpu_0_bsp//libhal_bsp.a(altera_avalon_jtag_uart_fd.o)
 .debug_aranges
                0x000000a8       0x20 ../cpu_0_bsp//libhal_bsp.a(altera_avalon_jtag_uart_init.o)
 .debug_aranges
                0x000000c8       0x20 ../cpu_0_bsp//libhal_bsp.a(altera_avalon_jtag_uart_ioctl.o)
 .debug_aranges
                0x000000e8       0x20 ../cpu_0_bsp//libhal_bsp.a(altera_avalon_jtag_uart_read.o)
 .debug_aranges
                0x00000108       0x20 ../cpu_0_bsp//libhal_bsp.a(altera_avalon_jtag_uart_write.o)
 .debug_aranges
                0x00000128       0x20 ../cpu_0_bsp//libhal_bsp.a(alt_alarm_start.o)
 .debug_aranges
                0x00000148       0x20 ../cpu_0_bsp//libhal_bsp.a(alt_close.o)
 .debug_aranges
                0x00000168       0x20 ../cpu_0_bsp//libhal_bsp.a(alt_dcache_flush_all.o)
 .debug_aranges
                0x00000188       0x20 ../cpu_0_bsp//libhal_bsp.a(alt_dev.o)
 .debug_aranges
                0x000001a8       0x20 ../cpu_0_bsp//libhal_bsp.a(alt_dev_llist_insert.o)
 .debug_aranges
                0x000001c8       0x20 ../cpu_0_bsp//libhal_bsp.a(alt_do_ctors.o)
 .debug_aranges
                0x000001e8       0x20 ../cpu_0_bsp//libhal_bsp.a(alt_do_dtors.o)
 .debug_aranges
                0x00000208       0x18 ../cpu_0_bsp//libhal_bsp.a(alt_errno.o)
 .debug_aranges
                0x00000220       0x20 ../cpu_0_bsp//libhal_bsp.a(alt_icache_flush_all.o)
 .debug_aranges
                0x00000240       0x20 ../cpu_0_bsp//libhal_bsp.a(alt_iic.o)
 .debug_aranges
                0x00000260       0x20 ../cpu_0_bsp//libhal_bsp.a(alt_iic_isr_register.o)
 .debug_aranges
                0x00000280       0x20 ../cpu_0_bsp//libhal_bsp.a(alt_io_redirect.o)
 .debug_aranges
                0x000002a0       0x30 ../cpu_0_bsp//libhal_bsp.a(alt_irq_entry.o)
 .debug_aranges
                0x000002d0       0x20 ../cpu_0_bsp//libhal_bsp.a(alt_irq_handler.o)
 .debug_aranges
                0x000002f0       0x18 ../cpu_0_bsp//libhal_bsp.a(alt_irq_vars.o)
 .debug_aranges
                0x00000308       0x20 ../cpu_0_bsp//libhal_bsp.a(alt_open.o)
 .debug_aranges
                0x00000328       0x20 ../cpu_0_bsp//libhal_bsp.a(alt_release_fd.o)
 .debug_aranges
                0x00000348       0x20 ../cpu_0_bsp//libhal_bsp.a(alt_tick.o)
 .debug_aranges
                0x00000368       0x20 ../cpu_0_bsp//libhal_bsp.a(altera_nios2_gen2_irq.o)
 .debug_aranges
                0x00000388       0x30 ../cpu_0_bsp//libhal_bsp.a(alt_exception_entry.o)
 .debug_aranges
                0x000003b8       0x20 ../cpu_0_bsp//libhal_bsp.a(alt_find_dev.o)
 .debug_aranges
                0x000003d8       0x20 ../cpu_0_bsp//libhal_bsp.a(alt_find_file.o)
 .debug_aranges
                0x000003f8       0x20 ../cpu_0_bsp//libhal_bsp.a(alt_get_fd.o)
 .debug_aranges
                0x00000418       0x20 ../cpu_0_bsp//libhal_bsp.a(alt_icache_flush.o)
 .debug_aranges
                0x00000438       0x28 ../cpu_0_bsp//libhal_bsp.a(alt_instruction_exception_entry.o)
 .debug_aranges
                0x00000460       0x20 ../cpu_0_bsp//newlib/nios2-elf/lib/libc.a(libc_a-atexit.o)
 .debug_aranges
                0x00000480       0x20 ../cpu_0_bsp//newlib/nios2-elf/lib/libc.a(libc_a-exit.o)
 .debug_aranges
                0x000004a0       0x20 ../cpu_0_bsp//newlib/nios2-elf/lib/libc.a(libc_a-memcmp.o)
 .debug_aranges
                0x000004c0       0x20 ../cpu_0_bsp//newlib/nios2-elf/lib/libc.a(libc_a-memcpy.o)
 .debug_aranges
                0x000004e0       0x20 ../cpu_0_bsp//newlib/nios2-elf/lib/libc.a(libc_a-strlen.o)
 .debug_aranges
                0x00000500       0x18 ../cpu_0_bsp//newlib/nios2-elf/lib/libc.a(libc_a-int_errno.o)
 .debug_aranges
                0x00000518       0x20 ../cpu_0_bsp//newlib/nios2-elf/lib/libc.a(libc_a-__atexit.o)
 .debug_aranges
                0x00000538       0x20 ../cpu_0_bsp//newlib/nios2-elf/lib/libc.a(libc_a-__call_atexit.o)
 .debug_aranges
                0x00000558       0x20 ../cpu_0_bsp//libhal_bsp.a(alt_exit.o)

.debug_pubnames
 *(.debug_pubnames)

.debug_info     0x00000000     0x5876
 *(.debug_info .gnu.linkonce.wi.*)
 .debug_info    0x00000000       0x3f ../cpu_0_bsp//obj/HAL/src/crt0.o
 .debug_info    0x0000003f      0x144 ../cpu_0_bsp//libhal_bsp.a(alt_load.o)
 .debug_info    0x00000183      0x19d ../cpu_0_bsp//libhal_bsp.a(alt_main.o)
 .debug_info    0x00000320      0x577 ../cpu_0_bsp//libhal_bsp.a(alt_sys_init.o)
 .debug_info    0x00000897      0x593 ../cpu_0_bsp//libhal_bsp.a(altera_avalon_jtag_uart_fd.o)
 .debug_info    0x00000e2a      0x421 ../cpu_0_bsp//libhal_bsp.a(altera_avalon_jtag_uart_init.o)
 .debug_info    0x0000124b      0x25f ../cpu_0_bsp//libhal_bsp.a(altera_avalon_jtag_uart_ioctl.o)
 .debug_info    0x000014aa      0x358 ../cpu_0_bsp//libhal_bsp.a(altera_avalon_jtag_uart_read.o)
 .debug_info    0x00001802      0x354 ../cpu_0_bsp//libhal_bsp.a(altera_avalon_jtag_uart_write.o)
 .debug_info    0x00001b56      0x2b9 ../cpu_0_bsp//libhal_bsp.a(alt_alarm_start.o)
 .debug_info    0x00001e0f      0x32f ../cpu_0_bsp//libhal_bsp.a(alt_close.o)
 .debug_info    0x0000213e       0xa1 ../cpu_0_bsp//libhal_bsp.a(alt_dcache_flush_all.o)
 .debug_info    0x000021df      0x567 ../cpu_0_bsp//libhal_bsp.a(alt_dev.o)
 .debug_info    0x00002746      0x1a8 ../cpu_0_bsp//libhal_bsp.a(alt_dev_llist_insert.o)
 .debug_info    0x000028ee       0x83 ../cpu_0_bsp//libhal_bsp.a(alt_do_ctors.o)
 .debug_info    0x00002971       0x83 ../cpu_0_bsp//libhal_bsp.a(alt_do_dtors.o)
 .debug_info    0x000029f4       0xa8 ../cpu_0_bsp//libhal_bsp.a(alt_errno.o)
 .debug_info    0x00002a9c       0xb2 ../cpu_0_bsp//libhal_bsp.a(alt_icache_flush_all.o)
 .debug_info    0x00002b4e      0x339 ../cpu_0_bsp//libhal_bsp.a(alt_iic.o)
 .debug_info    0x00002e87      0x218 ../cpu_0_bsp//libhal_bsp.a(alt_iic_isr_register.o)
 .debug_info    0x0000309f      0x561 ../cpu_0_bsp//libhal_bsp.a(alt_io_redirect.o)
 .debug_info    0x00003600       0x22 ../cpu_0_bsp//libhal_bsp.a(alt_irq_entry.o)
 .debug_info    0x00003622      0x170 ../cpu_0_bsp//libhal_bsp.a(alt_irq_handler.o)
 .debug_info    0x00003792       0x88 ../cpu_0_bsp//libhal_bsp.a(alt_irq_vars.o)
 .debug_info    0x0000381a      0x415 ../cpu_0_bsp//libhal_bsp.a(alt_open.o)
 .debug_info    0x00003c2f      0x2ac ../cpu_0_bsp//libhal_bsp.a(alt_release_fd.o)
 .debug_info    0x00003edb      0x29e ../cpu_0_bsp//libhal_bsp.a(alt_tick.o)
 .debug_info    0x00004179       0x8d ../cpu_0_bsp//libhal_bsp.a(altera_nios2_gen2_irq.o)
 .debug_info    0x00004206       0x22 ../cpu_0_bsp//libhal_bsp.a(alt_exception_entry.o)
 .debug_info    0x00004228      0x323 ../cpu_0_bsp//libhal_bsp.a(alt_find_dev.o)
 .debug_info    0x0000454b      0x324 ../cpu_0_bsp//libhal_bsp.a(alt_find_file.o)
 .debug_info    0x0000486f      0x309 ../cpu_0_bsp//libhal_bsp.a(alt_get_fd.o)
 .debug_info    0x00004b78       0xd8 ../cpu_0_bsp//libhal_bsp.a(alt_icache_flush.o)
 .debug_info    0x00004c50      0x1e8 ../cpu_0_bsp//libhal_bsp.a(alt_instruction_exception_entry.o)
 .debug_info    0x00004e38       0xf3 ../cpu_0_bsp//newlib/nios2-elf/lib/libc.a(libc_a-atexit.o)
 .debug_info    0x00004f2b       0xe7 ../cpu_0_bsp//newlib/nios2-elf/lib/libc.a(libc_a-exit.o)
 .debug_info    0x00005012      0x108 ../cpu_0_bsp//newlib/nios2-elf/lib/libc.a(libc_a-memcmp.o)
 .debug_info    0x0000511a      0x134 ../cpu_0_bsp//newlib/nios2-elf/lib/libc.a(libc_a-memcpy.o)
 .debug_info    0x0000524e       0xdc ../cpu_0_bsp//newlib/nios2-elf/lib/libc.a(libc_a-strlen.o)
 .debug_info    0x0000532a       0x85 ../cpu_0_bsp//newlib/nios2-elf/lib/libc.a(libc_a-int_errno.o)
 .debug_info    0x000053af      0x1e5 ../cpu_0_bsp//newlib/nios2-elf/lib/libc.a(libc_a-__atexit.o)
 .debug_info    0x00005594      0x200 ../cpu_0_bsp//newlib/nios2-elf/lib/libc.a(libc_a-__call_atexit.o)
 .debug_info    0x00005794       0xe2 ../cpu_0_bsp//libhal_bsp.a(alt_exit.o)

.debug_abbrev   0x00000000     0x28e0
 *(.debug_abbrev)
 .debug_abbrev  0x00000000       0x1f ../cpu_0_bsp//obj/HAL/src/crt0.o
 .debug_abbrev  0x0000001f       0xc2 ../cpu_0_bsp//libhal_bsp.a(alt_load.o)
 .debug_abbrev  0x000000e1       0xfb ../cpu_0_bsp//libhal_bsp.a(alt_main.o)
 .debug_abbrev  0x000001dc      0x1e7 ../cpu_0_bsp//libhal_bsp.a(alt_sys_init.o)
 .debug_abbrev  0x000003c3      0x166 ../cpu_0_bsp//libhal_bsp.a(altera_avalon_jtag_uart_fd.o)
 .debug_abbrev  0x00000529      0x1e4 ../cpu_0_bsp//libhal_bsp.a(altera_avalon_jtag_uart_init.o)
 .debug_abbrev  0x0000070d      0x114 ../cpu_0_bsp//libhal_bsp.a(altera_avalon_jtag_uart_ioctl.o)
 .debug_abbrev  0x00000821      0x1d1 ../cpu_0_bsp//libhal_bsp.a(altera_avalon_jtag_uart_read.o)
 .debug_abbrev  0x000009f2      0x1cf ../cpu_0_bsp//libhal_bsp.a(altera_avalon_jtag_uart_write.o)
 .debug_abbrev  0x00000bc1      0x191 ../cpu_0_bsp//libhal_bsp.a(alt_alarm_start.o)
 .debug_abbrev  0x00000d52      0x147 ../cpu_0_bsp//libhal_bsp.a(alt_close.o)
 .debug_abbrev  0x00000e99       0x5d ../cpu_0_bsp//libhal_bsp.a(alt_dcache_flush_all.o)
 .debug_abbrev  0x00000ef6      0x11b ../cpu_0_bsp//libhal_bsp.a(alt_dev.o)
 .debug_abbrev  0x00001011      0x12b ../cpu_0_bsp//libhal_bsp.a(alt_dev_llist_insert.o)
 .debug_abbrev  0x0000113c       0x83 ../cpu_0_bsp//libhal_bsp.a(alt_do_ctors.o)
 .debug_abbrev  0x000011bf       0x83 ../cpu_0_bsp//libhal_bsp.a(alt_do_dtors.o)
 .debug_abbrev  0x00001242       0x70 ../cpu_0_bsp//libhal_bsp.a(alt_errno.o)
 .debug_abbrev  0x000012b2       0x75 ../cpu_0_bsp//libhal_bsp.a(alt_icache_flush_all.o)
 .debug_abbrev  0x00001327      0x1a9 ../cpu_0_bsp//libhal_bsp.a(alt_iic.o)
 .debug_abbrev  0x000014d0      0x199 ../cpu_0_bsp//libhal_bsp.a(alt_iic_isr_register.o)
 .debug_abbrev  0x00001669      0x157 ../cpu_0_bsp//libhal_bsp.a(alt_io_redirect.o)
 .debug_abbrev  0x000017c0       0x12 ../cpu_0_bsp//libhal_bsp.a(alt_irq_entry.o)
 .debug_abbrev  0x000017d2      0x12f ../cpu_0_bsp//libhal_bsp.a(alt_irq_handler.o)
 .debug_abbrev  0x00001901       0x46 ../cpu_0_bsp//libhal_bsp.a(alt_irq_vars.o)
 .debug_abbrev  0x00001947      0x191 ../cpu_0_bsp//libhal_bsp.a(alt_open.o)
 .debug_abbrev  0x00001ad8       0xea ../cpu_0_bsp//libhal_bsp.a(alt_release_fd.o)
 .debug_abbrev  0x00001bc2      0x17f ../cpu_0_bsp//libhal_bsp.a(alt_tick.o)
 .debug_abbrev  0x00001d41       0x43 ../cpu_0_bsp//libhal_bsp.a(altera_nios2_gen2_irq.o)
 .debug_abbrev  0x00001d84       0x12 ../cpu_0_bsp//libhal_bsp.a(alt_exception_entry.o)
 .debug_abbrev  0x00001d96      0x10c ../cpu_0_bsp//libhal_bsp.a(alt_find_dev.o)
 .debug_abbrev  0x00001ea2      0x11d ../cpu_0_bsp//libhal_bsp.a(alt_find_file.o)
 .debug_abbrev  0x00001fbf      0x124 ../cpu_0_bsp//libhal_bsp.a(alt_get_fd.o)
 .debug_abbrev  0x000020e3       0x97 ../cpu_0_bsp//libhal_bsp.a(alt_icache_flush.o)
 .debug_abbrev  0x0000217a       0xed ../cpu_0_bsp//libhal_bsp.a(alt_instruction_exception_entry.o)
 .debug_abbrev  0x00002267       0xa9 ../cpu_0_bsp//newlib/nios2-elf/lib/libc.a(libc_a-atexit.o)
 .debug_abbrev  0x00002310       0xbe ../cpu_0_bsp//newlib/nios2-elf/lib/libc.a(libc_a-exit.o)
 .debug_abbrev  0x000023ce       0x8a ../cpu_0_bsp//newlib/nios2-elf/lib/libc.a(libc_a-memcmp.o)
 .debug_abbrev  0x00002458       0xb0 ../cpu_0_bsp//newlib/nios2-elf/lib/libc.a(libc_a-memcpy.o)
 .debug_abbrev  0x00002508       0x8a ../cpu_0_bsp//newlib/nios2-elf/lib/libc.a(libc_a-strlen.o)
 .debug_abbrev  0x00002592       0x39 ../cpu_0_bsp//newlib/nios2-elf/lib/libc.a(libc_a-int_errno.o)
 .debug_abbrev  0x000025cb      0x139 ../cpu_0_bsp//newlib/nios2-elf/lib/libc.a(libc_a-__atexit.o)
 .debug_abbrev  0x00002704      0x131 ../cpu_0_bsp//newlib/nios2-elf/lib/libc.a(libc_a-__call_atexit.o)
 .debug_abbrev  0x00002835       0xab ../cpu_0_bsp//libhal_bsp.a(alt_exit.o)

.debug_line     0x00000000     0x1e2c
 *(.debug_line)
 .debug_line    0x00000000       0x72 ../cpu_0_bsp//obj/HAL/src/crt0.o
 .debug_line    0x00000072       0x8f ../cpu_0_bsp//libhal_bsp.a(alt_load.o)
 .debug_line    0x00000101       0x99 ../cpu_0_bsp//libhal_bsp.a(alt_main.o)
 .debug_line    0x0000019a       0xb3 ../cpu_0_bsp//libhal_bsp.a(alt_sys_init.o)
 .debug_line    0x0000024d       0xb2 ../cpu_0_bsp//libhal_bsp.a(altera_avalon_jtag_uart_fd.o)
 .debug_line    0x000002ff      0x1d9 ../cpu_0_bsp//libhal_bsp.a(altera_avalon_jtag_uart_init.o)
 .debug_line    0x000004d8       0xdd ../cpu_0_bsp//libhal_bsp.a(altera_avalon_jtag_uart_ioctl.o)
 .debug_line    0x000005b5      0x158 ../cpu_0_bsp//libhal_bsp.a(altera_avalon_jtag_uart_read.o)
 .debug_line    0x0000070d      0x15e ../cpu_0_bsp//libhal_bsp.a(altera_avalon_jtag_uart_write.o)
 .debug_line    0x0000086b       0xed ../cpu_0_bsp//libhal_bsp.a(alt_alarm_start.o)
 .debug_line    0x00000958      0x116 ../cpu_0_bsp//libhal_bsp.a(alt_close.o)
 .debug_line    0x00000a6e       0x69 ../cpu_0_bsp//libhal_bsp.a(alt_dcache_flush_all.o)
 .debug_line    0x00000ad7       0xa2 ../cpu_0_bsp//libhal_bsp.a(alt_dev.o)
 .debug_line    0x00000b79       0xca ../cpu_0_bsp//libhal_bsp.a(alt_dev_llist_insert.o)
 .debug_line    0x00000c43       0x69 ../cpu_0_bsp//libhal_bsp.a(alt_do_ctors.o)
 .debug_line    0x00000cac       0x69 ../cpu_0_bsp//libhal_bsp.a(alt_do_dtors.o)
 .debug_line    0x00000d15       0x4c ../cpu_0_bsp//libhal_bsp.a(alt_errno.o)
 .debug_line    0x00000d61       0x63 ../cpu_0_bsp//libhal_bsp.a(alt_icache_flush_all.o)
 .debug_line    0x00000dc4       0xf4 ../cpu_0_bsp//libhal_bsp.a(alt_iic.o)
 .debug_line    0x00000eb8       0xbc ../cpu_0_bsp//libhal_bsp.a(alt_iic_isr_register.o)
 .debug_line    0x00000f74       0xd2 ../cpu_0_bsp//libhal_bsp.a(alt_io_redirect.o)
 .debug_line    0x00001046       0x6b ../cpu_0_bsp//libhal_bsp.a(alt_irq_entry.o)
 .debug_line    0x000010b1       0xb4 ../cpu_0_bsp//libhal_bsp.a(alt_irq_handler.o)
 .debug_line    0x00001165       0x43 ../cpu_0_bsp//libhal_bsp.a(alt_irq_vars.o)
 .debug_line    0x000011a8      0x158 ../cpu_0_bsp//libhal_bsp.a(alt_open.o)
 .debug_line    0x00001300       0x77 ../cpu_0_bsp//libhal_bsp.a(alt_release_fd.o)
 .debug_line    0x00001377       0xf2 ../cpu_0_bsp//libhal_bsp.a(alt_tick.o)
 .debug_line    0x00001469       0x51 ../cpu_0_bsp//libhal_bsp.a(altera_nios2_gen2_irq.o)
 .debug_line    0x000014ba       0x9d ../cpu_0_bsp//libhal_bsp.a(alt_exception_entry.o)
 .debug_line    0x00001557       0xa1 ../cpu_0_bsp//libhal_bsp.a(alt_find_dev.o)
 .debug_line    0x000015f8       0xd7 ../cpu_0_bsp//libhal_bsp.a(alt_find_file.o)
 .debug_line    0x000016cf       0xb2 ../cpu_0_bsp//libhal_bsp.a(alt_get_fd.o)
 .debug_line    0x00001781       0x8f ../cpu_0_bsp//libhal_bsp.a(alt_icache_flush.o)
 .debug_line    0x00001810       0xa1 ../cpu_0_bsp//libhal_bsp.a(alt_instruction_exception_entry.o)
 .debug_line    0x000018b1       0x61 ../cpu_0_bsp//newlib/nios2-elf/lib/libc.a(libc_a-atexit.o)
 .debug_line    0x00001912       0x75 ../cpu_0_bsp//newlib/nios2-elf/lib/libc.a(libc_a-exit.o)
 .debug_line    0x00001987       0xb9 ../cpu_0_bsp//newlib/nios2-elf/lib/libc.a(libc_a-memcmp.o)
 .debug_line    0x00001a40       0xea ../cpu_0_bsp//newlib/nios2-elf/lib/libc.a(libc_a-memcpy.o)
 .debug_line    0x00001b2a       0x96 ../cpu_0_bsp//newlib/nios2-elf/lib/libc.a(libc_a-strlen.o)
 .debug_line    0x00001bc0       0x3a ../cpu_0_bsp//newlib/nios2-elf/lib/libc.a(libc_a-int_errno.o)
 .debug_line    0x00001bfa       0xb3 ../cpu_0_bsp//newlib/nios2-elf/lib/libc.a(libc_a-__atexit.o)
 .debug_line    0x00001cad      0x105 ../cpu_0_bsp//newlib/nios2-elf/lib/libc.a(libc_a-__call_atexit.o)
 .debug_line    0x00001db2       0x7a ../cpu_0_bsp//libhal_bsp.a(alt_exit.o)

.debug_frame    0x00000000      0xab0
 *(.debug_frame)
 .debug_frame   0x00000000       0x5c ../cpu_0_bsp//libhal_bsp.a(alt_load.o)
 .debug_frame   0x0000005c       0x2c ../cpu_0_bsp//libhal_bsp.a(alt_main.o)
 .debug_frame   0x00000088       0x88 ../cpu_0_bsp//libhal_bsp.a(alt_sys_init.o)
 .debug_frame   0x00000110       0xb0 ../cpu_0_bsp//libhal_bsp.a(altera_avalon_jtag_uart_fd.o)
 .debug_frame   0x000001c0       0xa4 ../cpu_0_bsp//libhal_bsp.a(altera_avalon_jtag_uart_init.o)
 .debug_frame   0x00000264       0x34 ../cpu_0_bsp//libhal_bsp.a(altera_avalon_jtag_uart_ioctl.o)
 .debug_frame   0x00000298       0x38 ../cpu_0_bsp//libhal_bsp.a(altera_avalon_jtag_uart_read.o)
 .debug_frame   0x000002d0       0x38 ../cpu_0_bsp//libhal_bsp.a(altera_avalon_jtag_uart_write.o)
 .debug_frame   0x00000308       0x34 ../cpu_0_bsp//libhal_bsp.a(alt_alarm_start.o)
 .debug_frame   0x0000033c       0x60 ../cpu_0_bsp//libhal_bsp.a(alt_close.o)
 .debug_frame   0x0000039c       0x34 ../cpu_0_bsp//libhal_bsp.a(alt_dcache_flush_all.o)
 .debug_frame   0x000003d0       0x34 ../cpu_0_bsp//libhal_bsp.a(alt_dev.o)
 .debug_frame   0x00000404       0x60 ../cpu_0_bsp//libhal_bsp.a(alt_dev_llist_insert.o)
 .debug_frame   0x00000464       0x38 ../cpu_0_bsp//libhal_bsp.a(alt_do_ctors.o)
 .debug_frame   0x0000049c       0x38 ../cpu_0_bsp//libhal_bsp.a(alt_do_dtors.o)
 .debug_frame   0x000004d4       0x38 ../cpu_0_bsp//libhal_bsp.a(alt_icache_flush_all.o)
 .debug_frame   0x0000050c       0xa4 ../cpu_0_bsp//libhal_bsp.a(alt_iic.o)
 .debug_frame   0x000005b0       0x38 ../cpu_0_bsp//libhal_bsp.a(alt_iic_isr_register.o)
 .debug_frame   0x000005e8       0x60 ../cpu_0_bsp//libhal_bsp.a(alt_io_redirect.o)
 .debug_frame   0x00000648       0x38 ../cpu_0_bsp//libhal_bsp.a(alt_irq_handler.o)
 .debug_frame   0x00000680       0x84 ../cpu_0_bsp//libhal_bsp.a(alt_open.o)
 .debug_frame   0x00000704       0x34 ../cpu_0_bsp//libhal_bsp.a(alt_release_fd.o)
 .debug_frame   0x00000738       0x64 ../cpu_0_bsp//libhal_bsp.a(alt_tick.o)
 .debug_frame   0x0000079c       0x34 ../cpu_0_bsp//libhal_bsp.a(altera_nios2_gen2_irq.o)
 .debug_frame   0x000007d0       0x38 ../cpu_0_bsp//libhal_bsp.a(alt_find_dev.o)
 .debug_frame   0x00000808       0x38 ../cpu_0_bsp//libhal_bsp.a(alt_find_file.o)
 .debug_frame   0x00000840       0x34 ../cpu_0_bsp//libhal_bsp.a(alt_get_fd.o)
 .debug_frame   0x00000874       0x34 ../cpu_0_bsp//libhal_bsp.a(alt_icache_flush.o)
 .debug_frame   0x000008a8       0x5c ../cpu_0_bsp//libhal_bsp.a(alt_instruction_exception_entry.o)
 .debug_frame   0x00000904       0x38 ../cpu_0_bsp//newlib/nios2-elf/lib/libc.a(libc_a-atexit.o)
 .debug_frame   0x0000093c       0x2c ../cpu_0_bsp//newlib/nios2-elf/lib/libc.a(libc_a-exit.o)
 .debug_frame   0x00000968       0x34 ../cpu_0_bsp//newlib/nios2-elf/lib/libc.a(libc_a-memcmp.o)
 .debug_frame   0x0000099c       0x34 ../cpu_0_bsp//newlib/nios2-elf/lib/libc.a(libc_a-memcpy.o)
 .debug_frame   0x000009d0       0x34 ../cpu_0_bsp//newlib/nios2-elf/lib/libc.a(libc_a-strlen.o)
 .debug_frame   0x00000a04       0x38 ../cpu_0_bsp//newlib/nios2-elf/lib/libc.a(libc_a-__atexit.o)
 .debug_frame   0x00000a3c       0x48 ../cpu_0_bsp//newlib/nios2-elf/lib/libc.a(libc_a-__call_atexit.o)
 .debug_frame   0x00000a84       0x2c ../cpu_0_bsp//libhal_bsp.a(alt_exit.o)

.debug_str      0x00000000     0x130d
 *(.debug_str)
 .debug_str     0x00000000       0x7c ../cpu_0_bsp//obj/HAL/src/crt0.o
                                 0x83 (size before relaxing)
 .debug_str     0x0000007c      0x2dc ../cpu_0_bsp//libhal_bsp.a(alt_load.o)
                                0x315 (size before relaxing)
 .debug_str     0x00000358       0x6f ../cpu_0_bsp//libhal_bsp.a(alt_main.o)
                                0x29a (size before relaxing)
 .debug_str     0x000003c7      0x261 ../cpu_0_bsp//libhal_bsp.a(alt_sys_init.o)
                                0x4e7 (size before relaxing)
 .debug_str     0x00000628       0x84 ../cpu_0_bsp//libhal_bsp.a(altera_avalon_jtag_uart_fd.o)
                                0x4b5 (size before relaxing)
 .debug_str     0x000006ac       0xb9 ../cpu_0_bsp//libhal_bsp.a(altera_avalon_jtag_uart_init.o)
                                0x419 (size before relaxing)
 .debug_str     0x00000765      0x323 ../cpu_0_bsp//libhal_bsp.a(altera_avalon_jtag_uart_ioctl.o)
 .debug_str     0x00000765       0x3e ../cpu_0_bsp//libhal_bsp.a(altera_avalon_jtag_uart_read.o)
                                0x38e (size before relaxing)
 .debug_str     0x000007a3        0x6 ../cpu_0_bsp//libhal_bsp.a(altera_avalon_jtag_uart_write.o)
                                0x38e (size before relaxing)
 .debug_str     0x000007a9       0x3b ../cpu_0_bsp//libhal_bsp.a(alt_alarm_start.o)
                                0x348 (size before relaxing)
 .debug_str     0x000007e4       0x3f ../cpu_0_bsp//libhal_bsp.a(alt_close.o)
                                0x2e5 (size before relaxing)
 .debug_str     0x00000823      0x222 ../cpu_0_bsp//libhal_bsp.a(alt_dcache_flush_all.o)
 .debug_str     0x00000823      0x13e ../cpu_0_bsp//libhal_bsp.a(alt_dev.o)
                                0x43e (size before relaxing)
 .debug_str     0x00000961      0x299 ../cpu_0_bsp//libhal_bsp.a(alt_dev_llist_insert.o)
 .debug_str     0x00000961       0x27 ../cpu_0_bsp//libhal_bsp.a(alt_do_ctors.o)
                                0x1ae (size before relaxing)
 .debug_str     0x00000988       0x2b ../cpu_0_bsp//libhal_bsp.a(alt_do_dtors.o)
                                0x1ad (size before relaxing)
 .debug_str     0x000009b3        0x8 ../cpu_0_bsp//libhal_bsp.a(alt_errno.o)
                                0x21f (size before relaxing)
 .debug_str     0x000009bb       0x11 ../cpu_0_bsp//libhal_bsp.a(alt_icache_flush_all.o)
                                0x23b (size before relaxing)
 .debug_str     0x000009cc       0x94 ../cpu_0_bsp//libhal_bsp.a(alt_iic.o)
                                0x31b (size before relaxing)
 .debug_str     0x00000a60       0x18 ../cpu_0_bsp//libhal_bsp.a(alt_iic_isr_register.o)
                                0x2da (size before relaxing)
 .debug_str     0x00000a78       0x2c ../cpu_0_bsp//libhal_bsp.a(alt_io_redirect.o)
                                0x449 (size before relaxing)
 .debug_str     0x00000aa4       0x18 ../cpu_0_bsp//libhal_bsp.a(alt_irq_entry.o)
                                 0x7d (size before relaxing)
 .debug_str     0x00000abc       0x20 ../cpu_0_bsp//libhal_bsp.a(alt_irq_handler.o)
                                0x269 (size before relaxing)
 .debug_str     0x00000adc       0x12 ../cpu_0_bsp//libhal_bsp.a(alt_irq_vars.o)
                                0x218 (size before relaxing)
 .debug_str     0x00000aee       0x42 ../cpu_0_bsp//libhal_bsp.a(alt_open.o)
                                0x359 (size before relaxing)
 .debug_str     0x00000b30      0x2a2 ../cpu_0_bsp//libhal_bsp.a(alt_release_fd.o)
 .debug_str     0x00000b30       0x37 ../cpu_0_bsp//libhal_bsp.a(alt_tick.o)
                                0x323 (size before relaxing)
 .debug_str     0x00000b67      0x228 ../cpu_0_bsp//libhal_bsp.a(altera_nios2_gen2_irq.o)
 .debug_str     0x00000b67       0x1e ../cpu_0_bsp//libhal_bsp.a(alt_exception_entry.o)
                                 0x83 (size before relaxing)
 .debug_str     0x00000b85        0xe ../cpu_0_bsp//libhal_bsp.a(alt_find_dev.o)
                                0x2c9 (size before relaxing)
 .debug_str     0x00000b93      0x2d6 ../cpu_0_bsp//libhal_bsp.a(alt_find_file.o)
 .debug_str     0x00000b93       0x10 ../cpu_0_bsp//libhal_bsp.a(alt_get_fd.o)
                                0x2e6 (size before relaxing)
 .debug_str     0x00000ba3      0x22c ../cpu_0_bsp//libhal_bsp.a(alt_icache_flush.o)
 .debug_str     0x00000ba3      0x461 ../cpu_0_bsp//libhal_bsp.a(alt_instruction_exception_entry.o)
                                0x66b (size before relaxing)
 .debug_str     0x00001004      0x20e ../cpu_0_bsp//newlib/nios2-elf/lib/libc.a(libc_a-atexit.o)
                                0x2aa (size before relaxing)
 .debug_str     0x00001212       0x26 ../cpu_0_bsp//newlib/nios2-elf/lib/libc.a(libc_a-exit.o)
                                0x295 (size before relaxing)
 .debug_str     0x00001238      0x26d ../cpu_0_bsp//newlib/nios2-elf/lib/libc.a(libc_a-memcmp.o)
 .debug_str     0x00001238       0x27 ../cpu_0_bsp//newlib/nios2-elf/lib/libc.a(libc_a-memcpy.o)
                                0x294 (size before relaxing)
 .debug_str     0x0000125f        0xd ../cpu_0_bsp//newlib/nios2-elf/lib/libc.a(libc_a-strlen.o)
                                0x280 (size before relaxing)
 .debug_str     0x0000126c      0x265 ../cpu_0_bsp//newlib/nios2-elf/lib/libc.a(libc_a-int_errno.o)
 .debug_str     0x0000126c       0x63 ../cpu_0_bsp//newlib/nios2-elf/lib/libc.a(libc_a-__atexit.o)
                                0x313 (size before relaxing)
 .debug_str     0x000012cf       0x27 ../cpu_0_bsp//newlib/nios2-elf/lib/libc.a(libc_a-__call_atexit.o)
                                0x2fd (size before relaxing)
 .debug_str     0x000012f6       0x17 ../cpu_0_bsp//libhal_bsp.a(alt_exit.o)
                                0x22a (size before relaxing)

.debug_loc
 *(.debug_loc)

.debug_macinfo
 *(.debug_macinfo)

.debug_weaknames
 *(.debug_weaknames)

.debug_funcnames
 *(.debug_funcnames)

.debug_typenames
 *(.debug_typenames)

.debug_varnames
 *(.debug_varnames)

.debug_alt_sim_info
                0x00000000       0x30
 *(.debug_alt_sim_info)
 .debug_alt_sim_info
                0x00000000       0x30 ../cpu_0_bsp//obj/HAL/src/crt0.o
                0x00232000                        __alt_data_end = 0x232000
                0x00232000                        PROVIDE (__alt_stack_pointer = __alt_data_end)
                [!provide]                        PROVIDE (__alt_stack_limit = __alt_stack_base)
                [!provide]                        PROVIDE (__alt_heap_start = end)
                [!provide]                        PROVIDE (__alt_heap_limit = 0x232000)
OUTPUT(cpu_0.elf elf32-littlenios2)
LOAD linker stubs

.debug_ranges   0x00000000       0x70
 .debug_ranges  0x00000000       0x20 ../cpu_0_bsp//obj/HAL/src/crt0.o
 .debug_ranges  0x00000020       0x28 ../cpu_0_bsp//libhal_bsp.a(alt_irq_entry.o)
 .debug_ranges  0x00000048       0x28 ../cpu_0_bsp//libhal_bsp.a(alt_exception_entry.o)

.debug_line_str
                0x00000000      0xc6b
 .debug_line_str
                0x00000000       0xac ../cpu_0_bsp//libhal_bsp.a(alt_load.o)
                                0x118 (size before relaxing)
 .debug_line_str
                0x000000ac      0x11f ../cpu_0_bsp//libhal_bsp.a(alt_main.o)
                                0x1f7 (size before relaxing)
 .debug_line_str
                0x000001cb       0x9e ../cpu_0_bsp//libhal_bsp.a(alt_sys_init.o)
                                0x1b1 (size before relaxing)
 .debug_line_str
                0x00000269       0x35 ../cpu_0_bsp//libhal_bsp.a(altera_avalon_jtag_uart_fd.o)
                                0x1c1 (size before relaxing)
 .debug_line_str
                0x0000029e       0x2b ../cpu_0_bsp//libhal_bsp.a(altera_avalon_jtag_uart_init.o)
                                0x1b9 (size before relaxing)
 .debug_line_str
                0x000002c9       0x2c ../cpu_0_bsp//libhal_bsp.a(altera_avalon_jtag_uart_ioctl.o)
                                0x1a3 (size before relaxing)
 .debug_line_str
                0x000002f5       0xa6 ../cpu_0_bsp//libhal_bsp.a(altera_avalon_jtag_uart_read.o)
                                0x28e (size before relaxing)
 .debug_line_str
                0x0000039b       0x2c ../cpu_0_bsp//libhal_bsp.a(altera_avalon_jtag_uart_write.o)
                                0x291 (size before relaxing)
 .debug_line_str
                0x000003c7       0x1a ../cpu_0_bsp//libhal_bsp.a(alt_alarm_start.o)
                                0x153 (size before relaxing)
 .debug_line_str
                0x000003e1       0x20 ../cpu_0_bsp//libhal_bsp.a(alt_close.o)
                                0x1a7 (size before relaxing)
 .debug_line_str
                0x00000401       0x1f ../cpu_0_bsp//libhal_bsp.a(alt_dcache_flush_all.o)
                                0x101 (size before relaxing)
 .debug_line_str
                0x00000420       0xab ../cpu_0_bsp//libhal_bsp.a(alt_dev.o)
                                0x290 (size before relaxing)
 .debug_line_str
                0x000004cb       0x1f ../cpu_0_bsp//libhal_bsp.a(alt_dev_llist_insert.o)
                                0x146 (size before relaxing)
 .debug_line_str
                0x000004ea       0x17 ../cpu_0_bsp//libhal_bsp.a(alt_do_ctors.o)
                                 0xe9 (size before relaxing)
 .debug_line_str
                0x00000501       0x17 ../cpu_0_bsp//libhal_bsp.a(alt_do_dtors.o)
                                 0xe9 (size before relaxing)
 .debug_line_str
                0x00000518       0x14 ../cpu_0_bsp//libhal_bsp.a(alt_errno.o)
                                0x160 (size before relaxing)
 .debug_line_str
                0x0000052c       0x1f ../cpu_0_bsp//libhal_bsp.a(alt_icache_flush_all.o)
                                0x131 (size before relaxing)
 .debug_line_str
                0x0000054b       0x3a ../cpu_0_bsp//libhal_bsp.a(alt_iic.o)
                                0x13f (size before relaxing)
 .debug_line_str
                0x00000585       0x2f ../cpu_0_bsp//libhal_bsp.a(alt_iic_isr_register.o)
                                0x14e (size before relaxing)
 .debug_line_str
                0x000005b4       0x2b ../cpu_0_bsp//libhal_bsp.a(alt_io_redirect.o)
                                0x2b9 (size before relaxing)
 .debug_line_str
                0x000005df       0x1a ../cpu_0_bsp//libhal_bsp.a(alt_irq_handler.o)
                                0x120 (size before relaxing)
 .debug_line_str
                0x000005f9       0x17 ../cpu_0_bsp//libhal_bsp.a(alt_irq_vars.o)
                                 0xff (size before relaxing)
 .debug_line_str
                0x00000610       0x13 ../cpu_0_bsp//libhal_bsp.a(alt_open.o)
                                0x13d (size before relaxing)
 .debug_line_str
                0x00000623       0x19 ../cpu_0_bsp//libhal_bsp.a(alt_release_fd.o)
                                0x143 (size before relaxing)
 .debug_line_str
                0x0000063c       0x13 ../cpu_0_bsp//libhal_bsp.a(alt_tick.o)
                                0x13e (size before relaxing)
 .debug_line_str
                0x0000064f       0x20 ../cpu_0_bsp//libhal_bsp.a(altera_nios2_gen2_irq.o)
                                0x104 (size before relaxing)
 .debug_line_str
                0x0000066f       0x17 ../cpu_0_bsp//libhal_bsp.a(alt_find_dev.o)
                                0x1f8 (size before relaxing)
 .debug_line_str
                0x00000686       0x18 ../cpu_0_bsp//libhal_bsp.a(alt_find_file.o)
                                0x215 (size before relaxing)
 .debug_line_str
                0x0000069e       0x15 ../cpu_0_bsp//libhal_bsp.a(alt_get_fd.o)
                                0x146 (size before relaxing)
 .debug_line_str
                0x000006b3       0x1b ../cpu_0_bsp//libhal_bsp.a(alt_icache_flush.o)
                                0x10b (size before relaxing)
 .debug_line_str
                0x000006ce       0x3b ../cpu_0_bsp//libhal_bsp.a(alt_instruction_exception_entry.o)
                                0x157 (size before relaxing)
 .debug_line_str
                0x00000709      0x195 ../cpu_0_bsp//newlib/nios2-elf/lib/libc.a(libc_a-atexit.o)
                                0x230 (size before relaxing)
 .debug_line_str
                0x0000089e       0xc0 ../cpu_0_bsp//newlib/nios2-elf/lib/libc.a(libc_a-exit.o)
                                0x296 (size before relaxing)
 .debug_line_str
                0x0000095e       0xb5 ../cpu_0_bsp//newlib/nios2-elf/lib/libc.a(libc_a-memcmp.o)
                                0x299 (size before relaxing)
 .debug_line_str
                0x00000a13       0x5f ../cpu_0_bsp//newlib/nios2-elf/lib/libc.a(libc_a-memcpy.o)
                                0x299 (size before relaxing)
 .debug_line_str
                0x00000a72       0x5f ../cpu_0_bsp//newlib/nios2-elf/lib/libc.a(libc_a-strlen.o)
                                0x299 (size before relaxing)
 .debug_line_str
                0x00000ad1       0xb6 ../cpu_0_bsp//newlib/nios2-elf/lib/libc.a(libc_a-int_errno.o)
                                0x1ce (size before relaxing)
 .debug_line_str
                0x00000b87       0x61 ../cpu_0_bsp//newlib/nios2-elf/lib/libc.a(libc_a-__atexit.o)
                                0x239 (size before relaxing)
 .debug_line_str
                0x00000be8       0x66 ../cpu_0_bsp//newlib/nios2-elf/lib/libc.a(libc_a-__call_atexit.o)
                                0x23f (size before relaxing)
 .debug_line_str
                0x00000c4e       0x1d ../cpu_0_bsp//libhal_bsp.a(alt_exit.o)
                                 0xf5 (size before relaxing)

.debug_rnglists
                0x00000000       0xef
 .debug_rnglists
                0x00000000       0x22 ../cpu_0_bsp//libhal_bsp.a(altera_avalon_jtag_uart_init.o)
 .debug_rnglists
                0x00000022       0x16 ../cpu_0_bsp//libhal_bsp.a(altera_avalon_jtag_uart_read.o)
 .debug_rnglists
                0x00000038       0x14 ../cpu_0_bsp//libhal_bsp.a(alt_irq_handler.o)
 .debug_rnglists
                0x0000004c       0x19 ../cpu_0_bsp//libhal_bsp.a(alt_instruction_exception_entry.o)
 .debug_rnglists
                0x00000065       0x13 ../cpu_0_bsp//newlib/nios2-elf/lib/libc.a(libc_a-atexit.o)
 .debug_rnglists
                0x00000078       0x13 ../cpu_0_bsp//newlib/nios2-elf/lib/libc.a(libc_a-exit.o)
 .debug_rnglists
                0x0000008b       0x14 ../cpu_0_bsp//newlib/nios2-elf/lib/libc.a(libc_a-memcmp.o)
 .debug_rnglists
                0x0000009f       0x14 ../cpu_0_bsp//newlib/nios2-elf/lib/libc.a(libc_a-memcpy.o)
 .debug_rnglists
                0x000000b3       0x14 ../cpu_0_bsp//newlib/nios2-elf/lib/libc.a(libc_a-strlen.o)
 .debug_rnglists
                0x000000c7       0x14 ../cpu_0_bsp//newlib/nios2-elf/lib/libc.a(libc_a-__atexit.o)
 .debug_rnglists
                0x000000db       0x14 ../cpu_0_bsp//newlib/nios2-elf/lib/libc.a(libc_a-__call_atexit.o)
